

================================================================
== Vitis HLS Report for 'dense_latency_ap_fixed_16_6_5_3_0_ap_fixed_32_18_5_3_0_config6_s'
================================================================
* Date:           Sat Nov 15 22:41:37 2025

* Version:        2023.1 (Build 3854077 on May  4 2023)
* Project:        myproject_prj
* Solution:       solution1 (Vivado IP Flow Target)
* Product family: zynq
* Target device:  xc7z020-clg400-1


================================================================
== Performance Estimates
================================================================
+ Timing: 
    * Summary: 
    +--------+---------+-----------+------------+
    |  Clock |  Target | Estimated | Uncertainty|
    +--------+---------+-----------+------------+
    |ap_clk  |  0.10 us|  20.503 ns|    27.00 ns|
    +--------+---------+-----------+------------+

+ Latency: 
    * Summary: 
    +---------+---------+----------+----------+-----+-----+---------+
    |  Latency (cycles) |  Latency (absolute) |  Interval | Pipeline|
    |   min   |   max   |    min   |    max   | min | max |   Type  |
    +---------+---------+----------+----------+-----+-----+---------+
    |       30|       30|  3.000 us|  3.000 us|   31|   31|      yes|
    +---------+---------+----------+----------+-----+-----+---------+

    + Detail: 
        * Instance: 
        N/A

        * Loop: 
        N/A



================================================================
== Utilization Estimates
================================================================
* Summary: 
+-----------------+---------+-----+--------+-------+-----+
|       Name      | BRAM_18K| DSP |   FF   |  LUT  | URAM|
+-----------------+---------+-----+--------+-------+-----+
|DSP              |        -|    -|       -|      -|    -|
|Expression       |        -|    -|       0|  14492|    -|
|FIFO             |        -|    -|       -|      -|    -|
|Instance         |        -|   16|       0|     96|    -|
|Memory           |        -|    -|       -|      -|    -|
|Multiplexer      |        -|    -|       -|   4566|    -|
|Register         |        -|    -|    9030|      -|    -|
+-----------------+---------+-----+--------+-------+-----+
|Total            |        0|   16|    9030|  19154|    0|
+-----------------+---------+-----+--------+-------+-----+
|Available        |      280|  220|  106400|  53200|    0|
+-----------------+---------+-----+--------+-------+-----+
|Utilization (%)  |        0|    7|       8|     36|    0|
+-----------------+---------+-----+--------+-------+-----+

+ Detail: 
    * Instance: 
    +-------------------------+--------------------+---------+----+---+----+-----+
    |         Instance        |       Module       | BRAM_18K| DSP| FF| LUT| URAM|
    +-------------------------+--------------------+---------+----+---+----+-----+
    |mul_16s_15s_30_1_1_U380  |mul_16s_15s_30_1_1  |        0|   1|  0|   6|    0|
    |mul_16s_15s_30_1_1_U381  |mul_16s_15s_30_1_1  |        0|   1|  0|   6|    0|
    |mul_16s_15s_30_1_1_U382  |mul_16s_15s_30_1_1  |        0|   1|  0|   6|    0|
    |mul_16s_15s_30_1_1_U383  |mul_16s_15s_30_1_1  |        0|   1|  0|   6|    0|
    |mul_16s_15s_30_1_1_U384  |mul_16s_15s_30_1_1  |        0|   1|  0|   6|    0|
    |mul_16s_15s_30_1_1_U385  |mul_16s_15s_30_1_1  |        0|   1|  0|   6|    0|
    |mul_16s_15s_30_1_1_U386  |mul_16s_15s_30_1_1  |        0|   1|  0|   6|    0|
    |mul_16s_15s_30_1_1_U387  |mul_16s_15s_30_1_1  |        0|   1|  0|   6|    0|
    |mul_16s_15s_30_1_1_U388  |mul_16s_15s_30_1_1  |        0|   1|  0|   6|    0|
    |mul_16s_15s_30_1_1_U389  |mul_16s_15s_30_1_1  |        0|   1|  0|   6|    0|
    |mul_16s_15s_30_1_1_U390  |mul_16s_15s_30_1_1  |        0|   1|  0|   6|    0|
    |mul_16s_15s_30_1_1_U391  |mul_16s_15s_30_1_1  |        0|   1|  0|   6|    0|
    |mul_16s_15s_30_1_1_U392  |mul_16s_15s_30_1_1  |        0|   1|  0|   6|    0|
    |mul_16s_15s_30_1_1_U393  |mul_16s_15s_30_1_1  |        0|   1|  0|   6|    0|
    |mul_16s_15s_30_1_1_U394  |mul_16s_15s_30_1_1  |        0|   1|  0|   6|    0|
    |mul_16s_15s_30_1_1_U395  |mul_16s_15s_30_1_1  |        0|   1|  0|   6|    0|
    +-------------------------+--------------------+---------+----+---+----+-----+
    |Total                    |                    |        0|  16|  0|  96|    0|
    +-------------------------+--------------------+---------+----+---+----+-----+

    * DSP: 
    N/A

    * Memory: 
    N/A

    * FIFO: 
    N/A

    * Expression: 
    +---------------------------+----------+----+---+-----+------------+------------+
    |       Variable Name       | Operation| DSP| FF| LUT | Bitwidth P0| Bitwidth P1|
    +---------------------------+----------+----+---+-----+------------+------------+
    |add_ln58_4815_fu_13281_p2  |         +|   0|  0|   27|          20|          20|
    |add_ln58_4816_fu_13291_p2  |         +|   0|  0|   28|          21|          21|
    |add_ln58_4817_fu_13663_p2  |         +|   0|  0|   28|          21|          21|
    |add_ln58_4818_fu_14037_p2  |         +|   0|  0|   28|          21|          21|
    |add_ln58_4819_fu_14047_p2  |         +|   0|  0|   29|          22|          22|
    |add_ln58_4820_fu_16163_p2  |         +|   0|  0|   23|          23|          23|
    |add_ln58_4821_fu_14875_p2  |         +|   0|  0|   28|          21|          21|
    |add_ln58_4822_fu_15257_p2  |         +|   0|  0|   27|          20|          20|
    |add_ln58_4823_fu_16175_p2  |         +|   0|  0|   22|          22|          22|
    |add_ln58_4824_fu_15722_p2  |         +|   0|  0|   27|          20|          20|
    |add_ln58_4825_fu_16184_p2  |         +|   0|  0|   21|          21|          21|
    |add_ln58_4826_fu_16190_p2  |         +|   0|  0|   21|          21|          21|
    |add_ln58_4827_fu_16200_p2  |         +|   0|  0|   22|          22|          22|
    |add_ln58_4828_fu_16210_p2  |         +|   0|  0|   23|          23|          23|
    |add_ln58_4829_fu_17222_p2  |         +|   0|  0|   27|          20|          20|
    |add_ln58_4830_fu_17407_p2  |         +|   0|  0|   27|          20|          20|
    |add_ln58_4831_fu_17417_p2  |         +|   0|  0|   28|          21|          21|
    |add_ln58_4832_fu_17940_p2  |         +|   0|  0|   27|          20|          20|
    |add_ln58_4833_fu_18143_p2  |         +|   0|  0|   26|          19|          19|
    |add_ln58_4834_fu_18153_p2  |         +|   0|  0|   28|          21|          21|
    |add_ln58_4835_fu_18163_p2  |         +|   0|  0|   29|          22|          22|
    |add_ln58_4836_fu_19012_p2  |         +|   0|  0|   27|          20|          20|
    |add_ln58_4837_fu_19394_p2  |         +|   0|  0|   27|          20|          20|
    |add_ln58_4838_fu_19404_p2  |         +|   0|  0|   28|          21|          21|
    |add_ln58_4839_fu_19959_p2  |         +|   0|  0|   28|          21|          21|
    |add_ln58_4840_fu_20403_p2  |         +|   0|  0|   27|          20|           8|
    |add_ln58_4841_fu_20413_p2  |         +|   0|  0|   28|          21|          21|
    |add_ln58_4842_fu_20423_p2  |         +|   0|  0|   22|          22|          22|
    |add_ln58_4843_fu_20429_p2  |         +|   0|  0|   22|          22|          22|
    |add_ln58_4844_fu_20439_p2  |         +|   0|  0|   30|          23|          23|
    |add_ln58_4845_fu_20449_p2  |         +|   0|  0|   31|          24|          24|
    |add_ln58_4846_fu_13297_p2  |         +|   0|  0|   21|          21|          21|
    |add_ln58_4847_fu_13303_p2  |         +|   0|  0|   27|          20|          20|
    |add_ln58_4848_fu_13313_p2  |         +|   0|  0|   21|          21|          21|
    |add_ln58_4849_fu_14056_p2  |         +|   0|  0|   21|          21|          21|
    |add_ln58_4850_fu_14062_p2  |         +|   0|  0|   27|          20|          20|
    |add_ln58_4851_fu_14072_p2  |         +|   0|  0|   21|          21|          21|
    |add_ln58_4852_fu_14082_p2  |         +|   0|  0|   29|          22|          22|
    |add_ln58_4853_fu_14881_p2  |         +|   0|  0|   27|          20|          20|
    |add_ln58_4854_fu_15266_p2  |         +|   0|  0|   26|          19|          19|
    |add_ln58_4855_fu_15276_p2  |         +|   0|  0|   28|          21|          21|
    |add_ln58_4856_fu_15728_p2  |         +|   0|  0|   27|          20|          20|
    |add_ln58_4857_fu_16225_p2  |         +|   0|  0|   21|          21|          21|
    |add_ln58_4858_fu_16231_p2  |         +|   0|  0|   21|          21|          21|
    |add_ln58_4859_fu_16241_p2  |         +|   0|  0|   29|          22|          22|
    |add_ln58_4860_fu_16251_p2  |         +|   0|  0|   30|          23|          23|
    |add_ln58_4861_fu_17228_p2  |         +|   0|  0|   28|          21|          21|
    |add_ln58_4862_fu_17426_p2  |         +|   0|  0|   28|          21|          21|
    |add_ln58_4863_fu_17436_p2  |         +|   0|  0|   29|          22|          22|
    |add_ln58_4864_fu_17946_p2  |         +|   0|  0|   27|          20|          20|
    |add_ln58_4865_fu_18360_p2  |         +|   0|  0|   27|          20|          20|
    |add_ln58_4866_fu_18370_p2  |         +|   0|  0|   28|          21|          21|
    |add_ln58_4867_fu_18380_p2  |         +|   0|  0|   30|          23|          23|
    |add_ln58_4868_fu_19018_p2  |         +|   0|  0|   27|          20|          20|
    |add_ln58_4869_fu_19413_p2  |         +|   0|  0|   28|          21|          21|
    |add_ln58_4870_fu_19423_p2  |         +|   0|  0|   29|          22|          22|
    |add_ln58_4871_fu_19965_p2  |         +|   0|  0|   28|          21|          21|
    |add_ln58_4872_fu_20194_p2  |         +|   0|  0|   27|          20|           8|
    |add_ln58_4873_fu_20204_p2  |         +|   0|  0|   28|          21|          21|
    |add_ln58_4874_fu_20214_p2  |         +|   0|  0|   29|          22|          22|
    |add_ln58_4875_fu_20224_p2  |         +|   0|  0|   30|          23|          23|
    |add_ln58_4876_fu_20234_p2  |         +|   0|  0|   31|          24|          24|
    |add_ln58_4877_fu_20244_p2  |         +|   0|  0|   32|          25|          25|
    |add_ln58_4878_fu_12975_p2  |         +|   0|  0|   26|          19|          19|
    |add_ln58_4879_fu_13322_p2  |         +|   0|  0|   21|          21|          21|
    |add_ln58_4880_fu_13328_p2  |         +|   0|  0|   21|          21|          21|
    |add_ln58_4881_fu_13804_p2  |         +|   0|  0|   28|          21|          21|
    |add_ln58_4882_fu_14091_p2  |         +|   0|  0|   28|          21|          21|
    |add_ln58_4883_fu_14101_p2  |         +|   0|  0|   29|          22|          22|
    |add_ln58_4884_fu_16263_p2  |         +|   0|  0|   23|          23|          23|
    |add_ln58_4885_fu_14887_p2  |         +|   0|  0|   27|          20|          20|
    |add_ln58_4886_fu_15285_p2  |         +|   0|  0|   21|          21|          21|
    |add_ln58_4887_fu_15291_p2  |         +|   0|  0|   21|          21|          21|
    |add_ln58_4888_fu_15734_p2  |         +|   0|  0|   27|          20|          20|
    |add_ln58_4889_fu_16275_p2  |         +|   0|  0|   27|          20|          20|
    |add_ln58_4890_fu_16285_p2  |         +|   0|  0|   28|          21|          21|
    |add_ln58_4891_fu_16295_p2  |         +|   0|  0|   29|          22|          22|
    |add_ln58_4892_fu_16305_p2  |         +|   0|  0|   23|          23|          23|
    |add_ln58_4893_fu_17234_p2  |         +|   0|  0|   28|          21|          21|
    |add_ln58_4894_fu_17631_p2  |         +|   0|  0|   28|          21|          21|
    |add_ln58_4895_fu_17641_p2  |         +|   0|  0|   29|          22|          22|
    |add_ln58_4896_fu_18169_p2  |         +|   0|  0|   27|          20|          20|
    |add_ln58_4897_fu_18392_p2  |         +|   0|  0|   28|          21|          21|
    |add_ln58_4898_fu_18402_p2  |         +|   0|  0|   29|          22|          22|
    |add_ln58_4899_fu_18412_p2  |         +|   0|  0|   30|          23|          23|
    |add_ln58_4900_fu_19024_p2  |         +|   0|  0|   27|          20|          20|
    |add_ln58_4901_fu_19738_p2  |         +|   0|  0|   28|          21|          21|
    |add_ln58_4902_fu_20467_p2  |         +|   0|  0|   22|          22|          22|
    |add_ln58_4903_fu_19971_p2  |         +|   0|  0|   27|          20|          20|
    |add_ln58_4904_fu_20476_p2  |         +|   0|  0|   28|          21|          10|
    |add_ln58_4905_fu_20482_p2  |         +|   0|  0|   21|          21|          21|
    |add_ln58_4906_fu_20488_p2  |         +|   0|  0|   21|          21|          21|
    |add_ln58_4907_fu_20498_p2  |         +|   0|  0|   22|          22|          22|
    |add_ln58_4908_fu_20508_p2  |         +|   0|  0|   31|          24|          24|
    |add_ln58_4909_fu_20518_p2  |         +|   0|  0|   32|          25|          25|
    |add_ln58_4910_fu_13334_p2  |         +|   0|  0|   21|          21|          21|
    |add_ln58_4911_fu_13340_p2  |         +|   0|  0|   26|          19|          19|
    |add_ln58_4912_fu_13350_p2  |         +|   0|  0|   21|          21|          21|
    |add_ln58_4913_fu_13810_p2  |         +|   0|  0|   28|          21|          21|
    |add_ln58_4914_fu_14113_p2  |         +|   0|  0|   28|          21|          21|
    |add_ln58_4915_fu_14123_p2  |         +|   0|  0|   29|          22|          22|
    |add_ln58_4916_fu_14133_p2  |         +|   0|  0|   30|          23|          23|
    |add_ln58_4917_fu_14893_p2  |         +|   0|  0|   28|          21|          21|
    |add_ln58_4918_fu_15297_p2  |         +|   0|  0|   28|          21|          21|
    |add_ln58_4919_fu_15958_p2  |         +|   0|  0|   22|          22|          22|
    |add_ln58_4920_fu_15964_p2  |         +|   0|  0|   20|          20|          20|
    |add_ln58_4921_fu_15970_p2  |         +|   0|  0|   24|          17|          17|
    |add_ln58_4922_fu_15980_p2  |         +|   0|  0|   20|          20|          20|
    |add_ln58_4923_fu_15990_p2  |         +|   0|  0|   22|          22|          22|
    |add_ln58_4924_fu_16000_p2  |         +|   0|  0|   31|          24|          24|
    |add_ln58_4925_fu_17240_p2  |         +|   0|  0|   27|          20|          20|
    |add_ln58_4926_fu_17650_p2  |         +|   0|  0|   21|          21|          21|
    |add_ln58_4927_fu_17656_p2  |         +|   0|  0|   21|          21|          21|
    |add_ln58_4928_fu_18175_p2  |         +|   0|  0|   28|          21|          21|
    |add_ln58_4929_fu_18579_p2  |         +|   0|  0|   27|          20|          20|
    |add_ln58_4930_fu_18589_p2  |         +|   0|  0|   29|          22|          22|
    |add_ln58_4931_fu_18599_p2  |         +|   0|  0|   30|          23|          23|
    |add_ln58_4932_fu_19030_p2  |         +|   0|  0|   28|          21|          21|
    |add_ln58_4933_fu_19429_p2  |         +|   0|  0|   27|          20|          20|
    |add_ln58_4934_fu_20536_p2  |         +|   0|  0|   22|          22|          22|
    |add_ln58_4935_fu_19977_p2  |         +|   0|  0|   27|          20|          20|
    |add_ln58_4936_fu_20545_p2  |         +|   0|  0|   19|          19|           7|
    |add_ln58_4937_fu_20551_p2  |         +|   0|  0|   19|          19|          19|
    |add_ln58_4938_fu_20561_p2  |         +|   0|  0|   28|          21|          21|
    |add_ln58_4939_fu_20571_p2  |         +|   0|  0|   22|          22|          22|
    |add_ln58_4940_fu_20581_p2  |         +|   0|  0|   31|          24|          24|
    |add_ln58_4941_fu_20591_p2  |         +|   0|  0|   32|          25|          25|
    |add_ln58_4942_fu_12981_p2  |         +|   0|  0|   28|          21|          21|
    |add_ln58_4943_fu_13359_p2  |         +|   0|  0|   28|          21|          21|
    |add_ln58_4944_fu_13369_p2  |         +|   0|  0|   29|          22|          22|
    |add_ln58_4945_fu_13816_p2  |         +|   0|  0|   28|          21|          21|
    |add_ln58_4946_fu_14145_p2  |         +|   0|  0|   28|          21|          21|
    |add_ln58_4947_fu_14155_p2  |         +|   0|  0|   29|          22|          22|
    |add_ln58_4948_fu_14165_p2  |         +|   0|  0|   30|          23|          23|
    |add_ln58_4949_fu_14899_p2  |         +|   0|  0|   27|          20|          20|
    |add_ln58_4950_fu_15306_p2  |         +|   0|  0|   21|          21|          21|
    |add_ln58_4951_fu_15312_p2  |         +|   0|  0|   21|          21|          21|
    |add_ln58_4952_fu_15740_p2  |         +|   0|  0|   27|          20|          20|
    |add_ln58_4953_fu_16320_p2  |         +|   0|  0|   27|          20|          20|
    |add_ln58_4954_fu_16330_p2  |         +|   0|  0|   28|          21|          21|
    |add_ln58_4955_fu_16340_p2  |         +|   0|  0|   29|          22|          22|
    |add_ln58_4956_fu_16350_p2  |         +|   0|  0|   31|          24|          24|
    |add_ln58_4957_fu_17662_p2  |         +|   0|  0|   21|          21|          21|
    |add_ln58_4958_fu_17668_p2  |         +|   0|  0|   27|          20|          20|
    |add_ln58_4959_fu_17678_p2  |         +|   0|  0|   21|          21|          21|
    |add_ln58_4960_fu_18181_p2  |         +|   0|  0|   27|          20|          20|
    |add_ln58_4961_fu_18611_p2  |         +|   0|  0|   21|          21|          21|
    |add_ln58_4962_fu_18617_p2  |         +|   0|  0|   21|          21|          21|
    |add_ln58_4963_fu_18627_p2  |         +|   0|  0|   29|          22|          22|
    |add_ln58_4964_fu_19435_p2  |         +|   0|  0|   21|          21|          21|
    |add_ln58_4965_fu_19441_p2  |         +|   0|  0|   26|          19|          19|
    |add_ln58_4966_fu_19451_p2  |         +|   0|  0|   21|          21|          21|
    |add_ln58_4967_fu_19983_p2  |         +|   0|  0|   28|          21|          21|
    |add_ln58_4968_fu_20609_p2  |         +|   0|  0|   21|          21|           8|
    |add_ln58_4969_fu_20615_p2  |         +|   0|  0|   21|          21|          21|
    |add_ln58_4970_fu_20625_p2  |         +|   0|  0|   29|          22|          22|
    |add_ln58_4971_fu_20635_p2  |         +|   0|  0|   30|          23|          23|
    |add_ln58_4972_fu_20645_p2  |         +|   0|  0|   31|          24|          24|
    |add_ln58_4973_fu_20655_p2  |         +|   0|  0|   32|          25|          25|
    |add_ln58_4974_fu_12987_p2  |         +|   0|  0|   28|          21|          21|
    |add_ln58_4975_fu_13375_p2  |         +|   0|  0|   28|          21|          21|
    |add_ln58_4976_fu_14177_p2  |         +|   0|  0|   22|          22|          22|
    |add_ln58_4977_fu_13822_p2  |         +|   0|  0|   27|          20|          20|
    |add_ln58_4978_fu_14186_p2  |         +|   0|  0|   27|          20|          20|
    |add_ln58_4979_fu_14196_p2  |         +|   0|  0|   28|          21|          21|
    |add_ln58_4980_fu_14206_p2  |         +|   0|  0|   22|          22|          22|
    |add_ln58_4981_fu_14905_p2  |         +|   0|  0|   27|          20|          20|
    |add_ln58_4982_fu_15321_p2  |         +|   0|  0|   27|          20|          20|
    |add_ln58_4983_fu_15331_p2  |         +|   0|  0|   28|          21|          21|
    |add_ln58_4984_fu_15746_p2  |         +|   0|  0|   28|          21|          21|
    |add_ln58_4985_fu_16365_p2  |         +|   0|  0|   28|          21|          21|
    |add_ln58_4986_fu_16375_p2  |         +|   0|  0|   29|          22|          22|
    |add_ln58_4987_fu_16385_p2  |         +|   0|  0|   30|          23|          23|
    |add_ln58_4988_fu_16395_p2  |         +|   0|  0|   31|          24|          24|
    |add_ln58_4989_fu_17246_p2  |         +|   0|  0|   27|          20|          20|
    |add_ln58_4990_fu_17687_p2  |         +|   0|  0|   28|          21|          21|
    |add_ln58_4991_fu_17697_p2  |         +|   0|  0|   29|          22|          22|
    |add_ln58_4992_fu_18187_p2  |         +|   0|  0|   27|          20|          20|
    |add_ln58_4993_fu_18639_p2  |         +|   0|  0|   28|          21|          21|
    |add_ln58_4994_fu_18649_p2  |         +|   0|  0|   29|          22|          22|
    |add_ln58_4995_fu_18659_p2  |         +|   0|  0|   30|          23|          23|
    |add_ln58_4996_fu_19207_p2  |         +|   0|  0|   28|          21|          21|
    |add_ln58_4997_fu_19460_p2  |         +|   0|  0|   27|          20|          20|
    |add_ln58_4998_fu_19470_p2  |         +|   0|  0|   29|          22|          22|
    |add_ln58_4999_fu_19989_p2  |         +|   0|  0|   28|          21|          21|
    |add_ln58_5000_fu_20673_p2  |         +|   0|  0|   21|          21|           8|
    |add_ln58_5001_fu_20679_p2  |         +|   0|  0|   21|          21|          21|
    |add_ln58_5002_fu_20689_p2  |         +|   0|  0|   29|          22|          22|
    |add_ln58_5003_fu_20699_p2  |         +|   0|  0|   30|          23|          23|
    |add_ln58_5004_fu_20709_p2  |         +|   0|  0|   31|          24|          24|
    |add_ln58_5005_fu_20719_p2  |         +|   0|  0|   32|          25|          25|
    |add_ln58_5006_fu_12993_p2  |         +|   0|  0|   27|          20|          20|
    |add_ln58_5007_fu_13384_p2  |         +|   0|  0|   21|          21|          21|
    |add_ln58_5008_fu_13390_p2  |         +|   0|  0|   21|          21|          21|
    |add_ln58_5009_fu_13828_p2  |         +|   0|  0|   26|          19|          19|
    |add_ln58_5010_fu_14218_p2  |         +|   0|  0|   21|          21|          21|
    |add_ln58_5011_fu_14224_p2  |         +|   0|  0|   21|          21|          21|
    |add_ln58_5012_fu_14234_p2  |         +|   0|  0|   29|          22|          22|
    |add_ln58_5013_fu_14911_p2  |         +|   0|  0|   28|          21|          21|
    |add_ln58_5014_fu_15340_p2  |         +|   0|  0|   28|          21|          21|
    |add_ln58_5015_fu_15350_p2  |         +|   0|  0|   29|          22|          22|
    |add_ln58_5016_fu_15752_p2  |         +|   0|  0|   27|          20|          20|
    |add_ln58_5017_fu_16410_p2  |         +|   0|  0|   21|          21|          21|
    |add_ln58_5018_fu_16416_p2  |         +|   0|  0|   21|          21|          21|
    |add_ln58_5019_fu_16426_p2  |         +|   0|  0|   30|          23|          23|
    |add_ln58_5020_fu_16436_p2  |         +|   0|  0|   31|          24|          24|
    |add_ln58_5021_fu_17252_p2  |         +|   0|  0|   28|          21|          21|
    |add_ln58_5022_fu_17706_p2  |         +|   0|  0|   28|          21|          21|
    |add_ln58_5023_fu_17716_p2  |         +|   0|  0|   29|          22|          22|
    |add_ln58_5024_fu_18193_p2  |         +|   0|  0|   27|          20|          20|
    |add_ln58_5025_fu_18671_p2  |         +|   0|  0|   21|          21|          21|
    |add_ln58_5026_fu_18677_p2  |         +|   0|  0|   21|          21|          21|
    |add_ln58_5027_fu_18687_p2  |         +|   0|  0|   30|          23|          23|
    |add_ln58_5028_fu_19213_p2  |         +|   0|  0|   26|          19|          19|
    |add_ln58_5029_fu_19479_p2  |         +|   0|  0|   21|          21|          21|
    |add_ln58_5030_fu_19485_p2  |         +|   0|  0|   21|          21|          21|
    |add_ln58_5031_fu_19995_p2  |         +|   0|  0|   27|          20|          20|
    |add_ln58_5032_fu_20737_p2  |         +|   0|  0|   28|          21|          10|
    |add_ln58_5033_fu_20747_p2  |         +|   0|  0|   22|          22|          22|
    |add_ln58_5034_fu_20753_p2  |         +|   0|  0|   22|          22|          22|
    |add_ln58_5035_fu_20763_p2  |         +|   0|  0|   30|          23|          23|
    |add_ln58_5036_fu_20773_p2  |         +|   0|  0|   31|          24|          24|
    |add_ln58_5037_fu_20783_p2  |         +|   0|  0|   32|          25|          25|
    |add_ln58_5038_fu_12999_p2  |         +|   0|  0|   28|          21|          21|
    |add_ln58_5039_fu_13399_p2  |         +|   0|  0|   28|          21|          21|
    |add_ln58_5040_fu_13409_p2  |         +|   0|  0|   29|          22|          22|
    |add_ln58_5041_fu_13834_p2  |         +|   0|  0|   28|          21|          21|
    |add_ln58_5042_fu_14456_p2  |         +|   0|  0|   28|          21|          21|
    |add_ln58_5043_fu_14466_p2  |         +|   0|  0|   29|          22|          22|
    |add_ln58_5044_fu_14476_p2  |         +|   0|  0|   30|          23|          23|
    |add_ln58_5045_fu_14917_p2  |         +|   0|  0|   28|          21|          21|
    |add_ln58_5046_fu_15356_p2  |         +|   0|  0|   27|          20|          20|
    |add_ln58_5047_fu_16451_p2  |         +|   0|  0|   22|          22|          22|
    |add_ln58_5048_fu_16457_p2  |         +|   0|  0|   21|          21|          21|
    |add_ln58_5049_fu_16463_p2  |         +|   0|  0|   27|          20|          20|
    |add_ln58_5050_fu_16473_p2  |         +|   0|  0|   21|          21|          21|
    |add_ln58_5051_fu_16483_p2  |         +|   0|  0|   22|          22|          22|
    |add_ln58_5052_fu_16493_p2  |         +|   0|  0|   31|          24|          24|
    |add_ln58_5053_fu_17722_p2  |         +|   0|  0|   21|          21|          21|
    |add_ln58_5054_fu_17728_p2  |         +|   0|  0|   27|          20|          20|
    |add_ln58_5055_fu_17738_p2  |         +|   0|  0|   21|          21|          21|
    |add_ln58_5056_fu_18199_p2  |         +|   0|  0|   28|          21|          21|
    |add_ln58_5057_fu_18699_p2  |         +|   0|  0|   28|          21|          21|
    |add_ln58_5058_fu_18709_p2  |         +|   0|  0|   29|          22|          22|
    |add_ln58_5059_fu_18719_p2  |         +|   0|  0|   30|          23|          23|
    |add_ln58_5060_fu_19219_p2  |         +|   0|  0|   27|          20|          20|
    |add_ln58_5061_fu_19494_p2  |         +|   0|  0|   28|          21|          21|
    |add_ln58_5062_fu_19504_p2  |         +|   0|  0|   29|          22|          22|
    |add_ln58_5063_fu_20001_p2  |         +|   0|  0|   28|          21|          21|
    |add_ln58_5064_fu_20801_p2  |         +|   0|  0|   26|          19|          10|
    |add_ln58_5065_fu_20811_p2  |         +|   0|  0|   28|          21|          21|
    |add_ln58_5066_fu_20821_p2  |         +|   0|  0|   29|          22|          22|
    |add_ln58_5067_fu_20831_p2  |         +|   0|  0|   30|          23|          23|
    |add_ln58_5068_fu_20841_p2  |         +|   0|  0|   31|          24|          24|
    |add_ln58_5069_fu_20851_p2  |         +|   0|  0|   32|          25|          25|
    |add_ln58_5070_fu_13005_p2  |         +|   0|  0|   28|          21|          21|
    |add_ln58_5071_fu_13418_p2  |         +|   0|  0|   28|          21|          21|
    |add_ln58_5072_fu_13428_p2  |         +|   0|  0|   29|          22|          22|
    |add_ln58_5073_fu_13840_p2  |         +|   0|  0|   27|          20|          20|
    |add_ln58_5074_fu_14488_p2  |         +|   0|  0|   28|          21|          21|
    |add_ln58_5075_fu_14498_p2  |         +|   0|  0|   29|          22|          22|
    |add_ln58_5076_fu_14508_p2  |         +|   0|  0|   30|          23|          23|
    |add_ln58_5077_fu_15096_p2  |         +|   0|  0|   27|          20|          20|
    |add_ln58_5078_fu_15362_p2  |         +|   0|  0|   28|          21|          21|
    |add_ln58_5079_fu_16508_p2  |         +|   0|  0|   22|          22|          22|
    |add_ln58_5080_fu_15758_p2  |         +|   0|  0|   27|          20|          20|
    |add_ln58_5081_fu_16517_p2  |         +|   0|  0|   27|          20|          20|
    |add_ln58_5082_fu_16527_p2  |         +|   0|  0|   28|          21|          21|
    |add_ln58_5083_fu_16537_p2  |         +|   0|  0|   22|          22|          22|
    |add_ln58_5084_fu_16547_p2  |         +|   0|  0|   31|          24|          24|
    |add_ln58_5085_fu_17258_p2  |         +|   0|  0|   27|          20|          20|
    |add_ln58_5086_fu_17747_p2  |         +|   0|  0|   26|          19|          19|
    |add_ln58_5087_fu_17757_p2  |         +|   0|  0|   28|          21|          21|
    |add_ln58_5088_fu_18205_p2  |         +|   0|  0|   28|          21|          21|
    |add_ln58_5089_fu_18731_p2  |         +|   0|  0|   28|          21|          21|
    |add_ln58_5090_fu_18741_p2  |         +|   0|  0|   22|          22|          22|
    |add_ln58_5091_fu_18747_p2  |         +|   0|  0|   22|          22|          22|
    |add_ln58_5092_fu_19225_p2  |         +|   0|  0|   27|          20|          20|
    |add_ln58_5093_fu_19513_p2  |         +|   0|  0|   28|          21|          21|
    |add_ln58_5094_fu_19523_p2  |         +|   0|  0|   29|          22|          22|
    |add_ln58_5095_fu_20250_p2  |         +|   0|  0|   28|          21|          21|
    |add_ln58_5096_fu_20869_p2  |         +|   0|  0|   21|          21|           9|
    |add_ln58_5097_fu_20875_p2  |         +|   0|  0|   21|          21|          21|
    |add_ln58_5098_fu_20885_p2  |         +|   0|  0|   29|          22|          22|
    |add_ln58_5099_fu_20895_p2  |         +|   0|  0|   30|          23|          23|
    |add_ln58_5100_fu_20905_p2  |         +|   0|  0|   31|          24|          24|
    |add_ln58_5101_fu_20915_p2  |         +|   0|  0|   32|          25|          25|
    |add_ln58_5102_fu_13011_p2  |         +|   0|  0|   27|          20|          20|
    |add_ln58_5103_fu_13437_p2  |         +|   0|  0|   28|          21|          21|
    |add_ln58_5104_fu_13447_p2  |         +|   0|  0|   29|          22|          22|
    |add_ln58_5105_fu_13846_p2  |         +|   0|  0|   27|          20|          20|
    |add_ln58_5106_fu_14520_p2  |         +|   0|  0|   28|          21|          21|
    |add_ln58_5107_fu_14530_p2  |         +|   0|  0|   29|          22|          22|
    |add_ln58_5108_fu_14540_p2  |         +|   0|  0|   30|          23|          23|
    |add_ln58_5109_fu_15102_p2  |         +|   0|  0|   28|          21|          21|
    |add_ln58_5110_fu_15368_p2  |         +|   0|  0|   28|          21|          21|
    |add_ln58_5111_fu_16562_p2  |         +|   0|  0|   22|          22|          22|
    |add_ln58_5112_fu_15764_p2  |         +|   0|  0|   27|          20|          20|
    |add_ln58_5113_fu_16571_p2  |         +|   0|  0|   27|          20|          20|
    |add_ln58_5114_fu_16581_p2  |         +|   0|  0|   28|          21|          21|
    |add_ln58_5115_fu_16591_p2  |         +|   0|  0|   22|          22|          22|
    |add_ln58_5116_fu_16601_p2  |         +|   0|  0|   31|          24|          24|
    |add_ln58_5117_fu_17264_p2  |         +|   0|  0|   28|          21|          21|
    |add_ln58_5118_fu_17766_p2  |         +|   0|  0|   28|          21|          21|
    |add_ln58_5119_fu_17776_p2  |         +|   0|  0|   29|          22|          22|
    |add_ln58_5120_fu_18211_p2  |         +|   0|  0|   26|          19|          19|
    |add_ln58_5121_fu_18756_p2  |         +|   0|  0|   21|          21|          21|
    |add_ln58_5122_fu_18762_p2  |         +|   0|  0|   21|          21|          21|
    |add_ln58_5123_fu_20930_p2  |         +|   0|  0|   23|          23|          23|
    |add_ln58_5124_fu_19231_p2  |         +|   0|  0|   27|          20|          20|
    |add_ln58_5125_fu_19747_p2  |         +|   0|  0|   27|          20|          20|
    |add_ln58_5126_fu_19757_p2  |         +|   0|  0|   28|          21|          21|
    |add_ln58_5127_fu_20007_p2  |         +|   0|  0|   27|          20|          20|
    |add_ln58_5128_fu_20942_p2  |         +|   0|  0|   27|          20|           5|
    |add_ln58_5129_fu_20952_p2  |         +|   0|  0|   21|          21|          21|
    |add_ln58_5130_fu_20958_p2  |         +|   0|  0|   21|          21|          21|
    |add_ln58_5131_fu_20968_p2  |         +|   0|  0|   29|          22|          22|
    |add_ln58_5132_fu_20978_p2  |         +|   0|  0|   23|          23|          23|
    |add_ln58_5133_fu_20988_p2  |         +|   0|  0|   32|          25|          25|
    |add_ln58_5134_fu_13017_p2  |         +|   0|  0|   27|          20|          20|
    |add_ln58_5135_fu_13456_p2  |         +|   0|  0|   21|          21|          21|
    |add_ln58_5136_fu_13462_p2  |         +|   0|  0|   21|          21|          21|
    |add_ln58_5137_fu_14549_p2  |         +|   0|  0|   20|          20|          20|
    |add_ln58_5138_fu_14555_p2  |         +|   0|  0|   25|          18|          18|
    |add_ln58_5139_fu_14565_p2  |         +|   0|  0|   20|          20|          20|
    |add_ln58_5140_fu_14575_p2  |         +|   0|  0|   29|          22|          22|
    |add_ln58_5141_fu_15108_p2  |         +|   0|  0|   27|          20|          20|
    |add_ln58_5142_fu_15472_p2  |         +|   0|  0|   27|          20|          20|
    |add_ln58_5143_fu_15482_p2  |         +|   0|  0|   28|          21|          21|
    |add_ln58_5144_fu_15770_p2  |         +|   0|  0|   26|          19|          19|
    |add_ln58_5145_fu_16616_p2  |         +|   0|  0|   27|          20|          20|
    |add_ln58_5146_fu_16626_p2  |         +|   0|  0|   28|          21|          21|
    |add_ln58_5147_fu_16636_p2  |         +|   0|  0|   29|          22|          22|
    |add_ln58_5148_fu_16646_p2  |         +|   0|  0|   30|          23|          23|
    |add_ln58_5149_fu_17270_p2  |         +|   0|  0|   28|          21|          21|
    |add_ln58_5150_fu_17785_p2  |         +|   0|  0|   28|          21|          21|
    |add_ln58_5151_fu_17795_p2  |         +|   0|  0|   29|          22|          22|
    |add_ln58_5152_fu_18217_p2  |         +|   0|  0|   28|          21|          21|
    |add_ln58_5153_fu_18771_p2  |         +|   0|  0|   27|          20|          20|
    |add_ln58_5154_fu_18781_p2  |         +|   0|  0|   29|          22|          22|
    |add_ln58_5155_fu_21003_p2  |         +|   0|  0|   23|          23|          23|
    |add_ln58_5156_fu_19763_p2  |         +|   0|  0|   21|          21|          21|
    |add_ln58_5157_fu_19769_p2  |         +|   0|  0|   26|          19|          19|
    |add_ln58_5158_fu_19779_p2  |         +|   0|  0|   21|          21|          21|
    |add_ln58_5159_fu_20256_p2  |         +|   0|  0|   27|          20|          20|
    |add_ln58_5160_fu_21015_p2  |         +|   0|  0|   27|          20|          10|
    |add_ln58_5161_fu_21025_p2  |         +|   0|  0|   21|          21|          21|
    |add_ln58_5162_fu_21031_p2  |         +|   0|  0|   21|          21|          21|
    |add_ln58_5163_fu_21041_p2  |         +|   0|  0|   29|          22|          22|
    |add_ln58_5164_fu_21051_p2  |         +|   0|  0|   23|          23|          23|
    |add_ln58_5165_fu_21061_p2  |         +|   0|  0|   31|          24|          24|
    |add_ln58_5166_fu_13023_p2  |         +|   0|  0|   28|          21|          21|
    |add_ln58_5167_fu_13471_p2  |         +|   0|  0|   28|          21|          21|
    |add_ln58_5168_fu_13481_p2  |         +|   0|  0|   29|          22|          22|
    |add_ln58_5169_fu_13852_p2  |         +|   0|  0|   27|          20|          20|
    |add_ln58_5170_fu_14587_p2  |         +|   0|  0|   21|          21|          21|
    |add_ln58_5171_fu_14593_p2  |         +|   0|  0|   21|          21|          21|
    |add_ln58_5172_fu_14603_p2  |         +|   0|  0|   30|          23|          23|
    |add_ln58_5173_fu_15114_p2  |         +|   0|  0|   27|          20|          20|
    |add_ln58_5174_fu_15491_p2  |         +|   0|  0|   26|          19|          19|
    |add_ln58_5175_fu_15501_p2  |         +|   0|  0|   28|          21|          21|
    |add_ln58_5176_fu_16006_p2  |         +|   0|  0|   28|          21|          21|
    |add_ln58_5177_fu_16658_p2  |         +|   0|  0|   28|          21|          21|
    |add_ln58_5178_fu_16668_p2  |         +|   0|  0|   29|          22|          22|
    |add_ln58_5179_fu_16678_p2  |         +|   0|  0|   30|          23|          23|
    |add_ln58_5180_fu_21146_p2  |         +|   0|  0|   24|          24|          24|
    |add_ln58_5181_fu_17276_p2  |         +|   0|  0|   27|          20|          20|
    |add_ln58_5182_fu_17804_p2  |         +|   0|  0|   21|          21|          21|
    |add_ln58_5183_fu_17810_p2  |         +|   0|  0|   21|          21|          21|
    |add_ln58_5184_fu_18223_p2  |         +|   0|  0|   27|          20|          20|
    |add_ln58_5185_fu_18793_p2  |         +|   0|  0|   27|          20|          20|
    |add_ln58_5186_fu_18803_p2  |         +|   0|  0|   28|          21|          21|
    |add_ln58_5187_fu_18813_p2  |         +|   0|  0|   29|          22|          22|
    |add_ln58_5188_fu_19237_p2  |         +|   0|  0|   23|          16|          16|
    |add_ln58_5189_fu_19788_p2  |         +|   0|  0|   20|          20|          20|
    |add_ln58_5190_fu_19794_p2  |         +|   0|  0|   20|          20|          20|
    |add_ln58_5191_fu_20262_p2  |         +|   0|  0|   27|          20|          20|
    |add_ln58_5192_fu_21161_p2  |         +|   0|  0|   28|          21|          10|
    |add_ln58_5193_fu_21167_p2  |         +|   0|  0|   21|          21|          21|
    |add_ln58_5194_fu_21173_p2  |         +|   0|  0|   21|          21|          21|
    |add_ln58_5195_fu_21183_p2  |         +|   0|  0|   29|          22|          22|
    |add_ln58_5196_fu_21193_p2  |         +|   0|  0|   30|          23|          23|
    |add_ln58_5197_fu_21203_p2  |         +|   0|  0|   24|          24|          24|
    |add_ln58_5198_fu_13029_p2  |         +|   0|  0|   27|          20|          20|
    |add_ln58_5199_fu_13490_p2  |         +|   0|  0|   26|          19|          19|
    |add_ln58_5200_fu_13500_p2  |         +|   0|  0|   28|          21|          21|
    |add_ln58_5201_fu_13858_p2  |         +|   0|  0|   25|          18|          18|
    |add_ln58_5202_fu_14615_p2  |         +|   0|  0|   21|          21|          21|
    |add_ln58_5203_fu_14621_p2  |         +|   0|  0|   21|          21|          21|
    |add_ln58_5204_fu_14631_p2  |         +|   0|  0|   29|          22|          22|
    |add_ln58_5205_fu_15120_p2  |         +|   0|  0|   20|          15|          15|
    |add_ln58_5206_fu_15510_p2  |         +|   0|  0|   28|          21|          21|
    |add_ln58_5207_fu_15520_p2  |         +|   0|  0|   29|          22|          22|
    |add_ln58_5208_fu_16012_p2  |         +|   0|  0|   28|          21|          21|
    |add_ln58_5209_fu_16693_p2  |         +|   0|  0|   27|          20|          20|
    |add_ln58_5210_fu_16703_p2  |         +|   0|  0|   29|          22|          22|
    |add_ln58_5211_fu_16713_p2  |         +|   0|  0|   23|          23|          23|
    |add_ln58_5212_fu_16719_p2  |         +|   0|  0|   23|          23|          23|
    |add_ln58_5213_fu_17282_p2  |         +|   0|  0|   25|          18|          18|
    |add_ln58_5214_fu_17819_p2  |         +|   0|  0|   20|          20|          20|
    |add_ln58_5215_fu_17825_p2  |         +|   0|  0|   20|          20|          20|
    |add_ln58_5216_fu_18229_p2  |         +|   0|  0|   28|          21|          21|
    |add_ln58_5217_fu_18424_p2  |         +|   0|  0|   28|          21|          21|
    |add_ln58_5218_fu_18434_p2  |         +|   0|  0|   22|          22|          22|
    |add_ln58_5219_fu_18440_p2  |         +|   0|  0|   22|          22|          22|
    |add_ln58_5220_fu_19243_p2  |         +|   0|  0|   27|          20|          20|
    |add_ln58_5221_fu_19800_p2  |         +|   0|  0|   28|          21|          21|
    |add_ln58_5222_fu_21225_p2  |         +|   0|  0|   22|          22|          22|
    |add_ln58_5223_fu_20268_p2  |         +|   0|  0|   27|          20|          20|
    |add_ln58_5224_fu_21234_p2  |         +|   0|  0|   26|          19|           9|
    |add_ln58_5225_fu_21244_p2  |         +|   0|  0|   21|          21|          21|
    |add_ln58_5226_fu_21250_p2  |         +|   0|  0|   21|          21|          21|
    |add_ln58_5227_fu_21260_p2  |         +|   0|  0|   22|          22|          22|
    |add_ln58_5228_fu_21270_p2  |         +|   0|  0|   30|          23|          23|
    |add_ln58_5229_fu_21280_p2  |         +|   0|  0|   31|          24|          24|
    |add_ln58_5230_fu_13035_p2  |         +|   0|  0|   28|          21|          21|
    |add_ln58_5231_fu_13509_p2  |         +|   0|  0|   28|          21|          21|
    |add_ln58_5232_fu_13519_p2  |         +|   0|  0|   29|          22|          22|
    |add_ln58_5233_fu_13864_p2  |         +|   0|  0|   28|          21|          21|
    |add_ln58_5234_fu_14643_p2  |         +|   0|  0|   27|          20|          20|
    |add_ln58_5235_fu_14653_p2  |         +|   0|  0|   29|          22|          22|
    |add_ln58_5236_fu_14663_p2  |         +|   0|  0|   30|          23|          23|
    |add_ln58_5237_fu_15126_p2  |         +|   0|  0|   28|          21|          21|
    |add_ln58_5238_fu_15529_p2  |         +|   0|  0|   28|          21|          21|
    |add_ln58_5239_fu_15539_p2  |         +|   0|  0|   29|          22|          22|
    |add_ln58_5240_fu_16018_p2  |         +|   0|  0|   28|          21|          21|
    |add_ln58_5241_fu_16800_p2  |         +|   0|  0|   28|          21|          21|
    |add_ln58_5242_fu_16810_p2  |         +|   0|  0|   29|          22|          22|
    |add_ln58_5243_fu_16820_p2  |         +|   0|  0|   30|          23|          23|
    |add_ln58_5244_fu_16830_p2  |         +|   0|  0|   31|          24|          24|
    |add_ln58_5245_fu_17288_p2  |         +|   0|  0|   27|          20|          20|
    |add_ln58_5246_fu_17834_p2  |         +|   0|  0|   27|          20|          20|
    |add_ln58_5247_fu_17844_p2  |         +|   0|  0|   28|          21|          21|
    |add_ln58_5248_fu_18235_p2  |         +|   0|  0|   27|          20|          20|
    |add_ln58_5249_fu_18825_p2  |         +|   0|  0|   27|          20|          20|
    |add_ln58_5250_fu_18835_p2  |         +|   0|  0|   28|          21|          21|
    |add_ln58_5251_fu_18845_p2  |         +|   0|  0|   29|          22|          22|
    |add_ln58_5252_fu_19249_p2  |         +|   0|  0|   28|          21|          21|
    |add_ln58_5253_fu_19809_p2  |         +|   0|  0|   27|          20|          20|
    |add_ln58_5254_fu_19819_p2  |         +|   0|  0|   29|          22|          22|
    |add_ln58_5255_fu_20274_p2  |         +|   0|  0|   28|          21|          21|
    |add_ln58_5256_fu_21302_p2  |         +|   0|  0|   20|          20|           9|
    |add_ln58_5257_fu_21308_p2  |         +|   0|  0|   20|          20|          20|
    |add_ln58_5258_fu_21318_p2  |         +|   0|  0|   29|          22|          22|
    |add_ln58_5259_fu_21328_p2  |         +|   0|  0|   30|          23|          23|
    |add_ln58_5260_fu_21338_p2  |         +|   0|  0|   31|          24|          24|
    |add_ln58_5261_fu_21348_p2  |         +|   0|  0|   32|          25|          25|
    |add_ln58_5262_fu_13041_p2  |         +|   0|  0|   28|          21|          21|
    |add_ln58_5263_fu_13528_p2  |         +|   0|  0|   28|          21|          21|
    |add_ln58_5264_fu_13538_p2  |         +|   0|  0|   29|          22|          22|
    |add_ln58_5265_fu_13870_p2  |         +|   0|  0|   28|          21|          21|
    |add_ln58_5266_fu_14675_p2  |         +|   0|  0|   28|          21|          21|
    |add_ln58_5267_fu_14685_p2  |         +|   0|  0|   29|          22|          22|
    |add_ln58_5268_fu_14695_p2  |         +|   0|  0|   30|          23|          23|
    |add_ln58_5269_fu_15545_p2  |         +|   0|  0|   21|          21|          21|
    |add_ln58_5270_fu_15551_p2  |         +|   0|  0|   27|          20|          20|
    |add_ln58_5271_fu_15561_p2  |         +|   0|  0|   21|          21|          21|
    |add_ln58_5272_fu_16024_p2  |         +|   0|  0|   28|          21|          21|
    |add_ln58_5273_fu_16845_p2  |         +|   0|  0|   27|          20|          20|
    |add_ln58_5274_fu_16855_p2  |         +|   0|  0|   29|          22|          22|
    |add_ln58_5275_fu_16865_p2  |         +|   0|  0|   30|          23|          23|
    |add_ln58_5276_fu_16875_p2  |         +|   0|  0|   31|          24|          24|
    |add_ln58_5277_fu_17294_p2  |         +|   0|  0|   27|          20|          20|
    |add_ln58_5278_fu_17853_p2  |         +|   0|  0|   27|          20|          20|
    |add_ln58_5279_fu_17863_p2  |         +|   0|  0|   28|          21|          21|
    |add_ln58_5280_fu_18241_p2  |         +|   0|  0|   27|          20|          20|
    |add_ln58_5281_fu_18857_p2  |         +|   0|  0|   21|          21|          21|
    |add_ln58_5282_fu_18863_p2  |         +|   0|  0|   21|          21|          21|
    |add_ln58_5283_fu_18873_p2  |         +|   0|  0|   29|          22|          22|
    |add_ln58_5284_fu_19255_p2  |         +|   0|  0|   28|          21|          21|
    |add_ln58_5285_fu_19828_p2  |         +|   0|  0|   27|          20|          20|
    |add_ln58_5286_fu_19838_p2  |         +|   0|  0|   29|          22|          22|
    |add_ln58_5287_fu_20280_p2  |         +|   0|  0|   26|          19|          19|
    |add_ln58_5288_fu_21370_p2  |         +|   0|  0|   27|          20|          10|
    |add_ln58_5289_fu_21380_p2  |         +|   0|  0|   21|          21|          21|
    |add_ln58_5290_fu_21386_p2  |         +|   0|  0|   21|          21|          21|
    |add_ln58_5291_fu_21396_p2  |         +|   0|  0|   23|          23|          23|
    |add_ln58_5292_fu_21402_p2  |         +|   0|  0|   23|          23|          23|
    |add_ln58_5293_fu_21412_p2  |         +|   0|  0|   32|          25|          25|
    |add_ln58_5294_fu_13047_p2  |         +|   0|  0|   27|          20|          20|
    |add_ln58_5295_fu_13547_p2  |         +|   0|  0|   28|          21|          21|
    |add_ln58_5296_fu_13557_p2  |         +|   0|  0|   29|          22|          22|
    |add_ln58_5297_fu_13876_p2  |         +|   0|  0|   28|          21|          21|
    |add_ln58_5298_fu_14707_p2  |         +|   0|  0|   28|          21|          21|
    |add_ln58_5299_fu_14717_p2  |         +|   0|  0|   29|          22|          22|
    |add_ln58_5300_fu_14727_p2  |         +|   0|  0|   30|          23|          23|
    |add_ln58_5301_fu_15132_p2  |         +|   0|  0|   25|          18|          18|
    |add_ln58_5302_fu_15570_p2  |         +|   0|  0|   27|          20|          20|
    |add_ln58_5303_fu_15580_p2  |         +|   0|  0|   28|          21|          21|
    |add_ln58_5304_fu_16030_p2  |         +|   0|  0|   28|          21|          21|
    |add_ln58_5305_fu_16890_p2  |         +|   0|  0|   28|          21|          21|
    |add_ln58_5306_fu_16900_p2  |         +|   0|  0|   29|          22|          22|
    |add_ln58_5307_fu_16910_p2  |         +|   0|  0|   30|          23|          23|
    |add_ln58_5308_fu_16920_p2  |         +|   0|  0|   31|          24|          24|
    |add_ln58_5309_fu_17300_p2  |         +|   0|  0|   27|          20|          20|
    |add_ln58_5310_fu_17872_p2  |         +|   0|  0|   28|          21|          21|
    |add_ln58_5311_fu_17882_p2  |         +|   0|  0|   29|          22|          22|
    |add_ln58_5312_fu_18247_p2  |         +|   0|  0|   28|          21|          21|
    |add_ln58_5313_fu_18885_p2  |         +|   0|  0|   27|          20|          20|
    |add_ln58_5314_fu_18895_p2  |         +|   0|  0|   29|          22|          22|
    |add_ln58_5315_fu_18905_p2  |         +|   0|  0|   30|          23|          23|
    |add_ln58_5316_fu_19261_p2  |         +|   0|  0|   27|          20|          20|
    |add_ln58_5317_fu_19844_p2  |         +|   0|  0|   28|          21|          21|
    |add_ln58_5318_fu_21434_p2  |         +|   0|  0|   22|          22|          22|
    |add_ln58_5319_fu_20286_p2  |         +|   0|  0|   26|          19|          19|
    |add_ln58_5320_fu_21443_p2  |         +|   0|  0|   26|          19|           4|
    |add_ln58_5321_fu_21453_p2  |         +|   0|  0|   21|          21|          21|
    |add_ln58_5322_fu_21459_p2  |         +|   0|  0|   21|          21|          21|
    |add_ln58_5323_fu_21469_p2  |         +|   0|  0|   22|          22|          22|
    |add_ln58_5324_fu_21479_p2  |         +|   0|  0|   31|          24|          24|
    |add_ln58_5325_fu_21489_p2  |         +|   0|  0|   32|          25|          25|
    |add_ln58_fu_12969_p2       |         +|   0|  0|   27|          20|          20|
    |add_ln73_31_fu_14366_p2    |         +|   0|  0|   33|          26|          26|
    |add_ln73_32_fu_13962_p2    |         +|   0|  0|   32|          25|          25|
    |add_ln73_33_fu_15050_p2    |         +|   0|  0|   34|          27|          27|
    |add_ln73_34_fu_15612_p2    |         +|   0|  0|   33|          26|          26|
    |add_ln73_35_fu_15929_p2    |         +|   0|  0|   32|          25|          25|
    |add_ln73_36_fu_17039_p2    |         +|   0|  0|   33|          26|          26|
    |add_ln73_37_fu_17157_p2    |         +|   0|  0|   34|          27|          27|
    |add_ln73_38_fu_19619_p2    |         +|   0|  0|   31|          24|          24|
    |add_ln73_39_fu_20162_p2    |         +|   0|  0|   36|          29|          29|
    |add_ln73_fu_14285_p2       |         +|   0|  0|   31|          24|          24|
    |sub_ln73_165_fu_13633_p2   |         -|   0|  0|   36|          29|          29|
    |sub_ln73_166_fu_14331_p2   |         -|   0|  0|   35|          28|          28|
    |sub_ln73_167_fu_13998_p2   |         -|   0|  0|   32|          25|          25|
    |sub_ln73_168_fu_14765_p2   |         -|   0|  0|   33|          26|          26|
    |sub_ln73_169_fu_15004_p2   |         -|   0|  0|   30|          23|          23|
    |sub_ln73_170_fu_15897_p2   |         -|   0|  0|   29|          22|          22|
    |sub_ln73_171_fu_16949_p2   |         -|   0|  0|   23|           1|          23|
    |sub_ln73_172_fu_16970_p2   |         -|   0|  0|   23|          23|          23|
    |sub_ln73_173_fu_17189_p2   |         -|   0|  0|   34|          27|          27|
    |sub_ln73_174_fu_17343_p2   |         -|   0|  0|   24|           1|          24|
    |sub_ln73_175_fu_17360_p2   |         -|   0|  0|   24|          24|          24|
    |sub_ln73_176_fu_18117_p2   |         -|   0|  0|   32|          25|          25|
    |sub_ln73_177_fu_18317_p2   |         -|   0|  0|   26|           1|          26|
    |sub_ln73_178_fu_18334_p2   |         -|   0|  0|   26|          26|          26|
    |sub_ln73_179_fu_18967_p2   |         -|   0|  0|   30|          23|          23|
    |sub_ln73_180_fu_19157_p2   |         -|   0|  0|   28|          21|          21|
    |sub_ln73_181_fu_19565_p2   |         -|   0|  0|   34|          27|          27|
    |sub_ln73_182_fu_19669_p2   |         -|   0|  0|   29|          22|          22|
    |sub_ln73_183_fu_20061_p2   |         -|   0|  0|   36|          29|          29|
    |sub_ln73_fu_13605_p2       |         -|   0|  0|   24|           1|          17|
    +---------------------------+----------+----+---+-----+------------+------------+
    |Total                      |          |   0|  0|14492|       11552|       11451|
    +---------------------------+----------+----+---+-----+------------+------------+

    * Multiplexer: 
    +----------------+-----+-----------+-----+-----------+
    |      Name      | LUT | Input Size| Bits| Total Bits|
    +----------------+-----+-----------+-----+-----------+
    |ap_NS_fsm       |  142|         32|    1|         32|
    |grp_fu_1362_p0  |  142|         32|   16|        512|
    |grp_fu_1362_p1  |  138|         31|   15|        465|
    |grp_fu_1363_p0  |  138|         31|   16|        496|
    |grp_fu_1363_p1  |  138|         31|   15|        465|
    |grp_fu_1364_p0  |  138|         31|   16|        496|
    |grp_fu_1364_p1  |  138|         31|   15|        465|
    |grp_fu_1365_p0  |  138|         31|   16|        496|
    |grp_fu_1365_p1  |  138|         31|   15|        465|
    |grp_fu_1366_p0  |  142|         32|   16|        512|
    |grp_fu_1366_p1  |  138|         31|   15|        465|
    |grp_fu_1367_p0  |  138|         31|   16|        496|
    |grp_fu_1367_p1  |  138|         31|   15|        465|
    |grp_fu_1368_p0  |  142|         32|   16|        512|
    |grp_fu_1368_p1  |  138|         31|   15|        465|
    |grp_fu_1369_p0  |  138|         31|   16|        496|
    |grp_fu_1369_p1  |  138|         31|   15|        465|
    |grp_fu_1370_p0  |  138|         31|   16|        496|
    |grp_fu_1370_p1  |  138|         31|   15|        465|
    |grp_fu_1371_p0  |  138|         31|   16|        496|
    |grp_fu_1371_p1  |  138|         31|   15|        465|
    |grp_fu_1372_p0  |  142|         32|   16|        512|
    |grp_fu_1372_p1  |  130|         29|   15|        435|
    |grp_fu_1373_p0  |  142|         32|   16|        512|
    |grp_fu_1373_p1  |  138|         31|   15|        465|
    |grp_fu_1374_p0  |  138|         31|   16|        496|
    |grp_fu_1374_p1  |  138|         31|   15|        465|
    |grp_fu_1375_p0  |  138|         31|   16|        496|
    |grp_fu_1375_p1  |  138|         31|   15|        465|
    |grp_fu_1376_p0  |  138|         31|   16|        496|
    |grp_fu_1376_p1  |  138|         31|   15|        465|
    |grp_fu_1377_p0  |  138|         31|   16|        496|
    |grp_fu_1377_p1  |  134|         30|   15|        450|
    +----------------+-----+-----------+-----+-----------+
    |Total           | 4566|       1026|  497|      15443|
    +----------------+-----+-----------+-----+-----------+

    * Register: 
    +----------------------------+----+----+-----+-----------+
    |            Name            | FF | LUT| Bits| Const Bits|
    +----------------------------+----+----+-----+-----------+
    |add_ln58_4816_reg_21690     |  21|   0|   21|          0|
    |add_ln58_4817_reg_21805     |  21|   0|   21|          0|
    |add_ln58_4819_reg_21923     |  22|   0|   22|          0|
    |add_ln58_4821_reg_22064     |  21|   0|   21|          0|
    |add_ln58_4822_reg_22189     |  20|   0|   20|          0|
    |add_ln58_4824_reg_22315     |  20|   0|   20|          0|
    |add_ln58_4828_reg_22440     |  23|   0|   23|          0|
    |add_ln58_4829_reg_22551     |  20|   0|   20|          0|
    |add_ln58_4831_reg_22657     |  21|   0|   21|          0|
    |add_ln58_4832_reg_22774     |  20|   0|   20|          0|
    |add_ln58_4835_reg_22813     |  22|   0|   22|          0|
    |add_ln58_4836_reg_23049     |  20|   0|   20|          0|
    |add_ln58_4838_reg_23173     |  21|   0|   21|          0|
    |add_ln58_4839_reg_23293     |  21|   0|   21|          0|
    |add_ln58_4845_reg_23424     |  24|   0|   24|          0|
    |add_ln58_4848_reg_21695     |  21|   0|   21|          0|
    |add_ln58_4852_reg_21928     |  22|   0|   22|          0|
    |add_ln58_4853_reg_22069     |  20|   0|   20|          0|
    |add_ln58_4855_reg_22194     |  21|   0|   21|          0|
    |add_ln58_4856_reg_22320     |  20|   0|   20|          0|
    |add_ln58_4860_reg_22445     |  23|   0|   23|          0|
    |add_ln58_4861_reg_22556     |  21|   0|   21|          0|
    |add_ln58_4863_reg_22662     |  22|   0|   22|          0|
    |add_ln58_4864_reg_22779     |  20|   0|   20|          0|
    |add_ln58_4867_reg_22911     |  23|   0|   23|          0|
    |add_ln58_4868_reg_23054     |  20|   0|   20|          0|
    |add_ln58_4870_reg_23178     |  22|   0|   22|          0|
    |add_ln58_4871_reg_23298     |  21|   0|   21|          0|
    |add_ln58_4877_reg_23367     |  25|   0|   25|          0|
    |add_ln58_4878_reg_21600     |  19|   0|   19|          0|
    |add_ln58_4880_reg_21700     |  21|   0|   21|          0|
    |add_ln58_4881_reg_21838     |  21|   0|   21|          0|
    |add_ln58_4883_reg_21933     |  22|   0|   22|          0|
    |add_ln58_4885_reg_22074     |  20|   0|   20|          0|
    |add_ln58_4887_reg_22199     |  21|   0|   21|          0|
    |add_ln58_4888_reg_22325     |  20|   0|   20|          0|
    |add_ln58_4892_reg_22450     |  23|   0|   23|          0|
    |add_ln58_4893_reg_22561     |  21|   0|   21|          0|
    |add_ln58_4895_reg_22681     |  22|   0|   22|          0|
    |add_ln58_4896_reg_22818     |  20|   0|   20|          0|
    |add_ln58_4899_reg_22916     |  23|   0|   23|          0|
    |add_ln58_4900_reg_23059     |  20|   0|   20|          0|
    |add_ln58_4901_reg_23230     |  21|   0|   21|          0|
    |add_ln58_4903_reg_23303     |  20|   0|   20|          0|
    |add_ln58_4909_reg_23429     |  25|   0|   25|          0|
    |add_ln58_4912_reg_21705     |  21|   0|   21|          0|
    |add_ln58_4913_reg_21843     |  21|   0|   21|          0|
    |add_ln58_4916_reg_21938     |  23|   0|   23|          0|
    |add_ln58_4917_reg_22079     |  21|   0|   21|          0|
    |add_ln58_4918_reg_22204     |  21|   0|   21|          0|
    |add_ln58_4924_reg_22394     |  24|   0|   24|          0|
    |add_ln58_4925_reg_22566     |  20|   0|   20|          0|
    |add_ln58_4927_reg_22686     |  21|   0|   21|          0|
    |add_ln58_4928_reg_22823     |  21|   0|   21|          0|
    |add_ln58_4931_reg_22955     |  23|   0|   23|          0|
    |add_ln58_4932_reg_23064     |  21|   0|   21|          0|
    |add_ln58_4933_reg_23183     |  20|   0|   20|          0|
    |add_ln58_4935_reg_23308     |  20|   0|   20|          0|
    |add_ln58_4941_reg_23434     |  25|   0|   25|          0|
    |add_ln58_4942_reg_21605     |  21|   0|   21|          0|
    |add_ln58_4944_reg_21710     |  22|   0|   22|          0|
    |add_ln58_4945_reg_21848     |  21|   0|   21|          0|
    |add_ln58_4948_reg_21943     |  23|   0|   23|          0|
    |add_ln58_4949_reg_22084     |  20|   0|   20|          0|
    |add_ln58_4951_reg_22209     |  21|   0|   21|          0|
    |add_ln58_4952_reg_22330     |  20|   0|   20|          0|
    |add_ln58_4956_reg_22455     |  24|   0|   24|          0|
    |add_ln58_4959_reg_22691     |  21|   0|   21|          0|
    |add_ln58_4960_reg_22828     |  20|   0|   20|          0|
    |add_ln58_4963_reg_22960     |  22|   0|   22|          0|
    |add_ln58_4966_reg_23188     |  21|   0|   21|          0|
    |add_ln58_4967_reg_23313     |  21|   0|   21|          0|
    |add_ln58_4973_reg_23439     |  25|   0|   25|          0|
    |add_ln58_4974_reg_21610     |  21|   0|   21|          0|
    |add_ln58_4975_reg_21715     |  21|   0|   21|          0|
    |add_ln58_4977_reg_21853     |  20|   0|   20|          0|
    |add_ln58_4980_reg_21948     |  22|   0|   22|          0|
    |add_ln58_4981_reg_22089     |  20|   0|   20|          0|
    |add_ln58_4983_reg_22214     |  21|   0|   21|          0|
    |add_ln58_4984_reg_22335     |  21|   0|   21|          0|
    |add_ln58_4988_reg_22460     |  24|   0|   24|          0|
    |add_ln58_4989_reg_22571     |  20|   0|   20|          0|
    |add_ln58_4991_reg_22696     |  22|   0|   22|          0|
    |add_ln58_4992_reg_22833     |  20|   0|   20|          0|
    |add_ln58_4995_reg_22965     |  23|   0|   23|          0|
    |add_ln58_4996_reg_23097     |  21|   0|   21|          0|
    |add_ln58_4998_reg_23193     |  22|   0|   22|          0|
    |add_ln58_4999_reg_23318     |  21|   0|   21|          0|
    |add_ln58_5005_reg_23444     |  25|   0|   25|          0|
    |add_ln58_5006_reg_21615     |  20|   0|   20|          0|
    |add_ln58_5008_reg_21720     |  21|   0|   21|          0|
    |add_ln58_5009_reg_21858     |  19|   0|   19|          0|
    |add_ln58_5012_reg_21953     |  22|   0|   22|          0|
    |add_ln58_5013_reg_22094     |  21|   0|   21|          0|
    |add_ln58_5015_reg_22219     |  22|   0|   22|          0|
    |add_ln58_5016_reg_22340     |  20|   0|   20|          0|
    |add_ln58_5020_reg_22465     |  24|   0|   24|          0|
    |add_ln58_5021_reg_22576     |  21|   0|   21|          0|
    |add_ln58_5023_reg_22701     |  22|   0|   22|          0|
    |add_ln58_5024_reg_22838     |  20|   0|   20|          0|
    |add_ln58_5027_reg_22970     |  23|   0|   23|          0|
    |add_ln58_5028_reg_23102     |  19|   0|   19|          0|
    |add_ln58_5030_reg_23198     |  21|   0|   21|          0|
    |add_ln58_5031_reg_23323     |  20|   0|   20|          0|
    |add_ln58_5037_reg_23449     |  25|   0|   25|          0|
    |add_ln58_5038_reg_21620     |  21|   0|   21|          0|
    |add_ln58_5040_reg_21725     |  22|   0|   22|          0|
    |add_ln58_5041_reg_21863     |  21|   0|   21|          0|
    |add_ln58_5044_reg_21978     |  23|   0|   23|          0|
    |add_ln58_5045_reg_22099     |  21|   0|   21|          0|
    |add_ln58_5046_reg_22224     |  20|   0|   20|          0|
    |add_ln58_5052_reg_22470     |  24|   0|   24|          0|
    |add_ln58_5055_reg_22706     |  21|   0|   21|          0|
    |add_ln58_5056_reg_22843     |  21|   0|   21|          0|
    |add_ln58_5059_reg_22975     |  23|   0|   23|          0|
    |add_ln58_5060_reg_23107     |  20|   0|   20|          0|
    |add_ln58_5062_reg_23203     |  22|   0|   22|          0|
    |add_ln58_5063_reg_23328     |  21|   0|   21|          0|
    |add_ln58_5069_reg_23454     |  25|   0|   25|          0|
    |add_ln58_5070_reg_21625     |  21|   0|   21|          0|
    |add_ln58_5072_reg_21730     |  22|   0|   22|          0|
    |add_ln58_5073_reg_21868     |  20|   0|   20|          0|
    |add_ln58_5076_reg_21983     |  23|   0|   23|          0|
    |add_ln58_5077_reg_22131     |  20|   0|   20|          0|
    |add_ln58_5078_reg_22229     |  21|   0|   21|          0|
    |add_ln58_5080_reg_22345     |  20|   0|   20|          0|
    |add_ln58_5084_reg_22475     |  24|   0|   24|          0|
    |add_ln58_5085_reg_22581     |  20|   0|   20|          0|
    |add_ln58_5087_reg_22711     |  21|   0|   21|          0|
    |add_ln58_5088_reg_22848     |  21|   0|   21|          0|
    |add_ln58_5091_reg_22980     |  22|   0|   22|          0|
    |add_ln58_5092_reg_23112     |  20|   0|   20|          0|
    |add_ln58_5094_reg_23208     |  22|   0|   22|          0|
    |add_ln58_5095_reg_23372     |  21|   0|   21|          0|
    |add_ln58_5101_reg_23459     |  25|   0|   25|          0|
    |add_ln58_5102_reg_21630     |  20|   0|   20|          0|
    |add_ln58_5104_reg_21735     |  22|   0|   22|          0|
    |add_ln58_5105_reg_21873     |  20|   0|   20|          0|
    |add_ln58_5108_reg_21988     |  23|   0|   23|          0|
    |add_ln58_5109_reg_22136     |  21|   0|   21|          0|
    |add_ln58_5110_reg_22234     |  21|   0|   21|          0|
    |add_ln58_5112_reg_22350     |  20|   0|   20|          0|
    |add_ln58_5116_reg_22480     |  24|   0|   24|          0|
    |add_ln58_5117_reg_22586     |  21|   0|   21|          0|
    |add_ln58_5119_reg_22716     |  22|   0|   22|          0|
    |add_ln58_5120_reg_22853     |  19|   0|   19|          0|
    |add_ln58_5122_reg_22985     |  21|   0|   21|          0|
    |add_ln58_5124_reg_23117     |  20|   0|   20|          0|
    |add_ln58_5126_reg_23235     |  21|   0|   21|          0|
    |add_ln58_5127_reg_23333     |  20|   0|   20|          0|
    |add_ln58_5133_reg_23464     |  25|   0|   25|          0|
    |add_ln58_5134_reg_21635     |  20|   0|   20|          0|
    |add_ln58_5136_reg_21740     |  21|   0|   21|          0|
    |add_ln58_5140_reg_21993     |  22|   0|   22|          0|
    |add_ln58_5141_reg_22141     |  20|   0|   20|          0|
    |add_ln58_5143_reg_22268     |  21|   0|   21|          0|
    |add_ln58_5144_reg_22355     |  19|   0|   19|          0|
    |add_ln58_5148_reg_22485     |  23|   0|   23|          0|
    |add_ln58_5149_reg_22591     |  21|   0|   21|          0|
    |add_ln58_5151_reg_22721     |  22|   0|   22|          0|
    |add_ln58_5152_reg_22858     |  21|   0|   21|          0|
    |add_ln58_5154_reg_22990     |  22|   0|   22|          0|
    |add_ln58_5158_reg_23240     |  21|   0|   21|          0|
    |add_ln58_5159_reg_23377     |  20|   0|   20|          0|
    |add_ln58_5165_reg_23469     |  24|   0|   24|          0|
    |add_ln58_5166_reg_21640     |  21|   0|   21|          0|
    |add_ln58_5168_reg_21745     |  22|   0|   22|          0|
    |add_ln58_5169_reg_21878     |  20|   0|   20|          0|
    |add_ln58_5172_reg_21998     |  23|   0|   23|          0|
    |add_ln58_5173_reg_22146     |  20|   0|   20|          0|
    |add_ln58_5175_reg_22273     |  21|   0|   21|          0|
    |add_ln58_5176_reg_22399     |  21|   0|   21|          0|
    |add_ln58_5179_reg_22490     |  23|   0|   23|          0|
    |add_ln58_5181_reg_22596     |  20|   0|   20|          0|
    |add_ln58_5183_reg_22726     |  21|   0|   21|          0|
    |add_ln58_5184_reg_22863     |  20|   0|   20|          0|
    |add_ln58_5187_reg_22995     |  22|   0|   22|          0|
    |add_ln58_5188_reg_23122     |  16|   0|   16|          0|
    |add_ln58_5190_reg_23245     |  20|   0|   20|          0|
    |add_ln58_5191_reg_23382     |  20|   0|   20|          0|
    |add_ln58_5198_reg_21645     |  20|   0|   20|          0|
    |add_ln58_5200_reg_21750     |  21|   0|   21|          0|
    |add_ln58_5201_reg_21883     |  18|   0|   18|          0|
    |add_ln58_5204_reg_22003     |  22|   0|   22|          0|
    |add_ln58_5205_reg_22151     |  15|   0|   15|          0|
    |add_ln58_5207_reg_22278     |  22|   0|   22|          0|
    |add_ln58_5208_reg_22404     |  21|   0|   21|          0|
    |add_ln58_5212_reg_22495     |  23|   0|   23|          0|
    |add_ln58_5213_reg_22601     |  18|   0|   18|          0|
    |add_ln58_5215_reg_22731     |  20|   0|   20|          0|
    |add_ln58_5216_reg_22868     |  21|   0|   21|          0|
    |add_ln58_5219_reg_22921     |  22|   0|   22|          0|
    |add_ln58_5220_reg_23127     |  20|   0|   20|          0|
    |add_ln58_5221_reg_23250     |  21|   0|   21|          0|
    |add_ln58_5223_reg_23387     |  20|   0|   20|          0|
    |add_ln58_5230_reg_21650     |  21|   0|   21|          0|
    |add_ln58_5232_reg_21755     |  22|   0|   22|          0|
    |add_ln58_5233_reg_21888     |  21|   0|   21|          0|
    |add_ln58_5236_reg_22008     |  23|   0|   23|          0|
    |add_ln58_5237_reg_22156     |  21|   0|   21|          0|
    |add_ln58_5239_reg_22283     |  22|   0|   22|          0|
    |add_ln58_5240_reg_22409     |  21|   0|   21|          0|
    |add_ln58_5244_reg_22518     |  24|   0|   24|          0|
    |add_ln58_5245_reg_22606     |  20|   0|   20|          0|
    |add_ln58_5247_reg_22736     |  21|   0|   21|          0|
    |add_ln58_5248_reg_22873     |  20|   0|   20|          0|
    |add_ln58_5251_reg_23000     |  22|   0|   22|          0|
    |add_ln58_5252_reg_23132     |  21|   0|   21|          0|
    |add_ln58_5254_reg_23255     |  22|   0|   22|          0|
    |add_ln58_5255_reg_23392     |  21|   0|   21|          0|
    |add_ln58_5262_reg_21655     |  21|   0|   21|          0|
    |add_ln58_5264_reg_21760     |  22|   0|   22|          0|
    |add_ln58_5265_reg_21893     |  21|   0|   21|          0|
    |add_ln58_5268_reg_22013     |  23|   0|   23|          0|
    |add_ln58_5271_reg_22288     |  21|   0|   21|          0|
    |add_ln58_5272_reg_22414     |  21|   0|   21|          0|
    |add_ln58_5276_reg_22523     |  24|   0|   24|          0|
    |add_ln58_5277_reg_22611     |  20|   0|   20|          0|
    |add_ln58_5279_reg_22741     |  21|   0|   21|          0|
    |add_ln58_5280_reg_22878     |  20|   0|   20|          0|
    |add_ln58_5283_reg_23005     |  22|   0|   22|          0|
    |add_ln58_5284_reg_23137     |  21|   0|   21|          0|
    |add_ln58_5286_reg_23260     |  22|   0|   22|          0|
    |add_ln58_5287_reg_23397     |  19|   0|   19|          0|
    |add_ln58_5294_reg_21660     |  20|   0|   20|          0|
    |add_ln58_5296_reg_21765     |  22|   0|   22|          0|
    |add_ln58_5297_reg_21898     |  21|   0|   21|          0|
    |add_ln58_5300_reg_22018     |  23|   0|   23|          0|
    |add_ln58_5301_reg_22161     |  18|   0|   18|          0|
    |add_ln58_5303_reg_22293     |  21|   0|   21|          0|
    |add_ln58_5304_reg_22419     |  21|   0|   21|          0|
    |add_ln58_5308_reg_22528     |  24|   0|   24|          0|
    |add_ln58_5309_reg_22616     |  20|   0|   20|          0|
    |add_ln58_5311_reg_22746     |  22|   0|   22|          0|
    |add_ln58_5312_reg_22883     |  21|   0|   21|          0|
    |add_ln58_5315_reg_23010     |  23|   0|   23|          0|
    |add_ln58_5316_reg_23142     |  20|   0|   20|          0|
    |add_ln58_5317_reg_23265     |  21|   0|   21|          0|
    |add_ln58_5319_reg_23402     |  19|   0|   19|          0|
    |add_ln58_reg_21595          |  20|   0|   20|          0|
    |ap_CS_fsm                   |  31|   0|   31|          0|
    |ap_port_reg_data_10_val     |  16|   0|   16|          0|
    |ap_port_reg_data_11_val     |  16|   0|   16|          0|
    |ap_port_reg_data_12_val     |  16|   0|   16|          0|
    |ap_port_reg_data_13_val     |  16|   0|   16|          0|
    |ap_port_reg_data_14_val     |  16|   0|   16|          0|
    |ap_port_reg_data_15_val     |  16|   0|   16|          0|
    |ap_port_reg_data_16_val     |  16|   0|   16|          0|
    |ap_port_reg_data_17_val     |  16|   0|   16|          0|
    |ap_port_reg_data_18_val     |  16|   0|   16|          0|
    |ap_port_reg_data_19_val     |  16|   0|   16|          0|
    |ap_port_reg_data_1_val      |  16|   0|   16|          0|
    |ap_port_reg_data_20_val     |  16|   0|   16|          0|
    |ap_port_reg_data_21_val     |  16|   0|   16|          0|
    |ap_port_reg_data_22_val     |  16|   0|   16|          0|
    |ap_port_reg_data_23_val     |  16|   0|   16|          0|
    |ap_port_reg_data_24_val     |  16|   0|   16|          0|
    |ap_port_reg_data_25_val     |  16|   0|   16|          0|
    |ap_port_reg_data_26_val     |  16|   0|   16|          0|
    |ap_port_reg_data_27_val     |  16|   0|   16|          0|
    |ap_port_reg_data_28_val     |  16|   0|   16|          0|
    |ap_port_reg_data_29_val     |  16|   0|   16|          0|
    |ap_port_reg_data_2_val      |  16|   0|   16|          0|
    |ap_port_reg_data_30_val     |  16|   0|   16|          0|
    |ap_port_reg_data_31_val     |  16|   0|   16|          0|
    |ap_port_reg_data_3_val      |  16|   0|   16|          0|
    |ap_port_reg_data_4_val      |  16|   0|   16|          0|
    |ap_port_reg_data_5_val      |  16|   0|   16|          0|
    |ap_port_reg_data_6_val      |  16|   0|   16|          0|
    |ap_port_reg_data_7_val      |  16|   0|   16|          0|
    |ap_port_reg_data_8_val      |  16|   0|   16|          0|
    |ap_port_reg_data_9_val      |  16|   0|   16|          0|
    |data_10_val_read_reg_22104  |  16|   0|   16|          0|
    |data_12_val_read_reg_22239  |  16|   0|   16|          0|
    |data_15_val_read_reg_22360  |  16|   0|   16|          0|
    |data_16_val_read_reg_22500  |  16|   0|   16|          0|
    |data_18_val_read_reg_22533  |  16|   0|   16|          0|
    |data_19_val_read_reg_22621  |  16|   0|   16|          0|
    |data_20_val_read_reg_22667  |  16|   0|   16|          0|
    |data_21_val_read_reg_22751  |  16|   0|   16|          0|
    |data_22_val_read_reg_22794  |  16|   0|   16|          0|
    |data_23_val_read_reg_22784  |  16|   0|   16|          0|
    |data_24_val_read_reg_22926  |  16|   0|   16|          0|
    |data_25_val_read_reg_23015  |  16|   0|   16|          0|
    |data_26_val_read_reg_23069  |  16|   0|   16|          0|
    |data_27_val_read_reg_23147  |  16|   0|   16|          0|
    |data_28_val_read_reg_23213  |  16|   0|   16|          0|
    |data_29_val_read_reg_23270  |  16|   0|   16|          0|
    |data_31_val_read_reg_23338  |  16|   0|   16|          0|
    |data_5_val_read_reg_21770   |  16|   0|   16|          0|
    |data_6_val_read_reg_21810   |  16|   0|   16|          0|
    |data_7_val_read_reg_21903   |  16|   0|   16|          0|
    |data_8_val_read_reg_21958   |  16|   0|   16|          0|
    |data_9_val_read_reg_22023   |  16|   0|   16|          0|
    |mult_4817_reg_21665         |  17|   0|   17|          0|
    |mult_4818_reg_21670         |  19|   0|   19|          0|
    |mult_4820_reg_21675         |  18|   0|   18|          0|
    |mult_4827_reg_21680         |  17|   0|   17|          0|
    |mult_4829_reg_21685         |  16|   0|   16|          0|
    |mult_4855_reg_21778         |  16|   0|   16|          0|
    |mult_4859_reg_21783         |   7|   0|    7|          0|
    |mult_4863_reg_21788         |  19|   0|   19|          0|
    |mult_4866_reg_21800         |  14|   0|   14|          0|
    |mult_4922_reg_22033         |  14|   0|   14|          0|
    |mult_4925_reg_22038         |  14|   0|   14|          0|
    |mult_4928_reg_22043         |  16|   0|   16|          0|
    |mult_4945_reg_22126         |  19|   0|   19|          0|
    |mult_4956_reg_22166         |  16|   0|   16|          0|
    |mult_4984_reg_22258         |  17|   0|   17|          0|
    |mult_4986_reg_22263         |  17|   0|   17|          0|
    |mult_5009_reg_22379         |  13|   0|   13|          0|
    |mult_5016_reg_22384         |  17|   0|   17|          0|
    |mult_5017_reg_22389         |  12|   0|   12|          0|
    |mult_5022_reg_22424         |  18|   0|   18|          0|
    |mult_5047_reg_22508         |  16|   0|   16|          0|
    |mult_5053_reg_22513         |  15|   0|   15|          0|
    |mult_5076_reg_22630         |  14|   0|   14|          0|
    |mult_5081_reg_22635         |  17|   0|   17|          0|
    |mult_5083_reg_22640         |  20|   0|   20|          0|
    |mult_5111_reg_22758         |  15|   0|   15|          0|
    |mult_5141_reg_22888         |  20|   0|   20|          0|
    |mult_5146_reg_22893         |  14|   0|   14|          0|
    |mult_5177_reg_23025         |  16|   0|   16|          0|
    |mult_5179_reg_23030         |  13|   0|   13|          0|
    |mult_5210_reg_23154         |  17|   0|   17|          0|
    |reg_12569                   |  19|   0|   19|          0|
    |reg_12573                   |  20|   0|   20|          0|
    |reg_12577                   |  18|   0|   18|          0|
    |reg_12581                   |  20|   0|   20|          0|
    |reg_12585                   |  19|   0|   19|          0|
    |reg_12589                   |  20|   0|   20|          0|
    |reg_12593                   |  18|   0|   18|          0|
    |reg_12597                   |  20|   0|   20|          0|
    |reg_12601                   |  20|   0|   20|          0|
    |reg_12605                   |  19|   0|   19|          0|
    |reg_12609                   |  19|   0|   19|          0|
    |reg_12613                   |  19|   0|   19|          0|
    |reg_12617                   |  19|   0|   19|          0|
    |reg_12621                   |  19|   0|   19|          0|
    |reg_12625                   |  18|   0|   18|          0|
    |reg_12629                   |  18|   0|   18|          0|
    |reg_12633                   |  17|   0|   17|          0|
    |reg_12637                   |  18|   0|   18|          0|
    |reg_12641                   |  19|   0|   19|          0|
    |reg_12645                   |  20|   0|   20|          0|
    |reg_12649                   |  20|   0|   20|          0|
    |reg_12653                   |  18|   0|   18|          0|
    |reg_12657                   |  20|   0|   20|          0|
    |reg_12661                   |  20|   0|   20|          0|
    |reg_12665                   |  20|   0|   20|          0|
    |reg_12669                   |  20|   0|   20|          0|
    |reg_12673                   |  19|   0|   19|          0|
    |reg_12677                   |  18|   0|   18|          0|
    |reg_12681                   |  17|   0|   17|          0|
    |reg_12685                   |  20|   0|   20|          0|
    |reg_12689                   |  19|   0|   19|          0|
    |reg_12693                   |  20|   0|   20|          0|
    |reg_12697                   |  20|   0|   20|          0|
    |reg_12701                   |  18|   0|   18|          0|
    |reg_12705                   |  18|   0|   18|          0|
    |reg_12709                   |  19|   0|   19|          0|
    |reg_12713                   |  16|   0|   16|          0|
    |reg_12717                   |  18|   0|   18|          0|
    |reg_12721                   |  17|   0|   17|          0|
    |reg_12725                   |  19|   0|   19|          0|
    |reg_12729                   |  19|   0|   19|          0|
    |reg_12733                   |  18|   0|   18|          0|
    |reg_12737                   |  18|   0|   18|          0|
    |reg_12741                   |  15|   0|   15|          0|
    |reg_12745                   |  19|   0|   19|          0|
    |reg_12749                   |  18|   0|   18|          0|
    |reg_12753                   |  18|   0|   18|          0|
    |reg_12757                   |  18|   0|   18|          0|
    |reg_12761                   |  20|   0|   20|          0|
    |reg_12765                   |  17|   0|   17|          0|
    |sext_ln70_509_reg_21793     |  30|   0|   30|          0|
    |sext_ln70_512_reg_21821     |  28|   0|   28|          0|
    |sext_ln70_513_reg_21826     |  30|   0|   30|          0|
    |sext_ln70_515_reg_21908     |  30|   0|   30|          0|
    |sext_ln70_516_reg_21916     |  29|   0|   29|          0|
    |sext_ln70_519_reg_21966     |  30|   0|   30|          0|
    |sext_ln70_521_reg_21971     |  29|   0|   29|          0|
    |sext_ln70_524_reg_22048     |  29|   0|   29|          0|
    |sext_ln70_525_reg_22053     |  28|   0|   28|          0|
    |sext_ln70_526_reg_22058     |  30|   0|   30|          0|
    |sext_ln70_528_reg_22109     |  30|   0|   30|          0|
    |sext_ln70_530_reg_22114     |  28|   0|   28|          0|
    |sext_ln70_531_reg_22121     |  29|   0|   29|          0|
    |sext_ln70_532_reg_22171     |  28|   0|   28|          0|
    |sext_ln70_533_reg_22176     |  30|   0|   30|          0|
    |sext_ln70_535_reg_22182     |  29|   0|   29|          0|
    |sext_ln70_537_reg_22245     |  30|   0|   30|          0|
    |sext_ln70_539_reg_22253     |  29|   0|   29|          0|
    |sext_ln70_541_reg_22298     |  30|   0|   30|          0|
    |sext_ln70_543_reg_22305     |  28|   0|   28|          0|
    |sext_ln70_544_reg_22310     |  29|   0|   29|          0|
    |sext_ln70_546_reg_22367     |  28|   0|   28|          0|
    |sext_ln70_548_reg_22374     |  29|   0|   29|          0|
    |sext_ln70_552_reg_22429     |  29|   0|   29|          0|
    |sext_ln70_554_reg_22434     |  30|   0|   30|          0|
    |sext_ln70_569_reg_22542     |  29|   0|   29|          0|
    |sext_ln70_575_reg_22645     |  30|   0|   30|          0|
    |sext_ln70_576_reg_22652     |  26|   0|   26|          0|
    |sext_ln70_580_reg_22674     |  28|   0|   28|          0|
    |sext_ln70_584_reg_22763     |  29|   0|   29|          0|
    |sext_ln70_587_reg_22800     |  29|   0|   29|          0|
    |sext_ln70_588_reg_22807     |  28|   0|   28|          0|
    |sext_ln70_591_reg_22898     |  30|   0|   30|          0|
    |sext_ln70_592_reg_22903     |  28|   0|   28|          0|
    |sext_ln70_595_reg_22934     |  30|   0|   30|          0|
    |sext_ln70_596_reg_22941     |  29|   0|   29|          0|
    |sext_ln70_598_reg_22949     |  28|   0|   28|          0|
    |sext_ln70_603_reg_23035     |  30|   0|   30|          0|
    |sext_ln70_604_reg_23042     |  29|   0|   29|          0|
    |sext_ln70_606_reg_23078     |  28|   0|   28|          0|
    |sext_ln70_607_reg_23083     |  30|   0|   30|          0|
    |sext_ln70_608_reg_23089     |  29|   0|   29|          0|
    |sext_ln70_612_reg_23159     |  29|   0|   29|          0|
    |sext_ln70_613_reg_23168     |  30|   0|   30|          0|
    |sext_ln70_617_reg_23218     |  28|   0|   28|          0|
    |sext_ln70_618_reg_23225     |  30|   0|   30|          0|
    |sext_ln70_621_reg_23277     |  29|   0|   29|          0|
    |sext_ln70_622_reg_23283     |  30|   0|   30|          0|
    |sext_ln70_623_reg_23288     |  27|   0|   27|          0|
    |sext_ln70_624_reg_23345     |  29|   0|   29|          0|
    |sext_ln70_625_reg_23351     |  28|   0|   28|          0|
    |sext_ln70_627_reg_23356     |  27|   0|   27|          0|
    |sext_ln70_628_reg_23361     |  30|   0|   30|          0|
    |sext_ln70_629_reg_23407     |  30|   0|   30|          0|
    |sext_ln70_630_reg_23412     |  28|   0|   28|          0|
    |sext_ln70_631_reg_23418     |  29|   0|   29|          0|
    +----------------------------+----+----+-----+-----------+
    |Total                       |9030|   0| 9030|          0|
    +----------------------------+----+----+-----+-----------+



================================================================
== Interface
================================================================
* Summary: 
+--------------+-----+-----+------------+-----------------------------------------------------------------------------+--------------+
|   RTL Ports  | Dir | Bits|  Protocol  |                                Source Object                                |    C Type    |
+--------------+-----+-----+------------+-----------------------------------------------------------------------------+--------------+
|ap_clk        |   in|    1|  ap_ctrl_hs|  dense_latency<ap_fixed<16, 6, 5, 3, 0>, ap_fixed<32, 18, 5, 3, 0>, config6>|  return value|
|ap_rst        |   in|    1|  ap_ctrl_hs|  dense_latency<ap_fixed<16, 6, 5, 3, 0>, ap_fixed<32, 18, 5, 3, 0>, config6>|  return value|
|ap_start      |   in|    1|  ap_ctrl_hs|  dense_latency<ap_fixed<16, 6, 5, 3, 0>, ap_fixed<32, 18, 5, 3, 0>, config6>|  return value|
|ap_done       |  out|    1|  ap_ctrl_hs|  dense_latency<ap_fixed<16, 6, 5, 3, 0>, ap_fixed<32, 18, 5, 3, 0>, config6>|  return value|
|ap_idle       |  out|    1|  ap_ctrl_hs|  dense_latency<ap_fixed<16, 6, 5, 3, 0>, ap_fixed<32, 18, 5, 3, 0>, config6>|  return value|
|ap_ready      |  out|    1|  ap_ctrl_hs|  dense_latency<ap_fixed<16, 6, 5, 3, 0>, ap_fixed<32, 18, 5, 3, 0>, config6>|  return value|
|ap_return_0   |  out|   32|  ap_ctrl_hs|  dense_latency<ap_fixed<16, 6, 5, 3, 0>, ap_fixed<32, 18, 5, 3, 0>, config6>|  return value|
|ap_return_1   |  out|   32|  ap_ctrl_hs|  dense_latency<ap_fixed<16, 6, 5, 3, 0>, ap_fixed<32, 18, 5, 3, 0>, config6>|  return value|
|ap_return_2   |  out|   32|  ap_ctrl_hs|  dense_latency<ap_fixed<16, 6, 5, 3, 0>, ap_fixed<32, 18, 5, 3, 0>, config6>|  return value|
|ap_return_3   |  out|   32|  ap_ctrl_hs|  dense_latency<ap_fixed<16, 6, 5, 3, 0>, ap_fixed<32, 18, 5, 3, 0>, config6>|  return value|
|ap_return_4   |  out|   32|  ap_ctrl_hs|  dense_latency<ap_fixed<16, 6, 5, 3, 0>, ap_fixed<32, 18, 5, 3, 0>, config6>|  return value|
|ap_return_5   |  out|   32|  ap_ctrl_hs|  dense_latency<ap_fixed<16, 6, 5, 3, 0>, ap_fixed<32, 18, 5, 3, 0>, config6>|  return value|
|ap_return_6   |  out|   32|  ap_ctrl_hs|  dense_latency<ap_fixed<16, 6, 5, 3, 0>, ap_fixed<32, 18, 5, 3, 0>, config6>|  return value|
|ap_return_7   |  out|   32|  ap_ctrl_hs|  dense_latency<ap_fixed<16, 6, 5, 3, 0>, ap_fixed<32, 18, 5, 3, 0>, config6>|  return value|
|ap_return_8   |  out|   32|  ap_ctrl_hs|  dense_latency<ap_fixed<16, 6, 5, 3, 0>, ap_fixed<32, 18, 5, 3, 0>, config6>|  return value|
|ap_return_9   |  out|   32|  ap_ctrl_hs|  dense_latency<ap_fixed<16, 6, 5, 3, 0>, ap_fixed<32, 18, 5, 3, 0>, config6>|  return value|
|ap_return_10  |  out|   32|  ap_ctrl_hs|  dense_latency<ap_fixed<16, 6, 5, 3, 0>, ap_fixed<32, 18, 5, 3, 0>, config6>|  return value|
|ap_return_11  |  out|   32|  ap_ctrl_hs|  dense_latency<ap_fixed<16, 6, 5, 3, 0>, ap_fixed<32, 18, 5, 3, 0>, config6>|  return value|
|ap_return_12  |  out|   32|  ap_ctrl_hs|  dense_latency<ap_fixed<16, 6, 5, 3, 0>, ap_fixed<32, 18, 5, 3, 0>, config6>|  return value|
|ap_return_13  |  out|   32|  ap_ctrl_hs|  dense_latency<ap_fixed<16, 6, 5, 3, 0>, ap_fixed<32, 18, 5, 3, 0>, config6>|  return value|
|ap_return_14  |  out|   32|  ap_ctrl_hs|  dense_latency<ap_fixed<16, 6, 5, 3, 0>, ap_fixed<32, 18, 5, 3, 0>, config6>|  return value|
|ap_return_15  |  out|   32|  ap_ctrl_hs|  dense_latency<ap_fixed<16, 6, 5, 3, 0>, ap_fixed<32, 18, 5, 3, 0>, config6>|  return value|
|ap_ce         |   in|    1|  ap_ctrl_hs|  dense_latency<ap_fixed<16, 6, 5, 3, 0>, ap_fixed<32, 18, 5, 3, 0>, config6>|  return value|
|data_0_val    |   in|   16|     ap_none|                                                                   data_0_val|        scalar|
|data_1_val    |   in|   16|     ap_none|                                                                   data_1_val|        scalar|
|data_2_val    |   in|   16|     ap_none|                                                                   data_2_val|        scalar|
|data_3_val    |   in|   16|     ap_none|                                                                   data_3_val|        scalar|
|data_4_val    |   in|   16|     ap_none|                                                                   data_4_val|        scalar|
|data_5_val    |   in|   16|     ap_none|                                                                   data_5_val|        scalar|
|data_6_val    |   in|   16|     ap_none|                                                                   data_6_val|        scalar|
|data_7_val    |   in|   16|     ap_none|                                                                   data_7_val|        scalar|
|data_8_val    |   in|   16|     ap_none|                                                                   data_8_val|        scalar|
|data_9_val    |   in|   16|     ap_none|                                                                   data_9_val|        scalar|
|data_10_val   |   in|   16|     ap_none|                                                                  data_10_val|        scalar|
|data_11_val   |   in|   16|     ap_none|                                                                  data_11_val|        scalar|
|data_12_val   |   in|   16|     ap_none|                                                                  data_12_val|        scalar|
|data_13_val   |   in|   16|     ap_none|                                                                  data_13_val|        scalar|
|data_14_val   |   in|   16|     ap_none|                                                                  data_14_val|        scalar|
|data_15_val   |   in|   16|     ap_none|                                                                  data_15_val|        scalar|
|data_16_val   |   in|   16|     ap_none|                                                                  data_16_val|        scalar|
|data_17_val   |   in|   16|     ap_none|                                                                  data_17_val|        scalar|
|data_18_val   |   in|   16|     ap_none|                                                                  data_18_val|        scalar|
|data_19_val   |   in|   16|     ap_none|                                                                  data_19_val|        scalar|
|data_20_val   |   in|   16|     ap_none|                                                                  data_20_val|        scalar|
|data_21_val   |   in|   16|     ap_none|                                                                  data_21_val|        scalar|
|data_22_val   |   in|   16|     ap_none|                                                                  data_22_val|        scalar|
|data_23_val   |   in|   16|     ap_none|                                                                  data_23_val|        scalar|
|data_24_val   |   in|   16|     ap_none|                                                                  data_24_val|        scalar|
|data_25_val   |   in|   16|     ap_none|                                                                  data_25_val|        scalar|
|data_26_val   |   in|   16|     ap_none|                                                                  data_26_val|        scalar|
|data_27_val   |   in|   16|     ap_none|                                                                  data_27_val|        scalar|
|data_28_val   |   in|   16|     ap_none|                                                                  data_28_val|        scalar|
|data_29_val   |   in|   16|     ap_none|                                                                  data_29_val|        scalar|
|data_30_val   |   in|   16|     ap_none|                                                                  data_30_val|        scalar|
|data_31_val   |   in|   16|     ap_none|                                                                  data_31_val|        scalar|
+--------------+-----+-----+------------+-----------------------------------------------------------------------------+--------------+

