

================================================================
== Vitis HLS Report for 'dense_latency_ap_fixed_16_6_5_3_0_ap_fixed_32_18_5_3_0_config8_s'
================================================================
* Date:           Sat Nov 15 22:41:49 2025

* Version:        2023.1 (Build 3854077 on May  4 2023)
* Project:        myproject_prj
* Solution:       solution1 (Vivado IP Flow Target)
* Product family: zynq
* Target device:  xc7z020-clg400-1


================================================================
== Performance Estimates
================================================================
+ Timing: 
    * Summary: 
    +--------+---------+-----------+------------+
    |  Clock |  Target | Estimated | Uncertainty|
    +--------+---------+-----------+------------+
    |ap_clk  |  0.10 us|  18.070 ns|    27.00 ns|
    +--------+---------+-----------+------------+

+ Latency: 
    * Summary: 
    +---------+---------+----------+----------+-----+-----+---------+
    |  Latency (cycles) |  Latency (absolute) |  Interval | Pipeline|
    |   min   |   max   |    min   |    max   | min | max |   Type  |
    +---------+---------+----------+----------+-----+-----+---------+
    |       14|       14|  1.400 us|  1.400 us|   15|   15|      yes|
    +---------+---------+----------+----------+-----+-----+---------+

    + Detail: 
        * Instance: 
        N/A

        * Loop: 
        N/A



================================================================
== Utilization Estimates
================================================================
* Summary: 
+-----------------+---------+-----+--------+-------+-----+
|       Name      | BRAM_18K| DSP |   FF   |  LUT  | URAM|
+-----------------+---------+-----+--------+-------+-----+
|DSP              |        -|    -|       -|      -|    -|
|Expression       |        -|    -|       0|    459|    -|
|FIFO             |        -|    -|       -|      -|    -|
|Instance         |        -|    1|       0|      6|    -|
|Memory           |        -|    -|       -|      -|    -|
|Multiplexer      |        -|    -|       -|    195|    -|
|Register         |        -|    -|     439|      -|    -|
+-----------------+---------+-----+--------+-------+-----+
|Total            |        0|    1|     439|    660|    0|
+-----------------+---------+-----+--------+-------+-----+
|Available        |      280|  220|  106400|  53200|    0|
+-----------------+---------+-----+--------+-------+-----+
|Utilization (%)  |        0|   ~0|      ~0|      1|    0|
+-----------------+---------+-----+--------+-------+-----+

+ Detail: 
    * Instance: 
    +-------------------------+--------------------+---------+----+---+----+-----+
    |         Instance        |       Module       | BRAM_18K| DSP| FF| LUT| URAM|
    +-------------------------+--------------------+---------+----+---+----+-----+
    |mul_16s_15s_30_1_1_U444  |mul_16s_15s_30_1_1  |        0|   1|  0|   6|    0|
    +-------------------------+--------------------+---------+----+---+----+-----+
    |Total                    |                    |        0|   1|  0|   6|    0|
    +-------------------------+--------------------+---------+----+---+----+-----+

    * DSP: 
    N/A

    * Memory: 
    N/A

    * FIFO: 
    N/A

    * Expression: 
    +-------------------------+----------+----+---+----+------------+------------+
    |      Variable Name      | Operation| DSP| FF| LUT| Bitwidth P0| Bitwidth P1|
    +-------------------------+----------+----+---+----+------------+------------+
    |add_ln58_4800_fu_376_p2  |         +|   0|  0|  28|          21|          21|
    |add_ln58_4801_fu_386_p2  |         +|   0|  0|  29|          22|          22|
    |add_ln58_4802_fu_410_p2  |         +|   0|  0|  28|          21|          21|
    |add_ln58_4803_fu_440_p2  |         +|   0|  0|  28|          21|          21|
    |add_ln58_4804_fu_450_p2  |         +|   0|  0|  29|          22|          22|
    |add_ln58_4805_fu_460_p2  |         +|   0|  0|  30|          23|          23|
    |add_ln58_4806_fu_617_p2  |         +|   0|  0|  27|          20|          20|
    |add_ln58_4807_fu_499_p2  |         +|   0|  0|  28|          21|          21|
    |add_ln58_4808_fu_630_p2  |         +|   0|  0|  22|          22|          22|
    |add_ln58_4809_fu_533_p2  |         +|   0|  0|  27|          20|          20|
    |add_ln58_4810_fu_639_p2  |         +|   0|  0|  24|          17|           5|
    |add_ln58_4811_fu_649_p2  |         +|   0|  0|  21|          21|          21|
    |add_ln58_4812_fu_655_p2  |         +|   0|  0|  21|          21|          21|
    |add_ln58_4813_fu_665_p2  |         +|   0|  0|  22|          22|          22|
    |add_ln58_fu_349_p2       |         +|   0|  0|  28|          21|          21|
    |add_ln73_fu_568_p2       |         +|   0|  0|  36|          29|          29|
    |ap_return                |         +|   0|  0|  31|          24|          24|
    +-------------------------+----------+----+---+----+------------+------------+
    |Total                    |          |   0|  0| 459|         368|         356|
    +-------------------------+----------+----+---+----+------------+------------+

    * Multiplexer: 
    +---------------+----+-----------+-----+-----------+
    |      Name     | LUT| Input Size| Bits| Total Bits|
    +---------------+----+-----------+-----+-----------+
    |ap_NS_fsm      |  65|         16|    1|         16|
    |grp_fu_210_p0  |  65|         16|   16|        256|
    |grp_fu_210_p1  |  65|         16|   15|        240|
    +---------------+----+-----------+-----+-----------+
    |Total          | 195|         48|   32|        512|
    +---------------+----+-----------+-----+-----------+

    * Register: 
    +-------------------------+----+----+-----+-----------+
    |           Name          | FF | LUT| Bits| Const Bits|
    +-------------------------+----+----+-----+-----------+
    |add_ln58_4801_reg_686    |  22|   0|   22|          0|
    |add_ln58_4802_reg_691    |  21|   0|   21|          0|
    |add_ln58_4805_reg_696    |  23|   0|   23|          0|
    |add_ln58_4807_reg_706    |  21|   0|   21|          0|
    |add_ln58_4809_reg_711    |  20|   0|   20|          0|
    |add_ln58_reg_681         |  21|   0|   21|          0|
    |ap_CS_fsm                |  15|   0|   15|          0|
    |ap_port_reg_data_10_val  |  16|   0|   16|          0|
    |ap_port_reg_data_11_val  |  16|   0|   16|          0|
    |ap_port_reg_data_12_val  |  16|   0|   16|          0|
    |ap_port_reg_data_13_val  |  16|   0|   16|          0|
    |ap_port_reg_data_14_val  |  16|   0|   16|          0|
    |ap_port_reg_data_15_val  |  16|   0|   16|          0|
    |ap_port_reg_data_1_val   |  16|   0|   16|          0|
    |ap_port_reg_data_2_val   |  16|   0|   16|          0|
    |ap_port_reg_data_3_val   |  16|   0|   16|          0|
    |ap_port_reg_data_4_val   |  16|   0|   16|          0|
    |ap_port_reg_data_5_val   |  16|   0|   16|          0|
    |ap_port_reg_data_6_val   |  16|   0|   16|          0|
    |ap_port_reg_data_7_val   |  16|   0|   16|          0|
    |ap_port_reg_data_8_val   |  16|   0|   16|          0|
    |ap_port_reg_data_9_val   |  16|   0|   16|          0|
    |reg_323                  |  20|   0|   20|          0|
    |reg_327                  |  19|   0|   19|          0|
    |trunc_ln42_8_reg_701     |  17|   0|   17|          0|
    +-------------------------+----+----+-----+-----------+
    |Total                    | 439|   0|  439|          0|
    +-------------------------+----+----+-----+-----------+



================================================================
== Interface
================================================================
* Summary: 
+-------------+-----+-----+------------+-----------------------------------------------------------------------------+--------------+
|  RTL Ports  | Dir | Bits|  Protocol  |                                Source Object                                |    C Type    |
+-------------+-----+-----+------------+-----------------------------------------------------------------------------+--------------+
|ap_clk       |   in|    1|  ap_ctrl_hs|  dense_latency<ap_fixed<16, 6, 5, 3, 0>, ap_fixed<32, 18, 5, 3, 0>, config8>|  return value|
|ap_rst       |   in|    1|  ap_ctrl_hs|  dense_latency<ap_fixed<16, 6, 5, 3, 0>, ap_fixed<32, 18, 5, 3, 0>, config8>|  return value|
|ap_start     |   in|    1|  ap_ctrl_hs|  dense_latency<ap_fixed<16, 6, 5, 3, 0>, ap_fixed<32, 18, 5, 3, 0>, config8>|  return value|
|ap_done      |  out|    1|  ap_ctrl_hs|  dense_latency<ap_fixed<16, 6, 5, 3, 0>, ap_fixed<32, 18, 5, 3, 0>, config8>|  return value|
|ap_idle      |  out|    1|  ap_ctrl_hs|  dense_latency<ap_fixed<16, 6, 5, 3, 0>, ap_fixed<32, 18, 5, 3, 0>, config8>|  return value|
|ap_ready     |  out|    1|  ap_ctrl_hs|  dense_latency<ap_fixed<16, 6, 5, 3, 0>, ap_fixed<32, 18, 5, 3, 0>, config8>|  return value|
|ap_return    |  out|   24|  ap_ctrl_hs|  dense_latency<ap_fixed<16, 6, 5, 3, 0>, ap_fixed<32, 18, 5, 3, 0>, config8>|  return value|
|ap_ce        |   in|    1|  ap_ctrl_hs|  dense_latency<ap_fixed<16, 6, 5, 3, 0>, ap_fixed<32, 18, 5, 3, 0>, config8>|  return value|
|data_0_val   |   in|   16|     ap_none|                                                                   data_0_val|        scalar|
|data_1_val   |   in|   16|     ap_none|                                                                   data_1_val|        scalar|
|data_2_val   |   in|   16|     ap_none|                                                                   data_2_val|        scalar|
|data_3_val   |   in|   16|     ap_none|                                                                   data_3_val|        scalar|
|data_4_val   |   in|   16|     ap_none|                                                                   data_4_val|        scalar|
|data_5_val   |   in|   16|     ap_none|                                                                   data_5_val|        scalar|
|data_6_val   |   in|   16|     ap_none|                                                                   data_6_val|        scalar|
|data_7_val   |   in|   16|     ap_none|                                                                   data_7_val|        scalar|
|data_8_val   |   in|   16|     ap_none|                                                                   data_8_val|        scalar|
|data_9_val   |   in|   16|     ap_none|                                                                   data_9_val|        scalar|
|data_10_val  |   in|   16|     ap_none|                                                                  data_10_val|        scalar|
|data_11_val  |   in|   16|     ap_none|                                                                  data_11_val|        scalar|
|data_12_val  |   in|   16|     ap_none|                                                                  data_12_val|        scalar|
|data_13_val  |   in|   16|     ap_none|                                                                  data_13_val|        scalar|
|data_14_val  |   in|   16|     ap_none|                                                                  data_14_val|        scalar|
|data_15_val  |   in|   16|     ap_none|                                                                  data_15_val|        scalar|
+-------------+-----+-----+------------+-----------------------------------------------------------------------------+--------------+

