

================================================================
== Vitis HLS Report for 'myproject'
================================================================
* Date:           Sat Nov 15 22:41:53 2025

* Version:        2023.1 (Build 3854077 on May  4 2023)
* Project:        myproject_prj
* Solution:       solution1 (Vivado IP Flow Target)
* Product family: zynq
* Target device:  xc7z020-clg400-1


================================================================
== Performance Estimates
================================================================
+ Timing: 
    * Summary: 
    +--------+---------+-----------+------------+
    |  Clock |  Target | Estimated | Uncertainty|
    +--------+---------+-----------+------------+
    |ap_clk  |  0.10 us|  66.944 ns|    27.00 ns|
    +--------+---------+-----------+------------+

+ Latency: 
    * Summary: 
    +---------+---------+-----------+-----------+-----+-----+---------+
    |  Latency (cycles) |   Latency (absolute)  |  Interval | Pipeline|
    |   min   |   max   |    min    |    max    | min | max |   Type  |
    +---------+---------+-----------+-----------+-----+-----+---------+
    |      105|      105|  10.500 us|  10.500 us|   31|   31|      yes|
    +---------+---------+-----------+-----------+-----+-----+---------+

    + Detail: 
        * Instance: 
        +-------------------------------------------------------------------------------+--------------------------------------------------------------------+---------+---------+----------+----------+-----+-----+---------+
        |                                                                               |                                                                    |  Latency (cycles) |  Latency (absolute) |  Interval | Pipeline|
        |                                    Instance                                   |                               Module                               |   min   |   max   |    min   |    max   | min | max |   Type  |
        +-------------------------------------------------------------------------------+--------------------------------------------------------------------+---------+---------+----------+----------+-----+-----+---------+
        |grp_dense_latency_ap_fixed_32_16_5_3_0_ap_fixed_32_18_5_3_0_config2_s_fu_57    |dense_latency_ap_fixed_32_16_5_3_0_ap_fixed_32_18_5_3_0_config2_s   |       30|       30|  3.000 us|  3.000 us|   31|   31|      yes|
        |call_ret2_relu_ap_fixed_32_18_5_3_0_ap_fixed_16_6_5_3_0_relu_config3_s_fu_63   |relu_ap_fixed_32_18_5_3_0_ap_fixed_16_6_5_3_0_relu_config3_s        |        0|        0|      0 ns|      0 ns|    1|    1|      yes|
        |grp_dense_latency_ap_fixed_16_6_5_3_0_ap_fixed_32_18_5_3_0_config4_s_fu_131    |dense_latency_ap_fixed_16_6_5_3_0_ap_fixed_32_18_5_3_0_config4_s    |       30|       30|  3.000 us|  3.000 us|   31|   31|      yes|
        |call_ret4_relu_ap_fixed_32_18_5_3_0_ap_fixed_16_6_5_3_0_relu_config5_s_fu_199  |relu_ap_fixed_32_18_5_3_0_ap_fixed_16_6_5_3_0_relu_config5_s        |        0|        0|      0 ns|      0 ns|    1|    1|      yes|
        |grp_dense_latency_ap_fixed_16_6_5_3_0_ap_fixed_32_18_5_3_0_config6_s_fu_235    |dense_latency_ap_fixed_16_6_5_3_0_ap_fixed_32_18_5_3_0_config6_s    |       30|       30|  3.000 us|  3.000 us|   31|   31|      yes|
        |call_ret6_relu_ap_fixed_32_18_5_3_0_ap_fixed_16_6_5_3_0_relu_config7_s_fu_271  |relu_ap_fixed_32_18_5_3_0_ap_fixed_16_6_5_3_0_relu_config7_s        |        0|        0|      0 ns|      0 ns|    1|    1|      yes|
        |grp_dense_latency_ap_fixed_16_6_5_3_0_ap_fixed_32_18_5_3_0_config8_s_fu_291    |dense_latency_ap_fixed_16_6_5_3_0_ap_fixed_32_18_5_3_0_config8_s    |       14|       14|  1.400 us|  1.400 us|   15|   15|      yes|
        |grp_sigmoid_ap_fixed_32_18_5_3_0_ap_fixed_16_6_5_3_0_sigmoid_config9_s_fu_311  |sigmoid_ap_fixed_32_18_5_3_0_ap_fixed_16_6_5_3_0_sigmoid_config9_s  |        1|        1|  0.100 us|  0.100 us|    1|    1|      yes|
        +-------------------------------------------------------------------------------+--------------------------------------------------------------------+---------+---------+----------+----------+-----+-----+---------+

        * Loop: 
        N/A



================================================================
== Utilization Estimates
================================================================
* Summary: 
+-----------------+---------+-----+--------+--------+-----+
|       Name      | BRAM_18K| DSP |   FF   |   LUT  | URAM|
+-----------------+---------+-----+--------+--------+-----+
|DSP              |        -|    -|       -|       -|    -|
|Expression       |        -|    -|       0|       6|    -|
|FIFO             |        -|    -|       -|       -|    -|
|Instance         |        1|  381|  118058|  318956|    -|
|Memory           |        -|    -|       -|       -|    -|
|Multiplexer      |        -|    -|       -|     196|    -|
|Register         |        -|    -|    2441|       -|    -|
+-----------------+---------+-----+--------+--------+-----+
|Total            |        1|  381|  120499|  319158|    0|
+-----------------+---------+-----+--------+--------+-----+
|Available        |      280|  220|  106400|   53200|    0|
+-----------------+---------+-----+--------+--------+-----+
|Utilization (%)  |       ~0|  173|     113|     599|    0|
+-----------------+---------+-----+--------+--------+-----+

+ Detail: 
    * Instance: 
    +-------------------------------------------------------------------------------+--------------------------------------------------------------------+---------+-----+-------+--------+-----+
    |                                    Instance                                   |                               Module                               | BRAM_18K| DSP |   FF  |   LUT  | URAM|
    +-------------------------------------------------------------------------------+--------------------------------------------------------------------+---------+-----+-------+--------+-----+
    |grp_dense_latency_ap_fixed_16_6_5_3_0_ap_fixed_32_18_5_3_0_config4_s_fu_131    |dense_latency_ap_fixed_16_6_5_3_0_ap_fixed_32_18_5_3_0_config4_s    |        0|   64|  26600|   75134|    0|
    |grp_dense_latency_ap_fixed_16_6_5_3_0_ap_fixed_32_18_5_3_0_config6_s_fu_235    |dense_latency_ap_fixed_16_6_5_3_0_ap_fixed_32_18_5_3_0_config6_s    |        0|   16|   9030|   19154|    0|
    |grp_dense_latency_ap_fixed_16_6_5_3_0_ap_fixed_32_18_5_3_0_config8_s_fu_291    |dense_latency_ap_fixed_16_6_5_3_0_ap_fixed_32_18_5_3_0_config8_s    |        0|    1|    439|     660|    0|
    |grp_dense_latency_ap_fixed_32_16_5_3_0_ap_fixed_32_18_5_3_0_config2_s_fu_57    |dense_latency_ap_fixed_32_16_5_3_0_ap_fixed_32_18_5_3_0_config2_s   |        0|  300|  81987|  217592|    0|
    |call_ret2_relu_ap_fixed_32_18_5_3_0_ap_fixed_16_6_5_3_0_relu_config3_s_fu_63   |relu_ap_fixed_32_18_5_3_0_ap_fixed_16_6_5_3_0_relu_config3_s        |        0|    0|      0|    3520|    0|
    |call_ret4_relu_ap_fixed_32_18_5_3_0_ap_fixed_16_6_5_3_0_relu_config5_s_fu_199  |relu_ap_fixed_32_18_5_3_0_ap_fixed_16_6_5_3_0_relu_config5_s        |        0|    0|      0|    1760|    0|
    |call_ret6_relu_ap_fixed_32_18_5_3_0_ap_fixed_16_6_5_3_0_relu_config7_s_fu_271  |relu_ap_fixed_32_18_5_3_0_ap_fixed_16_6_5_3_0_relu_config7_s        |        0|    0|      0|     880|    0|
    |grp_sigmoid_ap_fixed_32_18_5_3_0_ap_fixed_16_6_5_3_0_sigmoid_config9_s_fu_311  |sigmoid_ap_fixed_32_18_5_3_0_ap_fixed_16_6_5_3_0_sigmoid_config9_s  |        1|    0|      2|     256|    0|
    +-------------------------------------------------------------------------------+--------------------------------------------------------------------+---------+-----+-------+--------+-----+
    |Total                                                                          |                                                                    |        1|  381| 118058|  318956|    0|
    +-------------------------------------------------------------------------------+--------------------------------------------------------------------+---------+-----+-------+--------+-----+

    * DSP: 
    N/A

    * Memory: 
    N/A

    * FIFO: 
    N/A

    * Expression: 
    +--------------------------------------------------------------------------------------+----------+----+---+----+------------+------------+
    |                                     Variable Name                                    | Operation| DSP| FF| LUT| Bitwidth P0| Bitwidth P1|
    +--------------------------------------------------------------------------------------+----------+----+---+----+------------+------------+
    |ap_block_pp0_stage0_11001                                                             |       and|   0|  0|   2|           1|           1|
    |grp_dense_latency_ap_fixed_32_16_5_3_0_ap_fixed_32_18_5_3_0_config2_s_fu_57_ap_start  |        or|   0|  0|   2|           1|           1|
    |ap_enable_pp0                                                                         |       xor|   0|  0|   2|           1|           2|
    +--------------------------------------------------------------------------------------+----------+----+---+----+------------+------------+
    |Total                                                                                 |          |   0|  0|   6|           3|           4|
    +--------------------------------------------------------------------------------------+----------+----+---+----+------------+------------+

    * Multiplexer: 
    +------------------------------+-----+-----------+------+-----------+
    |             Name             | LUT | Input Size| Bits | Total Bits|
    +------------------------------+-----+-----------+------+-----------+
    |ap_NS_fsm                     |  142|         32|     1|         32|
    |ap_enable_reg_pp0_iter0       |    9|          2|     1|          2|
    |ap_enable_reg_pp0_iter3       |    9|          2|     1|          2|
    |hidden_1_input_ap_vld_in_sig  |    9|          2|     1|          2|
    |hidden_1_input_ap_vld_preg    |    9|          2|     1|          2|
    |hidden_1_input_blk_n          |    9|          2|     1|          2|
    |hidden_1_input_in_sig         |    9|          2|  2400|       4800|
    +------------------------------+-----+-----------+------+-----------+
    |Total                         |  196|         44|  2406|       4842|
    +------------------------------+-----+-----------+------+-----------+

    * Register: 
    +--------------------------------------------------------------------------------------------+------+----+------+-----------+
    |                                            Name                                            |  FF  | LUT| Bits | Const Bits|
    +--------------------------------------------------------------------------------------------+------+----+------+-----------+
    |ap_CS_fsm                                                                                   |    31|   0|    31|          0|
    |ap_enable_reg_pp0_iter0_reg                                                                 |     1|   0|     1|          0|
    |ap_enable_reg_pp0_iter1                                                                     |     1|   0|     1|          0|
    |ap_enable_reg_pp0_iter2                                                                     |     1|   0|     1|          0|
    |ap_enable_reg_pp0_iter3                                                                     |     1|   0|     1|          0|
    |grp_dense_latency_ap_fixed_16_6_5_3_0_ap_fixed_32_18_5_3_0_config4_s_fu_131_ap_start_reg    |     1|   0|     1|          0|
    |grp_dense_latency_ap_fixed_16_6_5_3_0_ap_fixed_32_18_5_3_0_config6_s_fu_235_ap_start_reg    |     1|   0|     1|          0|
    |grp_dense_latency_ap_fixed_16_6_5_3_0_ap_fixed_32_18_5_3_0_config8_s_fu_291_ap_start_reg    |     1|   0|     1|          0|
    |grp_dense_latency_ap_fixed_32_16_5_3_0_ap_fixed_32_18_5_3_0_config2_s_fu_57_ap_start_reg    |     1|   0|     1|          0|
    |grp_sigmoid_ap_fixed_32_18_5_3_0_ap_fixed_16_6_5_3_0_sigmoid_config9_s_fu_311_ap_start_reg  |     1|   0|     1|          0|
    |hidden_1_input_ap_vld_preg                                                                  |     1|   0|     1|          0|
    |hidden_1_input_preg                                                                         |  2400|   0|  2400|          0|
    +--------------------------------------------------------------------------------------------+------+----+------+-----------+
    |Total                                                                                       |  2441|   0|  2441|          0|
    +--------------------------------------------------------------------------------------------+------+----+------+-----------+



================================================================
== Interface
================================================================
* Summary: 
+-----------------------+-----+------+------------+----------------+--------------+
|       RTL Ports       | Dir | Bits |  Protocol  |  Source Object |    C Type    |
+-----------------------+-----+------+------------+----------------+--------------+
|ap_clk                 |   in|     1|  ap_ctrl_hs|       myproject|  return value|
|ap_rst                 |   in|     1|  ap_ctrl_hs|       myproject|  return value|
|ap_start               |   in|     1|  ap_ctrl_hs|       myproject|  return value|
|ap_done                |  out|     1|  ap_ctrl_hs|       myproject|  return value|
|ap_idle                |  out|     1|  ap_ctrl_hs|       myproject|  return value|
|ap_ready               |  out|     1|  ap_ctrl_hs|       myproject|  return value|
|hidden_1_input         |   in|  2400|      ap_vld|  hidden_1_input|       pointer|
|hidden_1_input_ap_vld  |   in|     1|      ap_vld|  hidden_1_input|       pointer|
|layer9_out             |  out|    16|      ap_vld|      layer9_out|       pointer|
|layer9_out_ap_vld      |  out|     1|      ap_vld|      layer9_out|       pointer|
+-----------------------+-----+------+------------+----------------+--------------+

