

================================================================
== Vitis HLS Report for 'sigmoid_ap_fixed_32_18_5_3_0_ap_fixed_16_6_5_3_0_sigmoid_config9_s'
================================================================
* Date:           Sat Nov 15 21:49:50 2025

* Version:        2023.1 (Build 3854077 on May  4 2023)
* Project:        myproject_prj
* Solution:       solution1 (Vivado IP Flow Target)
* Product family: zynq
* Target device:  xc7z020-clg400-1


================================================================
== Performance Estimates
================================================================
+ Timing: 
    * Summary: 
    +--------+---------+-----------+------------+
    |  Clock |  Target | Estimated | Uncertainty|
    +--------+---------+-----------+------------+
    |ap_clk  |  0.10 us|  12.152 ns|    27.00 ns|
    +--------+---------+-----------+------------+

+ Latency: 
    * Summary: 
    +---------+---------+----------+----------+-----+-----+---------+
    |  Latency (cycles) |  Latency (absolute) |  Interval | Pipeline|
    |   min   |   max   |    min   |    max   | min | max |   Type  |
    +---------+---------+----------+----------+-----+-----+---------+
    |        1|        1|  0.100 us|  0.100 us|    1|    1|      yes|
    +---------+---------+----------+----------+-----+-----+---------+

    + Detail: 
        * Instance: 
        N/A

        * Loop: 
        N/A



================================================================
== Utilization Estimates
================================================================
* Summary: 
+-----------------+---------+-----+--------+-------+-----+
|       Name      | BRAM_18K| DSP |   FF   |  LUT  | URAM|
+-----------------+---------+-----+--------+-------+-----+
|DSP              |        -|    -|       -|      -|    -|
|Expression       |        -|    -|       0|    256|    -|
|FIFO             |        -|    -|       -|      -|    -|
|Instance         |        -|    -|       -|      -|    -|
|Memory           |        1|    -|       0|      0|    -|
|Multiplexer      |        -|    -|       -|      -|    -|
|Register         |        -|    -|       2|      -|    -|
+-----------------+---------+-----+--------+-------+-----+
|Total            |        1|    0|       2|    256|    0|
+-----------------+---------+-----+--------+-------+-----+
|Available        |      280|  220|  106400|  53200|    0|
+-----------------+---------+-----+--------+-------+-----+
|Utilization (%)  |       ~0|    0|      ~0|     ~0|    0|
+-----------------+---------+-----+--------+-------+-----+

+ Detail: 
    * Instance: 
    N/A

    * DSP: 
    N/A

    * Memory: 
    +-----------------+----------------------------------------------------------------------------------+---------+---+----+-----+------+-----+------+-------------+
    |      Memory     |                                      Module                                      | BRAM_18K| FF| LUT| URAM| Words| Bits| Banks| W*Bits*Banks|
    +-----------------+----------------------------------------------------------------------------------+---------+---+----+-----+------+-----+------+-------------+
    |sigmoid_table_U  |sigmoid_ap_fixed_32_18_5_3_0_ap_fixed_16_6_5_3_0_sigmoid_config9_s_sigmoid_tabkb  |        1|  0|   0|    0|  1024|   10|     1|        10240|
    +-----------------+----------------------------------------------------------------------------------+---------+---+----+-----+------+-----+------+-------------+
    |Total            |                                                                                  |        1|  0|   0|    0|  1024|   10|     1|        10240|
    +-----------------+----------------------------------------------------------------------------------+---------+---+----+-----+------+-----+------+-------------+

    * FIFO: 
    N/A

    * Expression: 
    +------------------------+----------+----+---+----+------------+------------+
    |      Variable Name     | Operation| DSP| FF| LUT| Bitwidth P0| Bitwidth P1|
    +------------------------+----------+----+---+----+------------+------------+
    |add_ln113_fu_149_p2     |         +|   0|  0|  31|          24|          10|
    |add_ln115_fu_117_p2     |         +|   0|  0|  32|          25|           1|
    |index_fu_143_p2         |         +|   0|  0|  32|          25|          10|
    |icmp_ln115_1_fu_111_p2  |      icmp|   0|  0|  17|          14|           1|
    |icmp_ln115_fu_93_p2     |      icmp|   0|  0|  41|          34|           5|
    |icmp_ln119_fu_185_p2    |      icmp|   0|  0|  17|          14|           1|
    |data_round_fu_131_p3    |    select|   0|  0|  25|           1|          25|
    |index_1_fu_163_p3       |    select|   0|  0|  24|           1|           1|
    |index_2_fu_191_p3       |    select|   0|  0|  10|           1|           2|
    |select_ln115_fu_123_p3  |    select|   0|  0|  25|           1|          25|
    |ap_enable_pp0           |       xor|   0|  0|   2|           1|           2|
    +------------------------+----------+----+---+----+------------+------------+
    |Total                   |          |   0|  0| 256|         141|          83|
    +------------------------+----------+----+---+----+------------+------------+

    * Multiplexer: 
    N/A

    * Register: 
    +-------------------------+---+----+-----+-----------+
    |           Name          | FF| LUT| Bits| Const Bits|
    +-------------------------+---+----+-----+-----------+
    |ap_CS_fsm                |  1|   0|    1|          0|
    |ap_enable_reg_pp0_iter1  |  1|   0|    1|          0|
    +-------------------------+---+----+-----+-----------+
    |Total                    |  2|   0|    2|          0|
    +-------------------------+---+----+-----+-----------+



================================================================
== Interface
================================================================
* Summary: 
+-----------+-----+-----+------------+-------------------------------------------------------------------------------+--------------+
| RTL Ports | Dir | Bits|  Protocol  |                                 Source Object                                 |    C Type    |
+-----------+-----+-----+------------+-------------------------------------------------------------------------------+--------------+
|ap_clk     |   in|    1|  ap_ctrl_hs|  sigmoid<ap_fixed<32, 18, 5, 3, 0>, ap_fixed<16, 6, 5, 3, 0>, sigmoid_config9>|  return value|
|ap_rst     |   in|    1|  ap_ctrl_hs|  sigmoid<ap_fixed<32, 18, 5, 3, 0>, ap_fixed<16, 6, 5, 3, 0>, sigmoid_config9>|  return value|
|ap_start   |   in|    1|  ap_ctrl_hs|  sigmoid<ap_fixed<32, 18, 5, 3, 0>, ap_fixed<16, 6, 5, 3, 0>, sigmoid_config9>|  return value|
|ap_done    |  out|    1|  ap_ctrl_hs|  sigmoid<ap_fixed<32, 18, 5, 3, 0>, ap_fixed<16, 6, 5, 3, 0>, sigmoid_config9>|  return value|
|ap_idle    |  out|    1|  ap_ctrl_hs|  sigmoid<ap_fixed<32, 18, 5, 3, 0>, ap_fixed<16, 6, 5, 3, 0>, sigmoid_config9>|  return value|
|ap_ready   |  out|    1|  ap_ctrl_hs|  sigmoid<ap_fixed<32, 18, 5, 3, 0>, ap_fixed<16, 6, 5, 3, 0>, sigmoid_config9>|  return value|
|ap_ce      |   in|    1|  ap_ctrl_hs|  sigmoid<ap_fixed<32, 18, 5, 3, 0>, ap_fixed<16, 6, 5, 3, 0>, sigmoid_config9>|  return value|
|ap_return  |  out|   10|  ap_ctrl_hs|  sigmoid<ap_fixed<32, 18, 5, 3, 0>, ap_fixed<16, 6, 5, 3, 0>, sigmoid_config9>|  return value|
|data_val   |   in|   24|     ap_none|                                                                       data_val|        scalar|
+-----------+-----+-----+------------+-------------------------------------------------------------------------------+--------------+

