0.514648 
0.506836 
0.514648 
0.510742 
0.50293 
0.514648 
0.522461 
0.506836 
0.510742 
0.5 
0.510742 
0.53418 
0.50293 
0.50293 
0.496094 
0.5 
0.506836 
0.522461 
0.510742 
0.50293 
0.506836 
0.5 
0.510742 
0.514648 
0.5 
0.506836 
0.510742 
0.510742 
0.50293 
0.50293 
0.488281 
0.5 
0.5 
0.506836 
0.518555 
0.530273 
0.506836 
0.538086 
0.514648 
0.518555 
0.526367 
0.50293 
0.518555 
0.526367 
0.496094 
0.53418 
0.526367 
0.530273 
0.510742 
0.5 
0.492188 
0.50293 
0.5 
0.522461 
0.50293 
0.5 
0.5 
0.506836 
0.506836 
0.522461 
0.492188 
0.5 
0.506836 
0.50293 
0.5 
0.50293 
0.5 
0.50293 
0.506836 
0.5 
0.50293 
0.510742 
0.5 
0.5 
0.5 
0.5 
0.492188 
0.506836 
0.5 
0.50293 
0.510742 
0.496094 
0.5 
0.484375 
0.5 
0.50293 
0.53418 
0.538086 
0.484375 
0.496094 
0.50293 
0.492188 
0.492188 
0.5 
0.496094 
0.5 
0.492188 
0.50293 
0.518555 
0.53418 
0.50293 
0.5 
0.522461 
0.549805 
0.510742 
0.522461 
0.506836 
0.5 
0.506836 
0.526367 
0.514648 
0.506836 
0.492188 
0.5 
0.5 
0.5 
0.514648 
0.492188 
0.492188 
0.496094 
0.5 
0.5 
0.50293 
0.5 
0.50293 
0.50293 
0.5 
0.5 
0.5 
0.50293 
0.5 
0.506836 
0.496094 
0.510742 
0.5 
0.526367 
0.541992 
0.50293 
0.530273 
0.53418 
0.506836 
0.5 
0.488281 
0.5 
0.484375 
0.488281 
0.50293 
0.5 
0.5 
0.5 
0.50293 
0.510742 
0.514648 
0.50293 
0.50293 
0.5 
0.5 
0.5 
0.496094 
0.5 
0.5 
0.5 
0.50293 
0.526367 
0.496094 
0.506836 
0.538086 
0.530273 
0.526367 
0.538086 
0.530273 
0.53418 
0.484375 
0.584961 
0.522461 
0.5 
0.506836 
0.530273 
0.526367 
0.526367 
0.518555 
0.506836 
0.530273 
0.472656 
0.510742 
0.50293 
0.506836 
0.5 
0.50293 
0.506836 
0.506836 
0.506836 
0.5 
0.506836 
0.510742 
0.50293 
0.50293 
0.510742 
0.506836 
0.5 
0.5 
0.5 
0.5 
0.496094 
0.50293 
0.492188 
0.492188 
0.5 
0.5 
0.496094 
0.526367 
0.492188 
0.492188 
0.538086 
0.5 
0.496094 
0.5 
0.5 
0.492188 
0.510742 
0.5 
0.492188 
0.50293 
0.496094 
0.5 
0.5 
0.50293 
0.5 
0.50293 
0.5 
0.518555 
0.522461 
0.5 
0.5 
0.50293 
0.50293 
0.506836 
0.5 
0.510742 
0.506836 
0.514648 
0.514648 
0.518555 
0.50293 
0.506836 
0.510742 
0.510742 
0.5 
0.510742 
0.50293 
0.514648 
0.496094 
0.510742 
0.50293 
0.5 
0.50293 
0.5 
0.488281 
0.5 
0.480469 
0.488281 
0.488281 
0.484375 
0.492188 
0.496094 
0.492188 
0.5 
0.538086 
0.538086 
0.522461 
0.5 
0.518555 
0.510742 
0.492188 
0.561523 
0.50293 
0.484375 
0.522461 
0.522461 
0.56543 
0.538086 
0.5 
0.549805 
0.553711 
0.484375 
0.553711 
0.545898 
0.591797 
0.530273 
0.492188 
0.50293 
0.488281 
0.5 
0.522461 
0.510742 
0.492188 
0.50293 
0.496094 
0.429688 
0.5 
0.484375 
0.510742 
0.5 
0.518555 
0.476563 
0.510742 
0.510742 
0.50293 
0.496094 
0.5 
0.545898 
0.545898 
0.514648 
0.492188 
0.526367 
0.5 
0.53418 
0.492188 
0.488281 
0.484375 
0.488281 
0.480469 
0.522461 
0.5 
0.545898 
0.545898 
0.518555 
0.514648 
0.541992 
0.526367 
0.557617 
0.538086 
0.510742 
0.464844 
0.50293 
0.53418 
0.492188 
0.492188 
0.496094 
0.5 
0.518555 
0.496094 
0.5 
0.50293 
0.5 
0.5 
0.50293 
0.526367 
0.506836 
0.530273 
0.538086 
0.557617 
0.5 
0.553711 
0.530273 
0.488281 
0.492188 
0.5 
0.50293 
0.5 
0.518555 
0.496094 
0.510742 
0.561523 
0.561523 
0.541992 
0.514648 
0.514648 
0.488281 
0.484375 
0.488281 
0.496094 
0.496094 
0.506836 
0.5 
0.50293 
0.518555 
0.510742 
0.514648 
0.514648 
0.506836 
0.50293 
0.506836 
0.5 
0.5 
0.506836 
0.506836 
0.510742 
0.506836 
0.5 
0.510742 
0.5 
0.496094 
0.514648 
0.50293 
0.522461 
0.506836 
0.506836 
0.514648 
0.506836 
0.50293 
0.5 
0.514648 
0.5 
0.557617 
0.545898 
0.488281 
0.50293 
0.53418 
0.492188 
0.5 
0.526367 
0.53418 
0.510742 
0.514648 
0.5 
0.510742 
0.530273 
0.484375 
0.484375 
0.53418 
0.496094 
0.5 
0.510742 
0.484375 
0.510742 
0.526367 
0.514648 
0.506836 
0.510742 
0.50293 
0.5 
0.506836 
0.5 
0.506836 
0.510742 
0.50293 
0.506836 
0.510742 
0.506836 
0.514648 
0.506836 
0.510742 
0.506836 
0.5 
0.50293 
0.496094 
0.492188 
0.5 
0.492188 
0.50293 
0.5 
0.506836 
0.514648 
0.50293 
0.5 
0.496094 
0.541992 
0.50293 
0.530273 
0.492188 
0.545898 
0.506836 
0.496094 
