

================================================================
== Vitis HLS Report for 'relu_ap_fixed_32_18_5_3_0_ap_fixed_16_6_5_3_0_relu_config7_s'
================================================================
* Date:           Sat Nov 15 22:36:12 2025

* Version:        2023.1 (Build 3854077 on May  4 2023)
* Project:        myproject_prj
* Solution:       solution1 (Vivado IP Flow Target)
* Product family: zynq
* Target device:  xc7z020-clg400-1


================================================================
== Performance Estimates
================================================================
+ Timing: 
    * Summary: 
    +--------+---------+----------+------------+
    |  Clock |  Target | Estimated| Uncertainty|
    +--------+---------+----------+------------+
    |ap_clk  |  0.10 us|  3.357 ns|    27.00 ns|
    +--------+---------+----------+------------+

+ Latency: 
    * Summary: 
    +---------+---------+----------+----------+-----+-----+---------+
    |  Latency (cycles) |  Latency (absolute) |  Interval | Pipeline|
    |   min   |   max   |    min   |    max   | min | max |   Type  |
    +---------+---------+----------+----------+-----+-----+---------+
    |        0|        0|      0 ns|      0 ns|    1|    1|      yes|
    +---------+---------+----------+----------+-----+-----+---------+

    + Detail: 
        * Instance: 
        N/A

        * Loop: 
        N/A

============================================================
+ Verbose Summary: Synthesis Manager
============================================================
InlineROM: 1
ExposeGlobal: 0
============================================================
+ Verbose Summary: CDFG Model
============================================================
IsTopModel: 0
ResetActiveHigh: 1
IsCombinational: 0
IsDatapathOnly: 0
HasWiredReturn: 1
HasMFsm: 2
HasVarLatency: 0
IsPipeline: 1
IsRtlPipelined: 0
IsInstanceOverlapped: 0
IsDontTouch: 0
HasImplIP: 0
IsGatedGlobalClock: 0

+ Individual pipeline summary: 
  * Pipeline-0: initiation interval (II) = 1, depth = 1


============================================================
+ Verbose Summary: Schedule
============================================================
* Number of FSM states : 1
* Pipeline : 1
  Pipeline-0 : II = 1, D = 1, States = { 1 }
* Dataflow Pipeline: 0

* FSM state transitions: 
1 --> 

* FSM state operations: 

State 1 <SV = 0> <Delay = 3.35>
ST_1 : Operation 2 [1/1] (0.00ns)   --->   "%specpipeline_ln43 = specpipeline void @_ssdm_op_SpecPipeline, i32 4294967295, i32 0, i32 0, i32 0, void @empty_0" [firmware/nnet_utils/nnet_activation.h:43]   --->   Operation 2 'specpipeline' 'specpipeline_ln43' <Predicate = true> <Delay = 0.00>
ST_1 : Operation 3 [1/1] (0.00ns)   --->   "%data_15_val_read = read i32 @_ssdm_op_Read.ap_auto.i32, i32 %data_15_val" [firmware/nnet_utils/nnet_activation.h:42]   --->   Operation 3 'read' 'data_15_val_read' <Predicate = true> <Delay = 0.00>
ST_1 : Operation 4 [1/1] (0.00ns)   --->   "%data_14_val_read = read i32 @_ssdm_op_Read.ap_auto.i32, i32 %data_14_val" [firmware/nnet_utils/nnet_activation.h:42]   --->   Operation 4 'read' 'data_14_val_read' <Predicate = true> <Delay = 0.00>
ST_1 : Operation 5 [1/1] (0.00ns)   --->   "%data_13_val_read = read i32 @_ssdm_op_Read.ap_auto.i32, i32 %data_13_val" [firmware/nnet_utils/nnet_activation.h:42]   --->   Operation 5 'read' 'data_13_val_read' <Predicate = true> <Delay = 0.00>
ST_1 : Operation 6 [1/1] (0.00ns)   --->   "%data_12_val_read = read i32 @_ssdm_op_Read.ap_auto.i32, i32 %data_12_val" [firmware/nnet_utils/nnet_activation.h:42]   --->   Operation 6 'read' 'data_12_val_read' <Predicate = true> <Delay = 0.00>
ST_1 : Operation 7 [1/1] (0.00ns)   --->   "%data_11_val_read = read i32 @_ssdm_op_Read.ap_auto.i32, i32 %data_11_val" [firmware/nnet_utils/nnet_activation.h:42]   --->   Operation 7 'read' 'data_11_val_read' <Predicate = true> <Delay = 0.00>
ST_1 : Operation 8 [1/1] (0.00ns)   --->   "%data_10_val_read = read i32 @_ssdm_op_Read.ap_auto.i32, i32 %data_10_val" [firmware/nnet_utils/nnet_activation.h:42]   --->   Operation 8 'read' 'data_10_val_read' <Predicate = true> <Delay = 0.00>
ST_1 : Operation 9 [1/1] (0.00ns)   --->   "%data_9_val_read = read i32 @_ssdm_op_Read.ap_auto.i32, i32 %data_9_val" [firmware/nnet_utils/nnet_activation.h:42]   --->   Operation 9 'read' 'data_9_val_read' <Predicate = true> <Delay = 0.00>
ST_1 : Operation 10 [1/1] (0.00ns)   --->   "%data_8_val_read = read i32 @_ssdm_op_Read.ap_auto.i32, i32 %data_8_val" [firmware/nnet_utils/nnet_activation.h:42]   --->   Operation 10 'read' 'data_8_val_read' <Predicate = true> <Delay = 0.00>
ST_1 : Operation 11 [1/1] (0.00ns)   --->   "%data_7_val_read = read i32 @_ssdm_op_Read.ap_auto.i32, i32 %data_7_val" [firmware/nnet_utils/nnet_activation.h:42]   --->   Operation 11 'read' 'data_7_val_read' <Predicate = true> <Delay = 0.00>
ST_1 : Operation 12 [1/1] (0.00ns)   --->   "%data_6_val_read = read i32 @_ssdm_op_Read.ap_auto.i32, i32 %data_6_val" [firmware/nnet_utils/nnet_activation.h:42]   --->   Operation 12 'read' 'data_6_val_read' <Predicate = true> <Delay = 0.00>
ST_1 : Operation 13 [1/1] (0.00ns)   --->   "%data_5_val_read = read i32 @_ssdm_op_Read.ap_auto.i32, i32 %data_5_val" [firmware/nnet_utils/nnet_activation.h:42]   --->   Operation 13 'read' 'data_5_val_read' <Predicate = true> <Delay = 0.00>
ST_1 : Operation 14 [1/1] (0.00ns)   --->   "%data_4_val_read = read i32 @_ssdm_op_Read.ap_auto.i32, i32 %data_4_val" [firmware/nnet_utils/nnet_activation.h:42]   --->   Operation 14 'read' 'data_4_val_read' <Predicate = true> <Delay = 0.00>
ST_1 : Operation 15 [1/1] (0.00ns)   --->   "%data_3_val_read = read i32 @_ssdm_op_Read.ap_auto.i32, i32 %data_3_val" [firmware/nnet_utils/nnet_activation.h:42]   --->   Operation 15 'read' 'data_3_val_read' <Predicate = true> <Delay = 0.00>
ST_1 : Operation 16 [1/1] (0.00ns)   --->   "%data_2_val_read = read i32 @_ssdm_op_Read.ap_auto.i32, i32 %data_2_val" [firmware/nnet_utils/nnet_activation.h:42]   --->   Operation 16 'read' 'data_2_val_read' <Predicate = true> <Delay = 0.00>
ST_1 : Operation 17 [1/1] (0.00ns)   --->   "%data_1_val_read = read i32 @_ssdm_op_Read.ap_auto.i32, i32 %data_1_val" [firmware/nnet_utils/nnet_activation.h:42]   --->   Operation 17 'read' 'data_1_val_read' <Predicate = true> <Delay = 0.00>
ST_1 : Operation 18 [1/1] (0.00ns)   --->   "%data_0_val_read = read i32 @_ssdm_op_Read.ap_auto.i32, i32 %data_0_val" [firmware/nnet_utils/nnet_activation.h:42]   --->   Operation 18 'read' 'data_0_val_read' <Predicate = true> <Delay = 0.00>
ST_1 : Operation 19 [1/1] (2.55ns)   --->   "%icmp_ln45 = icmp_sgt  i32 %data_0_val_read, i32 0" [firmware/nnet_utils/nnet_activation.h:45]   --->   Operation 19 'icmp' 'icmp_ln45' <Predicate = true> <Delay = 2.55> <CoreInst = "Cmp">   --->   Core 9 'Cmp' <Latency = 0> <II = 1> <Delay = 2.55> <FuncUnit> <Opcode : 'icmp'> <InPorts = 2> <OutPorts = 1>
ST_1 : Operation 20 [1/1] (0.00ns)   --->   "%trunc_ln = partselect i16 @_ssdm_op_PartSelect.i16.i32.i32.i32, i32 %data_0_val_read, i32 4, i32 19" [firmware/nnet_utils/nnet_activation.h:46]   --->   Operation 20 'partselect' 'trunc_ln' <Predicate = (icmp_ln45)> <Delay = 0.00>
ST_1 : Operation 21 [1/1] (0.80ns)   --->   "%select_ln45 = select i1 %icmp_ln45, i16 %trunc_ln, i16 0" [firmware/nnet_utils/nnet_activation.h:45]   --->   Operation 21 'select' 'select_ln45' <Predicate = true> <Delay = 0.80> <CoreInst = "Sel">   --->   Core 73 'Sel' <Latency = 0> <II = 1> <Delay = 0.80> <FuncUnit> <Opcode : 'select'> <InPorts = 3> <OutPorts = 1>
ST_1 : Operation 22 [1/1] (2.55ns)   --->   "%icmp_ln45_1 = icmp_sgt  i32 %data_1_val_read, i32 0" [firmware/nnet_utils/nnet_activation.h:45]   --->   Operation 22 'icmp' 'icmp_ln45_1' <Predicate = true> <Delay = 2.55> <CoreInst = "Cmp">   --->   Core 9 'Cmp' <Latency = 0> <II = 1> <Delay = 2.55> <FuncUnit> <Opcode : 'icmp'> <InPorts = 2> <OutPorts = 1>
ST_1 : Operation 23 [1/1] (0.00ns)   --->   "%trunc_ln46_1 = partselect i16 @_ssdm_op_PartSelect.i16.i32.i32.i32, i32 %data_1_val_read, i32 4, i32 19" [firmware/nnet_utils/nnet_activation.h:46]   --->   Operation 23 'partselect' 'trunc_ln46_1' <Predicate = (icmp_ln45_1)> <Delay = 0.00>
ST_1 : Operation 24 [1/1] (0.80ns)   --->   "%select_ln45_1 = select i1 %icmp_ln45_1, i16 %trunc_ln46_1, i16 0" [firmware/nnet_utils/nnet_activation.h:45]   --->   Operation 24 'select' 'select_ln45_1' <Predicate = true> <Delay = 0.80> <CoreInst = "Sel">   --->   Core 73 'Sel' <Latency = 0> <II = 1> <Delay = 0.80> <FuncUnit> <Opcode : 'select'> <InPorts = 3> <OutPorts = 1>
ST_1 : Operation 25 [1/1] (2.55ns)   --->   "%icmp_ln45_2 = icmp_sgt  i32 %data_2_val_read, i32 0" [firmware/nnet_utils/nnet_activation.h:45]   --->   Operation 25 'icmp' 'icmp_ln45_2' <Predicate = true> <Delay = 2.55> <CoreInst = "Cmp">   --->   Core 9 'Cmp' <Latency = 0> <II = 1> <Delay = 2.55> <FuncUnit> <Opcode : 'icmp'> <InPorts = 2> <OutPorts = 1>
ST_1 : Operation 26 [1/1] (0.00ns)   --->   "%trunc_ln46_2 = partselect i16 @_ssdm_op_PartSelect.i16.i32.i32.i32, i32 %data_2_val_read, i32 4, i32 19" [firmware/nnet_utils/nnet_activation.h:46]   --->   Operation 26 'partselect' 'trunc_ln46_2' <Predicate = (icmp_ln45_2)> <Delay = 0.00>
ST_1 : Operation 27 [1/1] (0.80ns)   --->   "%select_ln45_2 = select i1 %icmp_ln45_2, i16 %trunc_ln46_2, i16 0" [firmware/nnet_utils/nnet_activation.h:45]   --->   Operation 27 'select' 'select_ln45_2' <Predicate = true> <Delay = 0.80> <CoreInst = "Sel">   --->   Core 73 'Sel' <Latency = 0> <II = 1> <Delay = 0.80> <FuncUnit> <Opcode : 'select'> <InPorts = 3> <OutPorts = 1>
ST_1 : Operation 28 [1/1] (2.55ns)   --->   "%icmp_ln45_3 = icmp_sgt  i32 %data_3_val_read, i32 0" [firmware/nnet_utils/nnet_activation.h:45]   --->   Operation 28 'icmp' 'icmp_ln45_3' <Predicate = true> <Delay = 2.55> <CoreInst = "Cmp">   --->   Core 9 'Cmp' <Latency = 0> <II = 1> <Delay = 2.55> <FuncUnit> <Opcode : 'icmp'> <InPorts = 2> <OutPorts = 1>
ST_1 : Operation 29 [1/1] (0.00ns)   --->   "%trunc_ln46_3 = partselect i16 @_ssdm_op_PartSelect.i16.i32.i32.i32, i32 %data_3_val_read, i32 4, i32 19" [firmware/nnet_utils/nnet_activation.h:46]   --->   Operation 29 'partselect' 'trunc_ln46_3' <Predicate = (icmp_ln45_3)> <Delay = 0.00>
ST_1 : Operation 30 [1/1] (0.80ns)   --->   "%select_ln45_3 = select i1 %icmp_ln45_3, i16 %trunc_ln46_3, i16 0" [firmware/nnet_utils/nnet_activation.h:45]   --->   Operation 30 'select' 'select_ln45_3' <Predicate = true> <Delay = 0.80> <CoreInst = "Sel">   --->   Core 73 'Sel' <Latency = 0> <II = 1> <Delay = 0.80> <FuncUnit> <Opcode : 'select'> <InPorts = 3> <OutPorts = 1>
ST_1 : Operation 31 [1/1] (2.55ns)   --->   "%icmp_ln45_4 = icmp_sgt  i32 %data_4_val_read, i32 0" [firmware/nnet_utils/nnet_activation.h:45]   --->   Operation 31 'icmp' 'icmp_ln45_4' <Predicate = true> <Delay = 2.55> <CoreInst = "Cmp">   --->   Core 9 'Cmp' <Latency = 0> <II = 1> <Delay = 2.55> <FuncUnit> <Opcode : 'icmp'> <InPorts = 2> <OutPorts = 1>
ST_1 : Operation 32 [1/1] (0.00ns)   --->   "%trunc_ln46_4 = partselect i16 @_ssdm_op_PartSelect.i16.i32.i32.i32, i32 %data_4_val_read, i32 4, i32 19" [firmware/nnet_utils/nnet_activation.h:46]   --->   Operation 32 'partselect' 'trunc_ln46_4' <Predicate = (icmp_ln45_4)> <Delay = 0.00>
ST_1 : Operation 33 [1/1] (0.80ns)   --->   "%select_ln45_4 = select i1 %icmp_ln45_4, i16 %trunc_ln46_4, i16 0" [firmware/nnet_utils/nnet_activation.h:45]   --->   Operation 33 'select' 'select_ln45_4' <Predicate = true> <Delay = 0.80> <CoreInst = "Sel">   --->   Core 73 'Sel' <Latency = 0> <II = 1> <Delay = 0.80> <FuncUnit> <Opcode : 'select'> <InPorts = 3> <OutPorts = 1>
ST_1 : Operation 34 [1/1] (2.55ns)   --->   "%icmp_ln45_5 = icmp_sgt  i32 %data_5_val_read, i32 0" [firmware/nnet_utils/nnet_activation.h:45]   --->   Operation 34 'icmp' 'icmp_ln45_5' <Predicate = true> <Delay = 2.55> <CoreInst = "Cmp">   --->   Core 9 'Cmp' <Latency = 0> <II = 1> <Delay = 2.55> <FuncUnit> <Opcode : 'icmp'> <InPorts = 2> <OutPorts = 1>
ST_1 : Operation 35 [1/1] (0.00ns)   --->   "%trunc_ln46_5 = partselect i16 @_ssdm_op_PartSelect.i16.i32.i32.i32, i32 %data_5_val_read, i32 4, i32 19" [firmware/nnet_utils/nnet_activation.h:46]   --->   Operation 35 'partselect' 'trunc_ln46_5' <Predicate = (icmp_ln45_5)> <Delay = 0.00>
ST_1 : Operation 36 [1/1] (0.80ns)   --->   "%select_ln45_5 = select i1 %icmp_ln45_5, i16 %trunc_ln46_5, i16 0" [firmware/nnet_utils/nnet_activation.h:45]   --->   Operation 36 'select' 'select_ln45_5' <Predicate = true> <Delay = 0.80> <CoreInst = "Sel">   --->   Core 73 'Sel' <Latency = 0> <II = 1> <Delay = 0.80> <FuncUnit> <Opcode : 'select'> <InPorts = 3> <OutPorts = 1>
ST_1 : Operation 37 [1/1] (2.55ns)   --->   "%icmp_ln45_6 = icmp_sgt  i32 %data_6_val_read, i32 0" [firmware/nnet_utils/nnet_activation.h:45]   --->   Operation 37 'icmp' 'icmp_ln45_6' <Predicate = true> <Delay = 2.55> <CoreInst = "Cmp">   --->   Core 9 'Cmp' <Latency = 0> <II = 1> <Delay = 2.55> <FuncUnit> <Opcode : 'icmp'> <InPorts = 2> <OutPorts = 1>
ST_1 : Operation 38 [1/1] (0.00ns)   --->   "%trunc_ln46_6 = partselect i16 @_ssdm_op_PartSelect.i16.i32.i32.i32, i32 %data_6_val_read, i32 4, i32 19" [firmware/nnet_utils/nnet_activation.h:46]   --->   Operation 38 'partselect' 'trunc_ln46_6' <Predicate = (icmp_ln45_6)> <Delay = 0.00>
ST_1 : Operation 39 [1/1] (0.80ns)   --->   "%select_ln45_6 = select i1 %icmp_ln45_6, i16 %trunc_ln46_6, i16 0" [firmware/nnet_utils/nnet_activation.h:45]   --->   Operation 39 'select' 'select_ln45_6' <Predicate = true> <Delay = 0.80> <CoreInst = "Sel">   --->   Core 73 'Sel' <Latency = 0> <II = 1> <Delay = 0.80> <FuncUnit> <Opcode : 'select'> <InPorts = 3> <OutPorts = 1>
ST_1 : Operation 40 [1/1] (2.55ns)   --->   "%icmp_ln45_7 = icmp_sgt  i32 %data_7_val_read, i32 0" [firmware/nnet_utils/nnet_activation.h:45]   --->   Operation 40 'icmp' 'icmp_ln45_7' <Predicate = true> <Delay = 2.55> <CoreInst = "Cmp">   --->   Core 9 'Cmp' <Latency = 0> <II = 1> <Delay = 2.55> <FuncUnit> <Opcode : 'icmp'> <InPorts = 2> <OutPorts = 1>
ST_1 : Operation 41 [1/1] (0.00ns)   --->   "%trunc_ln46_7 = partselect i16 @_ssdm_op_PartSelect.i16.i32.i32.i32, i32 %data_7_val_read, i32 4, i32 19" [firmware/nnet_utils/nnet_activation.h:46]   --->   Operation 41 'partselect' 'trunc_ln46_7' <Predicate = (icmp_ln45_7)> <Delay = 0.00>
ST_1 : Operation 42 [1/1] (0.80ns)   --->   "%select_ln45_7 = select i1 %icmp_ln45_7, i16 %trunc_ln46_7, i16 0" [firmware/nnet_utils/nnet_activation.h:45]   --->   Operation 42 'select' 'select_ln45_7' <Predicate = true> <Delay = 0.80> <CoreInst = "Sel">   --->   Core 73 'Sel' <Latency = 0> <II = 1> <Delay = 0.80> <FuncUnit> <Opcode : 'select'> <InPorts = 3> <OutPorts = 1>
ST_1 : Operation 43 [1/1] (2.55ns)   --->   "%icmp_ln45_8 = icmp_sgt  i32 %data_8_val_read, i32 0" [firmware/nnet_utils/nnet_activation.h:45]   --->   Operation 43 'icmp' 'icmp_ln45_8' <Predicate = true> <Delay = 2.55> <CoreInst = "Cmp">   --->   Core 9 'Cmp' <Latency = 0> <II = 1> <Delay = 2.55> <FuncUnit> <Opcode : 'icmp'> <InPorts = 2> <OutPorts = 1>
ST_1 : Operation 44 [1/1] (0.00ns)   --->   "%trunc_ln46_8 = partselect i16 @_ssdm_op_PartSelect.i16.i32.i32.i32, i32 %data_8_val_read, i32 4, i32 19" [firmware/nnet_utils/nnet_activation.h:46]   --->   Operation 44 'partselect' 'trunc_ln46_8' <Predicate = (icmp_ln45_8)> <Delay = 0.00>
ST_1 : Operation 45 [1/1] (0.80ns)   --->   "%select_ln45_8 = select i1 %icmp_ln45_8, i16 %trunc_ln46_8, i16 0" [firmware/nnet_utils/nnet_activation.h:45]   --->   Operation 45 'select' 'select_ln45_8' <Predicate = true> <Delay = 0.80> <CoreInst = "Sel">   --->   Core 73 'Sel' <Latency = 0> <II = 1> <Delay = 0.80> <FuncUnit> <Opcode : 'select'> <InPorts = 3> <OutPorts = 1>
ST_1 : Operation 46 [1/1] (2.55ns)   --->   "%icmp_ln45_9 = icmp_sgt  i32 %data_9_val_read, i32 0" [firmware/nnet_utils/nnet_activation.h:45]   --->   Operation 46 'icmp' 'icmp_ln45_9' <Predicate = true> <Delay = 2.55> <CoreInst = "Cmp">   --->   Core 9 'Cmp' <Latency = 0> <II = 1> <Delay = 2.55> <FuncUnit> <Opcode : 'icmp'> <InPorts = 2> <OutPorts = 1>
ST_1 : Operation 47 [1/1] (0.00ns)   --->   "%trunc_ln46_9 = partselect i16 @_ssdm_op_PartSelect.i16.i32.i32.i32, i32 %data_9_val_read, i32 4, i32 19" [firmware/nnet_utils/nnet_activation.h:46]   --->   Operation 47 'partselect' 'trunc_ln46_9' <Predicate = (icmp_ln45_9)> <Delay = 0.00>
ST_1 : Operation 48 [1/1] (0.80ns)   --->   "%select_ln45_9 = select i1 %icmp_ln45_9, i16 %trunc_ln46_9, i16 0" [firmware/nnet_utils/nnet_activation.h:45]   --->   Operation 48 'select' 'select_ln45_9' <Predicate = true> <Delay = 0.80> <CoreInst = "Sel">   --->   Core 73 'Sel' <Latency = 0> <II = 1> <Delay = 0.80> <FuncUnit> <Opcode : 'select'> <InPorts = 3> <OutPorts = 1>
ST_1 : Operation 49 [1/1] (2.55ns)   --->   "%icmp_ln45_10 = icmp_sgt  i32 %data_10_val_read, i32 0" [firmware/nnet_utils/nnet_activation.h:45]   --->   Operation 49 'icmp' 'icmp_ln45_10' <Predicate = true> <Delay = 2.55> <CoreInst = "Cmp">   --->   Core 9 'Cmp' <Latency = 0> <II = 1> <Delay = 2.55> <FuncUnit> <Opcode : 'icmp'> <InPorts = 2> <OutPorts = 1>
ST_1 : Operation 50 [1/1] (0.00ns)   --->   "%trunc_ln46_s = partselect i16 @_ssdm_op_PartSelect.i16.i32.i32.i32, i32 %data_10_val_read, i32 4, i32 19" [firmware/nnet_utils/nnet_activation.h:46]   --->   Operation 50 'partselect' 'trunc_ln46_s' <Predicate = (icmp_ln45_10)> <Delay = 0.00>
ST_1 : Operation 51 [1/1] (0.80ns)   --->   "%select_ln45_10 = select i1 %icmp_ln45_10, i16 %trunc_ln46_s, i16 0" [firmware/nnet_utils/nnet_activation.h:45]   --->   Operation 51 'select' 'select_ln45_10' <Predicate = true> <Delay = 0.80> <CoreInst = "Sel">   --->   Core 73 'Sel' <Latency = 0> <II = 1> <Delay = 0.80> <FuncUnit> <Opcode : 'select'> <InPorts = 3> <OutPorts = 1>
ST_1 : Operation 52 [1/1] (2.55ns)   --->   "%icmp_ln45_11 = icmp_sgt  i32 %data_11_val_read, i32 0" [firmware/nnet_utils/nnet_activation.h:45]   --->   Operation 52 'icmp' 'icmp_ln45_11' <Predicate = true> <Delay = 2.55> <CoreInst = "Cmp">   --->   Core 9 'Cmp' <Latency = 0> <II = 1> <Delay = 2.55> <FuncUnit> <Opcode : 'icmp'> <InPorts = 2> <OutPorts = 1>
ST_1 : Operation 53 [1/1] (0.00ns)   --->   "%trunc_ln46_10 = partselect i16 @_ssdm_op_PartSelect.i16.i32.i32.i32, i32 %data_11_val_read, i32 4, i32 19" [firmware/nnet_utils/nnet_activation.h:46]   --->   Operation 53 'partselect' 'trunc_ln46_10' <Predicate = (icmp_ln45_11)> <Delay = 0.00>
ST_1 : Operation 54 [1/1] (0.80ns)   --->   "%select_ln45_11 = select i1 %icmp_ln45_11, i16 %trunc_ln46_10, i16 0" [firmware/nnet_utils/nnet_activation.h:45]   --->   Operation 54 'select' 'select_ln45_11' <Predicate = true> <Delay = 0.80> <CoreInst = "Sel">   --->   Core 73 'Sel' <Latency = 0> <II = 1> <Delay = 0.80> <FuncUnit> <Opcode : 'select'> <InPorts = 3> <OutPorts = 1>
ST_1 : Operation 55 [1/1] (2.55ns)   --->   "%icmp_ln45_12 = icmp_sgt  i32 %data_12_val_read, i32 0" [firmware/nnet_utils/nnet_activation.h:45]   --->   Operation 55 'icmp' 'icmp_ln45_12' <Predicate = true> <Delay = 2.55> <CoreInst = "Cmp">   --->   Core 9 'Cmp' <Latency = 0> <II = 1> <Delay = 2.55> <FuncUnit> <Opcode : 'icmp'> <InPorts = 2> <OutPorts = 1>
ST_1 : Operation 56 [1/1] (0.00ns)   --->   "%trunc_ln46_11 = partselect i16 @_ssdm_op_PartSelect.i16.i32.i32.i32, i32 %data_12_val_read, i32 4, i32 19" [firmware/nnet_utils/nnet_activation.h:46]   --->   Operation 56 'partselect' 'trunc_ln46_11' <Predicate = (icmp_ln45_12)> <Delay = 0.00>
ST_1 : Operation 57 [1/1] (0.80ns)   --->   "%select_ln45_12 = select i1 %icmp_ln45_12, i16 %trunc_ln46_11, i16 0" [firmware/nnet_utils/nnet_activation.h:45]   --->   Operation 57 'select' 'select_ln45_12' <Predicate = true> <Delay = 0.80> <CoreInst = "Sel">   --->   Core 73 'Sel' <Latency = 0> <II = 1> <Delay = 0.80> <FuncUnit> <Opcode : 'select'> <InPorts = 3> <OutPorts = 1>
ST_1 : Operation 58 [1/1] (2.55ns)   --->   "%icmp_ln45_13 = icmp_sgt  i32 %data_13_val_read, i32 0" [firmware/nnet_utils/nnet_activation.h:45]   --->   Operation 58 'icmp' 'icmp_ln45_13' <Predicate = true> <Delay = 2.55> <CoreInst = "Cmp">   --->   Core 9 'Cmp' <Latency = 0> <II = 1> <Delay = 2.55> <FuncUnit> <Opcode : 'icmp'> <InPorts = 2> <OutPorts = 1>
ST_1 : Operation 59 [1/1] (0.00ns)   --->   "%trunc_ln46_12 = partselect i16 @_ssdm_op_PartSelect.i16.i32.i32.i32, i32 %data_13_val_read, i32 4, i32 19" [firmware/nnet_utils/nnet_activation.h:46]   --->   Operation 59 'partselect' 'trunc_ln46_12' <Predicate = (icmp_ln45_13)> <Delay = 0.00>
ST_1 : Operation 60 [1/1] (0.80ns)   --->   "%select_ln45_13 = select i1 %icmp_ln45_13, i16 %trunc_ln46_12, i16 0" [firmware/nnet_utils/nnet_activation.h:45]   --->   Operation 60 'select' 'select_ln45_13' <Predicate = true> <Delay = 0.80> <CoreInst = "Sel">   --->   Core 73 'Sel' <Latency = 0> <II = 1> <Delay = 0.80> <FuncUnit> <Opcode : 'select'> <InPorts = 3> <OutPorts = 1>
ST_1 : Operation 61 [1/1] (2.55ns)   --->   "%icmp_ln45_14 = icmp_sgt  i32 %data_14_val_read, i32 0" [firmware/nnet_utils/nnet_activation.h:45]   --->   Operation 61 'icmp' 'icmp_ln45_14' <Predicate = true> <Delay = 2.55> <CoreInst = "Cmp">   --->   Core 9 'Cmp' <Latency = 0> <II = 1> <Delay = 2.55> <FuncUnit> <Opcode : 'icmp'> <InPorts = 2> <OutPorts = 1>
ST_1 : Operation 62 [1/1] (0.00ns)   --->   "%trunc_ln46_13 = partselect i16 @_ssdm_op_PartSelect.i16.i32.i32.i32, i32 %data_14_val_read, i32 4, i32 19" [firmware/nnet_utils/nnet_activation.h:46]   --->   Operation 62 'partselect' 'trunc_ln46_13' <Predicate = (icmp_ln45_14)> <Delay = 0.00>
ST_1 : Operation 63 [1/1] (0.80ns)   --->   "%select_ln45_14 = select i1 %icmp_ln45_14, i16 %trunc_ln46_13, i16 0" [firmware/nnet_utils/nnet_activation.h:45]   --->   Operation 63 'select' 'select_ln45_14' <Predicate = true> <Delay = 0.80> <CoreInst = "Sel">   --->   Core 73 'Sel' <Latency = 0> <II = 1> <Delay = 0.80> <FuncUnit> <Opcode : 'select'> <InPorts = 3> <OutPorts = 1>
ST_1 : Operation 64 [1/1] (2.55ns)   --->   "%icmp_ln45_15 = icmp_sgt  i32 %data_15_val_read, i32 0" [firmware/nnet_utils/nnet_activation.h:45]   --->   Operation 64 'icmp' 'icmp_ln45_15' <Predicate = true> <Delay = 2.55> <CoreInst = "Cmp">   --->   Core 9 'Cmp' <Latency = 0> <II = 1> <Delay = 2.55> <FuncUnit> <Opcode : 'icmp'> <InPorts = 2> <OutPorts = 1>
ST_1 : Operation 65 [1/1] (0.00ns)   --->   "%trunc_ln46_14 = partselect i16 @_ssdm_op_PartSelect.i16.i32.i32.i32, i32 %data_15_val_read, i32 4, i32 19" [firmware/nnet_utils/nnet_activation.h:46]   --->   Operation 65 'partselect' 'trunc_ln46_14' <Predicate = (icmp_ln45_15)> <Delay = 0.00>
ST_1 : Operation 66 [1/1] (0.80ns)   --->   "%select_ln45_15 = select i1 %icmp_ln45_15, i16 %trunc_ln46_14, i16 0" [firmware/nnet_utils/nnet_activation.h:45]   --->   Operation 66 'select' 'select_ln45_15' <Predicate = true> <Delay = 0.80> <CoreInst = "Sel">   --->   Core 73 'Sel' <Latency = 0> <II = 1> <Delay = 0.80> <FuncUnit> <Opcode : 'select'> <InPorts = 3> <OutPorts = 1>
ST_1 : Operation 67 [1/1] (0.00ns)   --->   "%mrv = insertvalue i256 <undef>, i16 %select_ln45" [firmware/nnet_utils/nnet_activation.h:50]   --->   Operation 67 'insertvalue' 'mrv' <Predicate = true> <Delay = 0.00>
ST_1 : Operation 68 [1/1] (0.00ns)   --->   "%mrv_1 = insertvalue i256 %mrv, i16 %select_ln45_1" [firmware/nnet_utils/nnet_activation.h:50]   --->   Operation 68 'insertvalue' 'mrv_1' <Predicate = true> <Delay = 0.00>
ST_1 : Operation 69 [1/1] (0.00ns)   --->   "%mrv_2 = insertvalue i256 %mrv_1, i16 %select_ln45_2" [firmware/nnet_utils/nnet_activation.h:50]   --->   Operation 69 'insertvalue' 'mrv_2' <Predicate = true> <Delay = 0.00>
ST_1 : Operation 70 [1/1] (0.00ns)   --->   "%mrv_3 = insertvalue i256 %mrv_2, i16 %select_ln45_3" [firmware/nnet_utils/nnet_activation.h:50]   --->   Operation 70 'insertvalue' 'mrv_3' <Predicate = true> <Delay = 0.00>
ST_1 : Operation 71 [1/1] (0.00ns)   --->   "%mrv_4 = insertvalue i256 %mrv_3, i16 %select_ln45_4" [firmware/nnet_utils/nnet_activation.h:50]   --->   Operation 71 'insertvalue' 'mrv_4' <Predicate = true> <Delay = 0.00>
ST_1 : Operation 72 [1/1] (0.00ns)   --->   "%mrv_5 = insertvalue i256 %mrv_4, i16 %select_ln45_5" [firmware/nnet_utils/nnet_activation.h:50]   --->   Operation 72 'insertvalue' 'mrv_5' <Predicate = true> <Delay = 0.00>
ST_1 : Operation 73 [1/1] (0.00ns)   --->   "%mrv_6 = insertvalue i256 %mrv_5, i16 %select_ln45_6" [firmware/nnet_utils/nnet_activation.h:50]   --->   Operation 73 'insertvalue' 'mrv_6' <Predicate = true> <Delay = 0.00>
ST_1 : Operation 74 [1/1] (0.00ns)   --->   "%mrv_7 = insertvalue i256 %mrv_6, i16 %select_ln45_7" [firmware/nnet_utils/nnet_activation.h:50]   --->   Operation 74 'insertvalue' 'mrv_7' <Predicate = true> <Delay = 0.00>
ST_1 : Operation 75 [1/1] (0.00ns)   --->   "%mrv_8 = insertvalue i256 %mrv_7, i16 %select_ln45_8" [firmware/nnet_utils/nnet_activation.h:50]   --->   Operation 75 'insertvalue' 'mrv_8' <Predicate = true> <Delay = 0.00>
ST_1 : Operation 76 [1/1] (0.00ns)   --->   "%mrv_9 = insertvalue i256 %mrv_8, i16 %select_ln45_9" [firmware/nnet_utils/nnet_activation.h:50]   --->   Operation 76 'insertvalue' 'mrv_9' <Predicate = true> <Delay = 0.00>
ST_1 : Operation 77 [1/1] (0.00ns)   --->   "%mrv_s = insertvalue i256 %mrv_9, i16 %select_ln45_10" [firmware/nnet_utils/nnet_activation.h:50]   --->   Operation 77 'insertvalue' 'mrv_s' <Predicate = true> <Delay = 0.00>
ST_1 : Operation 78 [1/1] (0.00ns)   --->   "%mrv_10 = insertvalue i256 %mrv_s, i16 %select_ln45_11" [firmware/nnet_utils/nnet_activation.h:50]   --->   Operation 78 'insertvalue' 'mrv_10' <Predicate = true> <Delay = 0.00>
ST_1 : Operation 79 [1/1] (0.00ns)   --->   "%mrv_11 = insertvalue i256 %mrv_10, i16 %select_ln45_12" [firmware/nnet_utils/nnet_activation.h:50]   --->   Operation 79 'insertvalue' 'mrv_11' <Predicate = true> <Delay = 0.00>
ST_1 : Operation 80 [1/1] (0.00ns)   --->   "%mrv_12 = insertvalue i256 %mrv_11, i16 %select_ln45_13" [firmware/nnet_utils/nnet_activation.h:50]   --->   Operation 80 'insertvalue' 'mrv_12' <Predicate = true> <Delay = 0.00>
ST_1 : Operation 81 [1/1] (0.00ns)   --->   "%mrv_13 = insertvalue i256 %mrv_12, i16 %select_ln45_14" [firmware/nnet_utils/nnet_activation.h:50]   --->   Operation 81 'insertvalue' 'mrv_13' <Predicate = true> <Delay = 0.00>
ST_1 : Operation 82 [1/1] (0.00ns)   --->   "%mrv_14 = insertvalue i256 %mrv_13, i16 %select_ln45_15" [firmware/nnet_utils/nnet_activation.h:50]   --->   Operation 82 'insertvalue' 'mrv_14' <Predicate = true> <Delay = 0.00>
ST_1 : Operation 83 [1/1] (0.00ns)   --->   "%ret_ln50 = ret i256 %mrv_14" [firmware/nnet_utils/nnet_activation.h:50]   --->   Operation 83 'ret' 'ret_ln50' <Predicate = true> <Delay = 0.00>


============================================================
+ Verbose Summary: Timing violations
============================================================
Target clock period: 100.000ns, clock uncertainty: 27.000ns.

 <State 1>: 3.357ns
The critical path consists of the following:
	wire read operation ('data_0_val_read', firmware/nnet_utils/nnet_activation.h:42) on port 'data_0_val' (firmware/nnet_utils/nnet_activation.h:42) [33]  (0.000 ns)
	'icmp' operation ('icmp_ln45', firmware/nnet_utils/nnet_activation.h:45) [34]  (2.552 ns)
	'select' operation ('select_ln45', firmware/nnet_utils/nnet_activation.h:45) [36]  (0.805 ns)


============================================================
+ Verbose Summary: Binding
============================================================
N/A
* FSMD analyzer results:
  - Output states:
 - Input state : 
  - Chain level:
	State 1


============================================================
+ Verbose Summary: Datapath Resource usage 
============================================================
N/A
