

================================================================
== Vitis HLS Report for 'sigmoid_ap_fixed_32_18_5_3_0_ap_fixed_16_6_5_3_0_sigmoid_config9_s'
================================================================
* Date:           Sat Nov 15 22:36:14 2025

* Version:        2023.1 (Build 3854077 on May  4 2023)
* Project:        myproject_prj
* Solution:       solution1 (Vivado IP Flow Target)
* Product family: zynq
* Target device:  xc7z020-clg400-1


================================================================
== Performance Estimates
================================================================
+ Timing: 
    * Summary: 
    +--------+---------+-----------+------------+
    |  Clock |  Target | Estimated | Uncertainty|
    +--------+---------+-----------+------------+
    |ap_clk  |  0.10 us|  12.152 ns|    27.00 ns|
    +--------+---------+-----------+------------+

+ Latency: 
    * Summary: 
    +---------+---------+----------+----------+-----+-----+---------+
    |  Latency (cycles) |  Latency (absolute) |  Interval | Pipeline|
    |   min   |   max   |    min   |    max   | min | max |   Type  |
    +---------+---------+----------+----------+-----+-----+---------+
    |        1|        1|  0.100 us|  0.100 us|    1|    1|      yes|
    +---------+---------+----------+----------+-----+-----+---------+

    + Detail: 
        * Instance: 
        N/A

        * Loop: 
        N/A

============================================================
+ Verbose Summary: Synthesis Manager
============================================================
InlineROM: 1
ExposeGlobal: 0
============================================================
+ Verbose Summary: CDFG Model
============================================================
IsTopModel: 0
ResetActiveHigh: 1
IsCombinational: 0
IsDatapathOnly: 0
HasWiredReturn: 1
HasMFsm: 2
HasVarLatency: 0
IsPipeline: 1
IsRtlPipelined: 1
IsInstanceOverlapped: 0
IsDontTouch: 0
HasImplIP: 0
IsGatedGlobalClock: 0

+ Individual pipeline summary: 
  * Pipeline-0: initiation interval (II) = 1, depth = 2


============================================================
+ Verbose Summary: Schedule
============================================================
* Number of FSM states : 2
* Pipeline : 1
  Pipeline-0 : II = 1, D = 2, States = { 1 2 }
* Dataflow Pipeline: 0

* FSM state transitions: 
1 --> 2 
2 --> 

* FSM state operations: 

State 1 <SV = 0> <Delay = 12.1>
ST_1 : Operation 3 [1/1] (0.00ns)   --->   "%data_val_read = read i24 @_ssdm_op_Read.ap_auto.i24, i24 %data_val" [firmware/nnet_utils/nnet_activation.h:98]   --->   Operation 3 'read' 'data_val_read' <Predicate = true> <Delay = 0.00>
ST_1 : Operation 4 [1/1] (0.00ns)   --->   "%shl_ln = bitconcatenate i34 @_ssdm_op_BitConcatenate.i34.i24.i10, i24 %data_val_read, i10 0" [firmware/nnet_utils/nnet_activation.h:115]   --->   Operation 4 'bitconcatenate' 'shl_ln' <Predicate = true> <Delay = 0.00>
ST_1 : Operation 5 [1/1] (0.00ns)   --->   "%tmp = partselect i16 @_ssdm_op_PartSelect.i16.i24.i32.i32, i24 %data_val_read, i32 8, i32 23" [firmware/nnet_utils/nnet_activation.h:115]   --->   Operation 5 'partselect' 'tmp' <Predicate = true> <Delay = 0.00>
ST_1 : Operation 6 [1/1] (0.00ns)   --->   "%sext_ln115 = sext i16 %tmp" [firmware/nnet_utils/nnet_activation.h:115]   --->   Operation 6 'sext' 'sext_ln115' <Predicate = true> <Delay = 0.00>
ST_1 : Operation 7 [1/1] (2.63ns)   --->   "%icmp_ln115 = icmp_slt  i34 %shl_ln, i34 17179869169" [firmware/nnet_utils/nnet_activation.h:115]   --->   Operation 7 'icmp' 'icmp_ln115' <Predicate = true> <Delay = 2.63> <CoreInst = "Cmp">   --->   Core 9 'Cmp' <Latency = 0> <II = 1> <Delay = 2.63> <FuncUnit> <Opcode : 'icmp'> <InPorts = 2> <OutPorts = 1>
ST_1 : Operation 8 [1/1] (0.00ns)   --->   "%trunc_ln115 = trunc i24 %data_val_read" [firmware/nnet_utils/nnet_activation.h:115]   --->   Operation 8 'trunc' 'trunc_ln115' <Predicate = true> <Delay = 0.00>
ST_1 : Operation 9 [1/1] (0.00ns)   --->   "%tmp_1 = bitconcatenate i14 @_ssdm_op_BitConcatenate.i14.i8.i6, i8 %trunc_ln115, i6 0" [firmware/nnet_utils/nnet_activation.h:115]   --->   Operation 9 'bitconcatenate' 'tmp_1' <Predicate = true> <Delay = 0.00>
ST_1 : Operation 10 [1/1] (1.81ns)   --->   "%icmp_ln115_1 = icmp_eq  i14 %tmp_1, i14 0" [firmware/nnet_utils/nnet_activation.h:115]   --->   Operation 10 'icmp' 'icmp_ln115_1' <Predicate = true> <Delay = 1.81> <CoreInst = "Cmp">   --->   Core 9 'Cmp' <Latency = 0> <II = 1> <Delay = 1.81> <FuncUnit> <Opcode : 'icmp'> <InPorts = 2> <OutPorts = 1>
ST_1 : Operation 11 [1/1] (2.07ns)   --->   "%add_ln115 = add i25 %sext_ln115, i25 1" [firmware/nnet_utils/nnet_activation.h:115]   --->   Operation 11 'add' 'add_ln115' <Predicate = true> <Delay = 2.07> <CoreInst = "Adder">   --->   Core 1 'Adder' <Latency = 0> <II = 1> <Delay = 2.07> <FuncUnit> <Opcode : 'add' 'sub'> <InPorts = 2> <OutPorts = 1>
ST_1 : Operation 12 [1/1] (0.00ns) (grouped into LUT with out node data_round)   --->   "%select_ln115 = select i1 %icmp_ln115_1, i25 %sext_ln115, i25 %add_ln115" [firmware/nnet_utils/nnet_activation.h:115]   --->   Operation 12 'select' 'select_ln115' <Predicate = true> <Delay = 0.00> <CoreInst = "Sel">   --->   Core 73 'Sel' <Latency = 0> <II = 1> <Delay = 0.75> <FuncUnit> <Opcode : 'select'> <InPorts = 3> <OutPorts = 1>
ST_1 : Operation 13 [1/1] (0.75ns) (out node of the LUT)   --->   "%data_round = select i1 %icmp_ln115, i25 %select_ln115, i25 %sext_ln115" [firmware/nnet_utils/nnet_activation.h:115]   --->   Operation 13 'select' 'data_round' <Predicate = true> <Delay = 0.75> <CoreInst = "Sel">   --->   Core 73 'Sel' <Latency = 0> <II = 1> <Delay = 0.75> <FuncUnit> <Opcode : 'select'> <InPorts = 3> <OutPorts = 1>
ST_1 : Operation 14 [1/1] (0.00ns)   --->   "%trunc_ln116 = trunc i25 %data_round" [firmware/nnet_utils/nnet_activation.h:116]   --->   Operation 14 'trunc' 'trunc_ln116' <Predicate = true> <Delay = 0.00>
ST_1 : Operation 15 [1/1] (2.13ns)   --->   "%index = add i25 %data_round, i25 512" [firmware/nnet_utils/nnet_activation.h:116]   --->   Operation 15 'add' 'index' <Predicate = true> <Delay = 2.13> <CoreInst = "Adder">   --->   Core 1 'Adder' <Latency = 0> <II = 1> <Delay = 2.13> <FuncUnit> <Opcode : 'add' 'sub'> <InPorts = 2> <OutPorts = 1>
ST_1 : Operation 16 [1/1] (2.31ns)   --->   "%add_ln113 = add i24 %trunc_ln116, i24 512" [firmware/nnet_utils/nnet_activation.h:113]   --->   Operation 16 'add' 'add_ln113' <Predicate = true> <Delay = 2.31> <CoreInst = "Adder">   --->   Core 1 'Adder' <Latency = 0> <II = 1> <Delay = 2.31> <FuncUnit> <Opcode : 'add' 'sub'> <InPorts = 2> <OutPorts = 1>
ST_1 : Operation 17 [1/1] (0.00ns)   --->   "%tmp_2 = bitselect i1 @_ssdm_op_BitSelect.i1.i25.i32, i25 %index, i32 24" [firmware/nnet_utils/nnet_activation.h:117]   --->   Operation 17 'bitselect' 'tmp_2' <Predicate = true> <Delay = 0.00>
ST_1 : Operation 18 [1/1] (0.69ns)   --->   "%index_1 = select i1 %tmp_2, i24 0, i24 %add_ln113" [firmware/nnet_utils/nnet_activation.h:117]   --->   Operation 18 'select' 'index_1' <Predicate = true> <Delay = 0.69> <CoreInst = "Sel">   --->   Core 73 'Sel' <Latency = 0> <II = 1> <Delay = 0.69> <FuncUnit> <Opcode : 'select'> <InPorts = 3> <OutPorts = 1>
ST_1 : Operation 19 [1/1] (0.00ns)   --->   "%trunc_ln113 = trunc i24 %index_1" [firmware/nnet_utils/nnet_activation.h:113]   --->   Operation 19 'trunc' 'trunc_ln113' <Predicate = true> <Delay = 0.00>
ST_1 : Operation 20 [1/1] (0.00ns)   --->   "%tmp_3 = partselect i14 @_ssdm_op_PartSelect.i14.i24.i32.i32, i24 %index_1, i32 10, i32 23" [firmware/nnet_utils/nnet_activation.h:119]   --->   Operation 20 'partselect' 'tmp_3' <Predicate = true> <Delay = 0.00>
ST_1 : Operation 21 [1/1] (1.81ns)   --->   "%icmp_ln119 = icmp_ne  i14 %tmp_3, i14 0" [firmware/nnet_utils/nnet_activation.h:119]   --->   Operation 21 'icmp' 'icmp_ln119' <Predicate = true> <Delay = 1.81> <CoreInst = "Cmp">   --->   Core 9 'Cmp' <Latency = 0> <II = 1> <Delay = 1.81> <FuncUnit> <Opcode : 'icmp'> <InPorts = 2> <OutPorts = 1>
ST_1 : Operation 22 [1/1] (0.68ns)   --->   "%index_2 = select i1 %icmp_ln119, i10 1023, i10 %trunc_ln113" [firmware/nnet_utils/nnet_activation.h:119]   --->   Operation 22 'select' 'index_2' <Predicate = true> <Delay = 0.68> <CoreInst = "Sel">   --->   Core 73 'Sel' <Latency = 0> <II = 1> <Delay = 0.68> <FuncUnit> <Opcode : 'select'> <InPorts = 3> <OutPorts = 1>
ST_1 : Operation 23 [1/1] (0.00ns)   --->   "%zext_ln121 = zext i10 %index_2" [firmware/nnet_utils/nnet_activation.h:121]   --->   Operation 23 'zext' 'zext_ln121' <Predicate = true> <Delay = 0.00>
ST_1 : Operation 24 [1/1] (0.00ns)   --->   "%sigmoid_table_addr = getelementptr i10 %sigmoid_table, i64 0, i64 %zext_ln121" [firmware/nnet_utils/nnet_activation.h:121]   --->   Operation 24 'getelementptr' 'sigmoid_table_addr' <Predicate = true> <Delay = 0.00>
ST_1 : Operation 25 [2/2] (3.25ns)   --->   "%sigmoid_table_load = load i10 %sigmoid_table_addr" [firmware/nnet_utils/nnet_activation.h:121]   --->   Operation 25 'load' 'sigmoid_table_load' <Predicate = true> <Delay = 3.25> <CoreInst = "ROM">   --->   Core 95 'ROM' <Latency = 1> <II = 1> <Delay = 3.25> <Storage> <Opcode : 'load'> <Ports = 0> <Width = 10> <Depth = 1024> <ROM>

State 2 <SV = 1> <Delay = 3.25>
ST_2 : Operation 26 [1/1] (0.00ns)   --->   "%specpipeline_ln98 = specpipeline void @_ssdm_op_SpecPipeline, i32 4294967295, i32 0, i32 0, i32 0, void @empty_0" [firmware/nnet_utils/nnet_activation.h:98]   --->   Operation 26 'specpipeline' 'specpipeline_ln98' <Predicate = true> <Delay = 0.00>
ST_2 : Operation 27 [1/2] (3.25ns)   --->   "%sigmoid_table_load = load i10 %sigmoid_table_addr" [firmware/nnet_utils/nnet_activation.h:121]   --->   Operation 27 'load' 'sigmoid_table_load' <Predicate = true> <Delay = 3.25> <CoreInst = "ROM">   --->   Core 95 'ROM' <Latency = 1> <II = 1> <Delay = 3.25> <Storage> <Opcode : 'load'> <Ports = 0> <Width = 10> <Depth = 1024> <ROM>
ST_2 : Operation 28 [1/1] (0.00ns)   --->   "%ret_ln123 = ret i10 %sigmoid_table_load" [firmware/nnet_utils/nnet_activation.h:123]   --->   Operation 28 'ret' 'ret_ln123' <Predicate = true> <Delay = 0.00>


============================================================
+ Verbose Summary: Binding
============================================================
STG Binding: 
---------------- STG Properties BEGIN ----------------
- Is combinational: 0
- Is one-state seq: 0
- Is datapath-only: 0
- Is pipelined: 1
- Is top level: 0
Port [ Return ] is wired: 1; IO mode=ap_ctrl_hs:ce=0
Port [ data_val]:  wired=1; compound=0; hidden=0; nouse=0; global=0; static=0; extern=0; dir=0; type=0; pingpong=0; private_global=0; IO mode=ap_none:ce=0
Port [ sigmoid_table]:  wired=0; compound=1; hidden=1; nouse=0; global=1; static=1; extern=0; dir=0; type=1; pingpong=0; private_global=1; MemPort=[1]; IO mode=ap_memory:ce=0
---------------- STG Properties END ------------------

---------------- Datapath Model BEGIN ----------------

<LifeTime>
<method=bitvector/>
data_val_read      (read          ) [ 000]
shl_ln             (bitconcatenate) [ 000]
tmp                (partselect    ) [ 000]
sext_ln115         (sext          ) [ 000]
icmp_ln115         (icmp          ) [ 000]
trunc_ln115        (trunc         ) [ 000]
tmp_1              (bitconcatenate) [ 000]
icmp_ln115_1       (icmp          ) [ 000]
add_ln115          (add           ) [ 000]
select_ln115       (select        ) [ 000]
data_round         (select        ) [ 000]
trunc_ln116        (trunc         ) [ 000]
index              (add           ) [ 000]
add_ln113          (add           ) [ 000]
tmp_2              (bitselect     ) [ 000]
index_1            (select        ) [ 000]
trunc_ln113        (trunc         ) [ 000]
tmp_3              (partselect    ) [ 000]
icmp_ln119         (icmp          ) [ 000]
index_2            (select        ) [ 000]
zext_ln121         (zext          ) [ 000]
sigmoid_table_addr (getelementptr ) [ 011]
specpipeline_ln98  (specpipeline  ) [ 000]
sigmoid_table_load (load          ) [ 000]
ret_ln123          (ret           ) [ 000]
</LifeTime>

<model>

<comp_list>
<comp id="0" class="1000" name="data_val">
<pin_list>
<pin id="1" dir="1" index="0" bw="1" slack="0"/>
</pin_list>
<bind>
<StgValue><ssdm name="data_val"/></StgValue>
</bind>
</comp>

<comp id="2" class="1000" name="sigmoid_table">
<pin_list>
<pin id="3" dir="1" index="0" bw="1" slack="0"/>
</pin_list>
<bind>
<StgValue><ssdm name="sigmoid_table"/><MemPortTyVec>1 </MemPortTyVec>
</StgValue>
</bind>
</comp>

<comp id="4" class="1001" name="const_4">
<pin_list>
<pin id="5" dir="1" index="0" bw="1" slack="0"/>
</pin_list>
<bind>
<StgValue><ssdm name="_ssdm_op_Read.ap_auto.i24"/></StgValue>
</bind>
</comp>

<comp id="6" class="1001" name="const_6">
<pin_list>
<pin id="7" dir="1" index="0" bw="1" slack="0"/>
</pin_list>
<bind>
<StgValue><ssdm name="_ssdm_op_BitConcatenate.i34.i24.i10"/></StgValue>
</bind>
</comp>

<comp id="8" class="1001" name="const_8">
<pin_list>
<pin id="9" dir="1" index="0" bw="1" slack="0"/>
</pin_list>
<bind>
<StgValue><ssdm name=""/></StgValue>
</bind>
</comp>

<comp id="10" class="1001" name="const_10">
<pin_list>
<pin id="11" dir="1" index="0" bw="1" slack="0"/>
</pin_list>
<bind>
<StgValue><ssdm name="_ssdm_op_PartSelect.i16.i24.i32.i32"/></StgValue>
</bind>
</comp>

<comp id="12" class="1001" name="const_12">
<pin_list>
<pin id="13" dir="1" index="0" bw="1" slack="0"/>
</pin_list>
<bind>
<StgValue><ssdm name=""/></StgValue>
</bind>
</comp>

<comp id="14" class="1001" name="const_14">
<pin_list>
<pin id="15" dir="1" index="0" bw="1" slack="0"/>
</pin_list>
<bind>
<StgValue><ssdm name=""/></StgValue>
</bind>
</comp>

<comp id="16" class="1001" name="const_16">
<pin_list>
<pin id="17" dir="1" index="0" bw="1" slack="0"/>
</pin_list>
<bind>
<StgValue><ssdm name=""/></StgValue>
</bind>
</comp>

<comp id="18" class="1001" name="const_18">
<pin_list>
<pin id="19" dir="1" index="0" bw="1" slack="0"/>
</pin_list>
<bind>
<StgValue><ssdm name="_ssdm_op_BitConcatenate.i14.i8.i6"/></StgValue>
</bind>
</comp>

<comp id="20" class="1001" name="const_20">
<pin_list>
<pin id="21" dir="1" index="0" bw="1" slack="0"/>
</pin_list>
<bind>
<StgValue><ssdm name=""/></StgValue>
</bind>
</comp>

<comp id="22" class="1001" name="const_22">
<pin_list>
<pin id="23" dir="1" index="0" bw="1" slack="0"/>
</pin_list>
<bind>
<StgValue><ssdm name=""/></StgValue>
</bind>
</comp>

<comp id="24" class="1001" name="const_24">
<pin_list>
<pin id="25" dir="1" index="0" bw="1" slack="0"/>
</pin_list>
<bind>
<StgValue><ssdm name=""/></StgValue>
</bind>
</comp>

<comp id="26" class="1001" name="const_26">
<pin_list>
<pin id="27" dir="1" index="0" bw="1" slack="0"/>
</pin_list>
<bind>
<StgValue><ssdm name=""/></StgValue>
</bind>
</comp>

<comp id="28" class="1001" name="const_28">
<pin_list>
<pin id="29" dir="1" index="0" bw="1" slack="0"/>
</pin_list>
<bind>
<StgValue><ssdm name=""/></StgValue>
</bind>
</comp>

<comp id="30" class="1001" name="const_30">
<pin_list>
<pin id="31" dir="1" index="0" bw="1" slack="0"/>
</pin_list>
<bind>
<StgValue><ssdm name="_ssdm_op_BitSelect.i1.i25.i32"/></StgValue>
</bind>
</comp>

<comp id="32" class="1001" name="const_32">
<pin_list>
<pin id="33" dir="1" index="0" bw="1" slack="0"/>
</pin_list>
<bind>
<StgValue><ssdm name=""/></StgValue>
</bind>
</comp>

<comp id="34" class="1001" name="const_34">
<pin_list>
<pin id="35" dir="1" index="0" bw="1" slack="0"/>
</pin_list>
<bind>
<StgValue><ssdm name=""/></StgValue>
</bind>
</comp>

<comp id="36" class="1001" name="const_36">
<pin_list>
<pin id="37" dir="1" index="0" bw="1" slack="0"/>
</pin_list>
<bind>
<StgValue><ssdm name="_ssdm_op_PartSelect.i14.i24.i32.i32"/></StgValue>
</bind>
</comp>

<comp id="38" class="1001" name="const_38">
<pin_list>
<pin id="39" dir="1" index="0" bw="1" slack="0"/>
</pin_list>
<bind>
<StgValue><ssdm name=""/></StgValue>
</bind>
</comp>

<comp id="40" class="1001" name="const_40">
<pin_list>
<pin id="41" dir="1" index="0" bw="1" slack="0"/>
</pin_list>
<bind>
<StgValue><ssdm name=""/></StgValue>
</bind>
</comp>

<comp id="42" class="1001" name="const_42">
<pin_list>
<pin id="43" dir="1" index="0" bw="1" slack="0"/>
</pin_list>
<bind>
<StgValue><ssdm name=""/></StgValue>
</bind>
</comp>

<comp id="44" class="1001" name="const_44">
<pin_list>
<pin id="45" dir="1" index="0" bw="1" slack="2147483647"/>
</pin_list>
<bind>
<StgValue><ssdm name="_ssdm_op_SpecPipeline"/></StgValue>
</bind>
</comp>

<comp id="46" class="1001" name="const_46">
<pin_list>
<pin id="47" dir="1" index="0" bw="1" slack="2147483647"/>
</pin_list>
<bind>
<StgValue><ssdm name=""/></StgValue>
</bind>
</comp>

<comp id="48" class="1001" name="const_48">
<pin_list>
<pin id="49" dir="1" index="0" bw="1" slack="2147483647"/>
</pin_list>
<bind>
<StgValue><ssdm name=""/></StgValue>
</bind>
</comp>

<comp id="50" class="1001" name="const_50">
<pin_list>
<pin id="51" dir="1" index="0" bw="1" slack="2147483647"/>
</pin_list>
<bind>
<StgValue><ssdm name="empty_0"/></StgValue>
</bind>
</comp>

<comp id="52" class="1004" name="data_val_read_read_fu_52">
<pin_list>
<pin id="53" dir="0" index="0" bw="24" slack="0"/>
<pin id="54" dir="0" index="1" bw="24" slack="0"/>
<pin id="55" dir="1" index="2" bw="24" slack="0"/>
</pin_list>
<bind>
<opcode="read(1150) " fcode="read"/>
<opset="data_val_read/1 "/>
</bind>
</comp>

<comp id="58" class="1004" name="sigmoid_table_addr_gep_fu_58">
<pin_list>
<pin id="59" dir="0" index="0" bw="10" slack="0"/>
<pin id="60" dir="0" index="1" bw="1" slack="0"/>
<pin id="61" dir="0" index="2" bw="10" slack="0"/>
<pin id="62" dir="1" index="3" bw="10" slack="0"/>
</pin_list>
<bind>
<opcode="getelementptr(29) " fcode="getelementptr"/>
<opset="sigmoid_table_addr/1 "/>
</bind>
</comp>

<comp id="65" class="1004" name="grp_access_fu_65">
<pin_list>
<pin id="66" dir="0" index="0" bw="10" slack="0"/>
<pin id="67" dir="0" index="1" bw="10" slack="2147483647"/>
<pin id="68" dir="0" index="2" bw="0" slack="2147483647"/>
<pin id="69" dir="1" index="3" bw="10" slack="2147483647"/>
</pin_list>
<bind>
<opcode="load(27) " fcode="load"/>
<opset="sigmoid_table_load/1 "/>
</bind>
</comp>

<comp id="71" class="1004" name="shl_ln_fu_71">
<pin_list>
<pin id="72" dir="0" index="0" bw="34" slack="0"/>
<pin id="73" dir="0" index="1" bw="24" slack="0"/>
<pin id="74" dir="0" index="2" bw="1" slack="0"/>
<pin id="75" dir="1" index="3" bw="34" slack="0"/>
</pin_list>
<bind>
<opcode="bitconcatenate(1004) " fcode="bitconcatenate"/>
<opset="shl_ln/1 "/>
</bind>
</comp>

<comp id="79" class="1004" name="tmp_fu_79">
<pin_list>
<pin id="80" dir="0" index="0" bw="16" slack="0"/>
<pin id="81" dir="0" index="1" bw="24" slack="0"/>
<pin id="82" dir="0" index="2" bw="5" slack="0"/>
<pin id="83" dir="0" index="3" bw="6" slack="0"/>
<pin id="84" dir="1" index="4" bw="16" slack="0"/>
</pin_list>
<bind>
<opcode="partselect(1002) " fcode="partselect"/>
<opset="tmp/1 "/>
</bind>
</comp>

<comp id="89" class="1004" name="sext_ln115_fu_89">
<pin_list>
<pin id="90" dir="0" index="0" bw="16" slack="0"/>
<pin id="91" dir="1" index="1" bw="25" slack="0"/>
</pin_list>
<bind>
<opcode="sext(35) " fcode="sext"/>
<opset="sext_ln115/1 "/>
</bind>
</comp>

<comp id="93" class="1004" name="icmp_ln115_fu_93">
<pin_list>
<pin id="94" dir="0" index="0" bw="34" slack="0"/>
<pin id="95" dir="0" index="1" bw="5" slack="0"/>
<pin id="96" dir="1" index="2" bw="1" slack="0"/>
</pin_list>
<bind>
<opcode="icmp(45) " fcode="icmp"/>
<opset="icmp_ln115/1 "/>
</bind>
</comp>

<comp id="99" class="1004" name="trunc_ln115_fu_99">
<pin_list>
<pin id="100" dir="0" index="0" bw="24" slack="0"/>
<pin id="101" dir="1" index="1" bw="8" slack="0"/>
</pin_list>
<bind>
<opcode="trunc(33) " fcode="trunc"/>
<opset="trunc_ln115/1 "/>
</bind>
</comp>

<comp id="103" class="1004" name="tmp_1_fu_103">
<pin_list>
<pin id="104" dir="0" index="0" bw="14" slack="0"/>
<pin id="105" dir="0" index="1" bw="8" slack="0"/>
<pin id="106" dir="0" index="2" bw="1" slack="0"/>
<pin id="107" dir="1" index="3" bw="14" slack="0"/>
</pin_list>
<bind>
<opcode="bitconcatenate(1004) " fcode="bitconcatenate"/>
<opset="tmp_1/1 "/>
</bind>
</comp>

<comp id="111" class="1004" name="icmp_ln115_1_fu_111">
<pin_list>
<pin id="112" dir="0" index="0" bw="14" slack="0"/>
<pin id="113" dir="0" index="1" bw="1" slack="0"/>
<pin id="114" dir="1" index="2" bw="1" slack="0"/>
</pin_list>
<bind>
<opcode="icmp(45) " fcode="icmp"/>
<opset="icmp_ln115_1/1 "/>
</bind>
</comp>

<comp id="117" class="1004" name="add_ln115_fu_117">
<pin_list>
<pin id="118" dir="0" index="0" bw="16" slack="0"/>
<pin id="119" dir="0" index="1" bw="1" slack="0"/>
<pin id="120" dir="1" index="2" bw="25" slack="0"/>
</pin_list>
<bind>
<opcode="add(8) " fcode="add"/>
<opset="add_ln115/1 "/>
</bind>
</comp>

<comp id="123" class="1004" name="select_ln115_fu_123">
<pin_list>
<pin id="124" dir="0" index="0" bw="1" slack="0"/>
<pin id="125" dir="0" index="1" bw="16" slack="0"/>
<pin id="126" dir="0" index="2" bw="18" slack="0"/>
<pin id="127" dir="1" index="3" bw="25" slack="0"/>
</pin_list>
<bind>
<opcode="select(49) " fcode="select"/>
<opset="select_ln115/1 "/>
</bind>
</comp>

<comp id="131" class="1004" name="data_round_fu_131">
<pin_list>
<pin id="132" dir="0" index="0" bw="1" slack="0"/>
<pin id="133" dir="0" index="1" bw="18" slack="0"/>
<pin id="134" dir="0" index="2" bw="16" slack="0"/>
<pin id="135" dir="1" index="3" bw="25" slack="0"/>
</pin_list>
<bind>
<opcode="select(49) " fcode="select"/>
<opset="data_round/1 "/>
</bind>
</comp>

<comp id="139" class="1004" name="trunc_ln116_fu_139">
<pin_list>
<pin id="140" dir="0" index="0" bw="18" slack="0"/>
<pin id="141" dir="1" index="1" bw="24" slack="0"/>
</pin_list>
<bind>
<opcode="trunc(33) " fcode="trunc"/>
<opset="trunc_ln116/1 "/>
</bind>
</comp>

<comp id="143" class="1004" name="index_fu_143">
<pin_list>
<pin id="144" dir="0" index="0" bw="18" slack="0"/>
<pin id="145" dir="0" index="1" bw="11" slack="0"/>
<pin id="146" dir="1" index="2" bw="25" slack="0"/>
</pin_list>
<bind>
<opcode="add(8) " fcode="add"/>
<opset="index/1 "/>
</bind>
</comp>

<comp id="149" class="1004" name="add_ln113_fu_149">
<pin_list>
<pin id="150" dir="0" index="0" bw="24" slack="0"/>
<pin id="151" dir="0" index="1" bw="11" slack="0"/>
<pin id="152" dir="1" index="2" bw="24" slack="0"/>
</pin_list>
<bind>
<opcode="add(8) " fcode="add"/>
<opset="add_ln113/1 "/>
</bind>
</comp>

<comp id="155" class="1004" name="tmp_2_fu_155">
<pin_list>
<pin id="156" dir="0" index="0" bw="1" slack="0"/>
<pin id="157" dir="0" index="1" bw="19" slack="0"/>
<pin id="158" dir="0" index="2" bw="6" slack="0"/>
<pin id="159" dir="1" index="3" bw="1" slack="0"/>
</pin_list>
<bind>
<opcode="bitselect(1000) " fcode="bitselect"/>
<opset="tmp_2/1 "/>
</bind>
</comp>

<comp id="163" class="1004" name="index_1_fu_163">
<pin_list>
<pin id="164" dir="0" index="0" bw="1" slack="0"/>
<pin id="165" dir="0" index="1" bw="1" slack="0"/>
<pin id="166" dir="0" index="2" bw="24" slack="0"/>
<pin id="167" dir="1" index="3" bw="24" slack="0"/>
</pin_list>
<bind>
<opcode="select(49) " fcode="select"/>
<opset="index_1/1 "/>
</bind>
</comp>

<comp id="171" class="1004" name="trunc_ln113_fu_171">
<pin_list>
<pin id="172" dir="0" index="0" bw="24" slack="0"/>
<pin id="173" dir="1" index="1" bw="10" slack="0"/>
</pin_list>
<bind>
<opcode="trunc(33) " fcode="trunc"/>
<opset="trunc_ln113/1 "/>
</bind>
</comp>

<comp id="175" class="1004" name="tmp_3_fu_175">
<pin_list>
<pin id="176" dir="0" index="0" bw="14" slack="0"/>
<pin id="177" dir="0" index="1" bw="24" slack="0"/>
<pin id="178" dir="0" index="2" bw="5" slack="0"/>
<pin id="179" dir="0" index="3" bw="6" slack="0"/>
<pin id="180" dir="1" index="4" bw="14" slack="0"/>
</pin_list>
<bind>
<opcode="partselect(1002) " fcode="partselect"/>
<opset="tmp_3/1 "/>
</bind>
</comp>

<comp id="185" class="1004" name="icmp_ln119_fu_185">
<pin_list>
<pin id="186" dir="0" index="0" bw="14" slack="0"/>
<pin id="187" dir="0" index="1" bw="1" slack="0"/>
<pin id="188" dir="1" index="2" bw="1" slack="0"/>
</pin_list>
<bind>
<opcode="icmp(45) " fcode="icmp"/>
<opset="icmp_ln119/1 "/>
</bind>
</comp>

<comp id="191" class="1004" name="index_2_fu_191">
<pin_list>
<pin id="192" dir="0" index="0" bw="1" slack="0"/>
<pin id="193" dir="0" index="1" bw="1" slack="0"/>
<pin id="194" dir="0" index="2" bw="10" slack="0"/>
<pin id="195" dir="1" index="3" bw="10" slack="0"/>
</pin_list>
<bind>
<opcode="select(49) " fcode="select"/>
<opset="index_2/1 "/>
</bind>
</comp>

<comp id="199" class="1004" name="zext_ln121_fu_199">
<pin_list>
<pin id="200" dir="0" index="0" bw="10" slack="0"/>
<pin id="201" dir="1" index="1" bw="64" slack="0"/>
</pin_list>
<bind>
<opcode="zext(34) " fcode="zext"/>
<opset="zext_ln121/1 "/>
</bind>
</comp>

<comp id="204" class="1005" name="sigmoid_table_addr_reg_204">
<pin_list>
<pin id="205" dir="0" index="0" bw="10" slack="1"/>
<pin id="206" dir="1" index="1" bw="10" slack="1"/>
</pin_list>
<bind>
<opset="sigmoid_table_addr "/>
</bind>
</comp>

</comp_list>

<net_list>
<net id="56"><net_src comp="4" pin="0"/><net_sink comp="52" pin=0"/></net>

<net id="57"><net_src comp="0" pin="0"/><net_sink comp="52" pin=1"/></net>

<net id="63"><net_src comp="2" pin="0"/><net_sink comp="58" pin=0"/></net>

<net id="64"><net_src comp="42" pin="0"/><net_sink comp="58" pin=1"/></net>

<net id="70"><net_src comp="58" pin="3"/><net_sink comp="65" pin=0"/></net>

<net id="76"><net_src comp="6" pin="0"/><net_sink comp="71" pin=0"/></net>

<net id="77"><net_src comp="52" pin="2"/><net_sink comp="71" pin=1"/></net>

<net id="78"><net_src comp="8" pin="0"/><net_sink comp="71" pin=2"/></net>

<net id="85"><net_src comp="10" pin="0"/><net_sink comp="79" pin=0"/></net>

<net id="86"><net_src comp="52" pin="2"/><net_sink comp="79" pin=1"/></net>

<net id="87"><net_src comp="12" pin="0"/><net_sink comp="79" pin=2"/></net>

<net id="88"><net_src comp="14" pin="0"/><net_sink comp="79" pin=3"/></net>

<net id="92"><net_src comp="79" pin="4"/><net_sink comp="89" pin=0"/></net>

<net id="97"><net_src comp="71" pin="3"/><net_sink comp="93" pin=0"/></net>

<net id="98"><net_src comp="16" pin="0"/><net_sink comp="93" pin=1"/></net>

<net id="102"><net_src comp="52" pin="2"/><net_sink comp="99" pin=0"/></net>

<net id="108"><net_src comp="18" pin="0"/><net_sink comp="103" pin=0"/></net>

<net id="109"><net_src comp="99" pin="1"/><net_sink comp="103" pin=1"/></net>

<net id="110"><net_src comp="20" pin="0"/><net_sink comp="103" pin=2"/></net>

<net id="115"><net_src comp="103" pin="3"/><net_sink comp="111" pin=0"/></net>

<net id="116"><net_src comp="22" pin="0"/><net_sink comp="111" pin=1"/></net>

<net id="121"><net_src comp="89" pin="1"/><net_sink comp="117" pin=0"/></net>

<net id="122"><net_src comp="24" pin="0"/><net_sink comp="117" pin=1"/></net>

<net id="128"><net_src comp="111" pin="2"/><net_sink comp="123" pin=0"/></net>

<net id="129"><net_src comp="89" pin="1"/><net_sink comp="123" pin=1"/></net>

<net id="130"><net_src comp="117" pin="2"/><net_sink comp="123" pin=2"/></net>

<net id="136"><net_src comp="93" pin="2"/><net_sink comp="131" pin=0"/></net>

<net id="137"><net_src comp="123" pin="3"/><net_sink comp="131" pin=1"/></net>

<net id="138"><net_src comp="89" pin="1"/><net_sink comp="131" pin=2"/></net>

<net id="142"><net_src comp="131" pin="3"/><net_sink comp="139" pin=0"/></net>

<net id="147"><net_src comp="131" pin="3"/><net_sink comp="143" pin=0"/></net>

<net id="148"><net_src comp="26" pin="0"/><net_sink comp="143" pin=1"/></net>

<net id="153"><net_src comp="139" pin="1"/><net_sink comp="149" pin=0"/></net>

<net id="154"><net_src comp="28" pin="0"/><net_sink comp="149" pin=1"/></net>

<net id="160"><net_src comp="30" pin="0"/><net_sink comp="155" pin=0"/></net>

<net id="161"><net_src comp="143" pin="2"/><net_sink comp="155" pin=1"/></net>

<net id="162"><net_src comp="32" pin="0"/><net_sink comp="155" pin=2"/></net>

<net id="168"><net_src comp="155" pin="3"/><net_sink comp="163" pin=0"/></net>

<net id="169"><net_src comp="34" pin="0"/><net_sink comp="163" pin=1"/></net>

<net id="170"><net_src comp="149" pin="2"/><net_sink comp="163" pin=2"/></net>

<net id="174"><net_src comp="163" pin="3"/><net_sink comp="171" pin=0"/></net>

<net id="181"><net_src comp="36" pin="0"/><net_sink comp="175" pin=0"/></net>

<net id="182"><net_src comp="163" pin="3"/><net_sink comp="175" pin=1"/></net>

<net id="183"><net_src comp="38" pin="0"/><net_sink comp="175" pin=2"/></net>

<net id="184"><net_src comp="14" pin="0"/><net_sink comp="175" pin=3"/></net>

<net id="189"><net_src comp="175" pin="4"/><net_sink comp="185" pin=0"/></net>

<net id="190"><net_src comp="22" pin="0"/><net_sink comp="185" pin=1"/></net>

<net id="196"><net_src comp="185" pin="2"/><net_sink comp="191" pin=0"/></net>

<net id="197"><net_src comp="40" pin="0"/><net_sink comp="191" pin=1"/></net>

<net id="198"><net_src comp="171" pin="1"/><net_sink comp="191" pin=2"/></net>

<net id="202"><net_src comp="191" pin="3"/><net_sink comp="199" pin=0"/></net>

<net id="203"><net_src comp="199" pin="1"/><net_sink comp="58" pin=2"/></net>

<net id="207"><net_src comp="58" pin="3"/><net_sink comp="204" pin=0"/></net>

<net id="208"><net_src comp="204" pin="1"/><net_sink comp="65" pin=0"/></net>

</net_list>

</model> 
---------------- Datapath Model END ------------------

* FSMD analyzer results:
  - Output states:
 - Input state : 
	Port: sigmoid<ap_fixed<32, 18, 5, 3, 0>, ap_fixed<16, 6, 5, 3, 0>, sigmoid_config9> : data_val | {1 }
	Port: sigmoid<ap_fixed<32, 18, 5, 3, 0>, ap_fixed<16, 6, 5, 3, 0>, sigmoid_config9> : sigmoid_table | {1 2 }
  - Chain level:
	State 1
		sext_ln115 : 1
		icmp_ln115 : 1
		tmp_1 : 1
		icmp_ln115_1 : 2
		add_ln115 : 2
		select_ln115 : 3
		data_round : 4
		trunc_ln116 : 5
		index : 5
		add_ln113 : 6
		tmp_2 : 6
		index_1 : 7
		trunc_ln113 : 8
		tmp_3 : 8
		icmp_ln119 : 9
		index_2 : 10
		zext_ln121 : 11
		sigmoid_table_addr : 12
		sigmoid_table_load : 13
	State 2
		ret_ln123 : 1


============================================================
+ Verbose Summary: Datapath Resource usage 
============================================================

* Functional unit list:
|----------|--------------------------|---------|---------|
| Operation|      Functional Unit     |    FF   |   LUT   |
|----------|--------------------------|---------|---------|
|          |     add_ln115_fu_117     |    0    |    23   |
|    add   |       index_fu_143       |    0    |    25   |
|          |     add_ln113_fu_149     |    0    |    31   |
|----------|--------------------------|---------|---------|
|          |     icmp_ln115_fu_93     |    0    |    41   |
|   icmp   |    icmp_ln115_1_fu_111   |    0    |    17   |
|          |     icmp_ln119_fu_185    |    0    |    17   |
|----------|--------------------------|---------|---------|
|          |    select_ln115_fu_123   |    0    |    18   |
|  select  |     data_round_fu_131    |    0    |    18   |
|          |      index_1_fu_163      |    0    |    24   |
|          |      index_2_fu_191      |    0    |    10   |
|----------|--------------------------|---------|---------|
|   read   | data_val_read_read_fu_52 |    0    |    0    |
|----------|--------------------------|---------|---------|
|bitconcatenate|       shl_ln_fu_71       |    0    |    0    |
|          |       tmp_1_fu_103       |    0    |    0    |
|----------|--------------------------|---------|---------|
|partselect|         tmp_fu_79        |    0    |    0    |
|          |       tmp_3_fu_175       |    0    |    0    |
|----------|--------------------------|---------|---------|
|   sext   |     sext_ln115_fu_89     |    0    |    0    |
|----------|--------------------------|---------|---------|
|          |     trunc_ln115_fu_99    |    0    |    0    |
|   trunc  |    trunc_ln116_fu_139    |    0    |    0    |
|          |    trunc_ln113_fu_171    |    0    |    0    |
|----------|--------------------------|---------|---------|
| bitselect|       tmp_2_fu_155       |    0    |    0    |
|----------|--------------------------|---------|---------|
|   zext   |     zext_ln121_fu_199    |    0    |    0    |
|----------|--------------------------|---------|---------|
|   Total  |                          |    0    |   224   |
|----------|--------------------------|---------|---------|

Memories:
N/A

* Register list:
+--------------------------+--------+
|                          |   FF   |
+--------------------------+--------+
|sigmoid_table_addr_reg_204|   10   |
+--------------------------+--------+
|           Total          |   10   |
+--------------------------+--------+

* Multiplexer (MUX) list: 
|------------------|------|------|------|--------||---------||---------|
|       Comp       |  Pin | Size |  BW  | S x BW ||  Delay  ||   LUT   |
|------------------|------|------|------|--------||---------||---------|
| grp_access_fu_65 |  p0  |   2  |  10  |   20   ||    9    |
|------------------|------|------|------|--------||---------||---------|
|       Total      |      |      |      |   20   ||  1.588  ||    9    |
|------------------|------|------|------|--------||---------||---------|



* Summary:
+-----------+--------+--------+--------+
|           |  Delay |   FF   |   LUT  |
+-----------+--------+--------+--------+
|  Function |    -   |    0   |   224  |
|   Memory  |    -   |    -   |    -   |
|Multiplexer|    1   |    -   |    9   |
|  Register |    -   |   10   |    -   |
+-----------+--------+--------+--------+
|   Total   |    1   |   10   |   233  |
+-----------+--------+--------+--------+
